Component: ARM Compiler 5.06 update 6 (build 750) Tool: armlink [4d35ed]

==============================================================================

Section Cross References

    main.o(i.advertising_start) refers to nrf_log_frontend.o(i.nrf_log_frontend_std_0) for nrf_log_frontend_std_0
    main.o(i.advertising_start) refers to peer_manager.o(i.pm_peers_delete) for pm_peers_delete
    main.o(i.advertising_start) refers to app_error.o(i.app_error_handler_bare) for app_error_handler_bare
    main.o(i.advertising_start) refers to ble_advertising.o(i.ble_advertising_start) for ble_advertising_start
    main.o(i.advertising_start) refers to nrf_log_frontend.o(log_const_data) for m_nrf_log_app_logs_data_const
    main.o(i.advertising_start) refers to main.o(.bss) for .bss
    main.o(i.assert_nrf_callback) refers to app_error_handler_keil.o(.emb_text) for app_error_handler
    main.o(i.ble_dfu_evt_handler) refers to nrf_log_frontend.o(i.nrf_log_frontend_std_0) for nrf_log_frontend_std_0
    main.o(i.ble_dfu_evt_handler) refers to memseta.o(.text) for __aeabi_memclr4
    main.o(i.ble_dfu_evt_handler) refers to ble_advertising.o(i.ble_advertising_modes_config_set) for ble_advertising_modes_config_set
    main.o(i.ble_dfu_evt_handler) refers to ble_conn_state.o(i.ble_conn_state_for_each_connected) for ble_conn_state_for_each_connected
    main.o(i.ble_dfu_evt_handler) refers to nrf_log_frontend.o(i.nrf_log_frontend_std_1) for nrf_log_frontend_std_1
    main.o(i.ble_dfu_evt_handler) refers to nrf_log_frontend.o(log_const_data) for m_nrf_log_app_logs_data_const
    main.o(i.ble_dfu_evt_handler) refers to main.o(.bss) for .bss
    main.o(i.ble_dfu_evt_handler) refers to main.o(i.disconnect) for disconnect
    main.o(i.ble_evt_handler) refers to nrf_log_frontend.o(i.nrf_log_frontend_std_0) for nrf_log_frontend_std_0
    main.o(i.ble_evt_handler) refers to bsp.o(i.bsp_indication_set) for bsp_indication_set
    main.o(i.ble_evt_handler) refers to app_error.o(i.app_error_handler_bare) for app_error_handler_bare
    main.o(i.ble_evt_handler) refers to nrf_ble_qwr.o(i.nrf_ble_qwr_conn_handle_assign) for nrf_ble_qwr_conn_handle_assign
    main.o(i.ble_evt_handler) refers to nrf_log_frontend.o(log_const_data) for m_nrf_log_app_logs_data_const
    main.o(i.ble_evt_handler) refers to main.o(.data) for .data
    main.o(i.ble_evt_handler) refers to main.o(.bss) for .bss
    main.o(i.bsp_event_handler) refers to nrf_log_frontend.o(i.nrf_log_frontend_std_0) for nrf_log_frontend_std_0
    main.o(i.bsp_event_handler) refers to main.o(i.sleep_mode_enter) for sleep_mode_enter
    main.o(i.bsp_event_handler) refers to app_error.o(i.app_error_handler_bare) for app_error_handler_bare
    main.o(i.bsp_event_handler) refers to ble_advertising.o(i.ble_advertising_restart_without_whitelist) for ble_advertising_restart_without_whitelist
    main.o(i.bsp_event_handler) refers to main.o(.data) for .data
    main.o(i.bsp_event_handler) refers to nrf_log_frontend.o(log_const_data) for m_nrf_log_app_logs_data_const
    main.o(i.bsp_event_handler) refers to main.o(.bss) for .bss
    main.o(i.conn_params_error_handler) refers to app_error.o(i.app_error_handler_bare) for app_error_handler_bare
    main.o(i.disconnect) refers to nrf_log_frontend.o(i.nrf_log_frontend_std_2) for nrf_log_frontend_std_2
    main.o(i.disconnect) refers to nrf_log_frontend.o(i.nrf_log_frontend_std_1) for nrf_log_frontend_std_1
    main.o(i.disconnect) refers to nrf_log_frontend.o(log_const_data) for m_nrf_log_app_logs_data_const
    main.o(i.disconnect) refers to main.o(.conststring) for .conststring
    main.o(i.main) refers to nrf_log_frontend.o(i.nrf_log_init) for nrf_log_init
    main.o(i.main) refers to app_error.o(i.app_error_handler_bare) for app_error_handler_bare
    main.o(i.main) refers to nrf_log_default_backends.o(i.nrf_log_default_backends_init) for nrf_log_default_backends_init
    main.o(i.main) refers to app_timer2.o(i.app_timer_init) for app_timer_init
    main.o(i.main) refers to app_timer2.o(i.app_timer_create) for app_timer_create
    main.o(i.main) refers to bsp.o(i.bsp_init) for bsp_init
    main.o(i.main) refers to bsp_btn_ble.o(i.bsp_btn_ble_init) for bsp_btn_ble_init
    main.o(i.main) refers to nrf_pwr_mgmt.o(i.nrf_pwr_mgmt_init) for nrf_pwr_mgmt_init
    main.o(i.main) refers to nrf_sdh.o(i.nrf_sdh_enable_request) for nrf_sdh_enable_request
    main.o(i.main) refers to nrf_sdh_ble.o(i.nrf_sdh_ble_default_cfg_set) for nrf_sdh_ble_default_cfg_set
    main.o(i.main) refers to nrf_sdh_ble.o(i.nrf_sdh_ble_enable) for nrf_sdh_ble_enable
    main.o(i.main) refers to nrf_ble_gatt.o(i.nrf_ble_gatt_init) for nrf_ble_gatt_init
    main.o(i.main) refers to memseta.o(.text) for __aeabi_memclr4
    main.o(i.main) refers to ble_advertising.o(i.ble_advertising_init) for ble_advertising_init
    main.o(i.main) refers to ble_advertising.o(i.ble_advertising_conn_cfg_tag_set) for ble_advertising_conn_cfg_tag_set
[...]
    0x00026490   0x00026490   0x00000024   Code   RO         7509    .text               mc_w.l(memseta.o)
    0x000264b4   0x000264b4   0x0000000e   Code   RO         7511    .text               mc_w.l(strlen.o)
    0x000264c2   0x000264c2   0x0000001a   Code   RO         7515    .text               mc_w.l(memcmp.o)
    0x000264dc   0x000264dc   0x00000012   Code   RO         7517    .text               mc_w.l(strcpy.o)
    0x000264ee   0x000264ee   0x00000020   Code   RO         7536    .text               mc_w.l(llushr.o)
    0x0002650e   0x0002650e   0x00000002   PAD
    0x00026510   0x00026510   0x00000024   Code   RO         7539    .text               mc_w.l(init.o)
    0x00026534   0x00026534   0x00000056   Code   RO         7549    .text               mc_w.l(__dczerorl2.o)
    0x0002658a   0x0002658a   0x00000002   PAD
    0x0002658c   0x0002658c   0x000000a4   Code   RO         3683    i.GPIOTE_IRQHandler  nrfx_gpiote.o
    0x00026630   0x00026630   0x00000058   Code   RO         3544    i.POWER_CLOCK_IRQHandler  nrfx_clock.o
    0x00026688   0x00026688   0x00000010   Code   RO         4874    i.RTC1_IRQHandler   drv_rtc.o
    0x00026698   0x00026698   0x00000004   Code   RO         6854    i.SEGGER_RTT_Init   segger_rtt.o
    0x0002669c   0x0002669c   0x0000005c   Code   RO         6868    i.SEGGER_RTT_WriteNoLock  segger_rtt.o
    0x000266f8   0x000266f8   0x00000004   Code   RO         7202    i.SWI2_EGU2_IRQHandler  nrf_sdh.o
    0x000266fc   0x000266fc   0x00000398   Code   RO         7420    i.SystemInit        system_nrf52.o
    0x00026a94   0x00026a94   0x0000000c   Code   RO         3988    i.UARTE0_UART0_IRQHandler  nrfx_prs.o
    0x00026aa0   0x00026aa0   0x00000068   Code   RO         6872    i._DoInit           segger_rtt.o
    0x00026b08   0x00026b08   0x00000016   Code   RO         6873    i._GetAvailWriteSpace  segger_rtt.o
    0x00026b1e   0x00026b1e   0x0000005a   Code   RO         6875    i._WriteBlocking    segger_rtt.o
    0x00026b78   0x00026b78   0x00000042   Code   RO         6876    i._WriteNoCheck     segger_rtt.o
    0x00026bba   0x00026bba   0x0000000e   Code   RO         7543    i.__scatterload_copy  mc_w.l(handlers.o)
    0x00026bc8   0x00026bc8   0x00000002   Code   RO         7544    i.__scatterload_null  mc_w.l(handlers.o)
    0x00026bca   0x00026bca   0x0000000e   Code   RO         7545    i.__scatterload_zeroinit  mc_w.l(handlers.o)
    0x00026bd8   0x00026bd8   0x00000024   Code   RO         7203    i.__sd_nvic_app_accessible_irq  nrf_sdh.o
    0x00026bfc   0x00026bfc   0x00000026   Code   RO         1572    i.addr_compare      id_manager.o
    0x00026c22   0x00026c22   0x0000000c   Code   RO         5798    i.addr_is_aligned32  nrf_fstorage.o
    0x00026c2e   0x00026c2e   0x00000018   Code   RO         5799    i.addr_is_within_bounds  nrf_fstorage.o
    0x00026c46   0x00026c46   0x00000010   Code   RO          913    i.adv_set_data_size_max_get  ble_advertising.o
    0x00026c56   0x00026c56   0x00000046   Code   RO          673    i.advertising_buttons_configure  bsp_btn_ble.o
    0x00026c9c   0x00026c9c   0x0000007c   Code   RO            4    i.advertising_start  main.o
    0x00026d18   0x00026d18   0x00000052   Code   RO         1573    i.ah                id_manager.o
    0x00026d6a   0x00026d6a   0x00000006   Code   RO          556    i.alert_timer_handler  bsp.o
    0x00026d70   0x00026d70   0x0000000c   Code   RO         2701    i.allow_repairing   security_dispatcher.o
    0x00026d7c   0x00026d7c   0x00000024   Code   RO         4391    i.app_button_enable  app_button.o
    0x00026da0   0x00026da0   0x00000080   Code   RO         4392    i.app_button_init   app_button.o
    0x00026e20   0x00026e20   0x00000084   Code   RO         4549    i.app_error_fault_handler  app_error_weak.o
    0x00026ea4   0x00026ea4   0x00000016   Code   RO         4489    i.app_error_handler_bare  app_error.o
    0x00026eba   0x00026eba   0x00000002   PAD
    0x00026ebc   0x00026ebc   0x0000000c   Code   RO         4638    i.app_timer_cnt_get  app_timer2.o
    0x00026ec8   0x00026ec8   0x00000016   Code   RO         4639    i.app_timer_create  app_timer2.o
    0x00026ede   0x00026ede   0x00000002   PAD
    0x00026ee0   0x00026ee0   0x0000005c   Code   RO         4640    i.app_timer_init    app_timer2.o
    0x00026f3c   0x00026f3c   0x00000030   Code   RO         4643    i.app_timer_start   app_timer2.o
    0x00026f6c   0x00026f6c   0x0000000c   Code   RO         4644    i.app_timer_stop    app_timer2.o
    0x00026f78   0x00026f78   0x00000048   Code   RO         4779    i.app_util_critical_region_enter  app_util_platform.o
    0x00026fc0   0x00026fc0   0x00000034   Code   RO         4780    i.app_util_critical_region_exit  app_util_platform.o
    0x00026ff4   0x00026ff4   0x00000088   Code   RO         4042    i.apply_config      nrfx_uart.o
    0x0002707c   0x0002707c   0x00000088   Code   RO         4230    i.apply_config      nrfx_uarte.o
    0x00027104   0x00027104   0x00000004   Code   RO         1311    i.apply_pending_handle  gatt_cache_manager.o
    0x00027108   0x00027108   0x00000180   Code   RO         2702    i.auth_status_success_process  security_dispatcher.o
    0x00027288   0x00027288   0x00000182   Code   RO          807    i.ble_advdata_encode  ble_advdata.o
    0x0002740a   0x0002740a   0x00000020   Code   RO          809    i.ble_advdata_parse  ble_advdata.o
    0x0002742a   0x0002742a   0x00000046   Code   RO          810    i.ble_advdata_search  ble_advdata.o
    0x00027470   0x00027470   0x00000006   Code   RO          915    i.ble_advertising_conn_cfg_tag_set  ble_advertising.o
    0x00027476   0x00027476   0x000000f8   Code   RO          916    i.ble_advertising_init  ble_advertising.o
    0x0002756e   0x0002756e   0x00000008   Code   RO          917    i.ble_advertising_modes_config_set  ble_advertising.o
    0x00027576   0x00027576   0x0000006a   Code   RO          918    i.ble_advertising_on_ble_evt  ble_advertising.o
    0x000275e0   0x000275e0   0x0000003a   Code   RO          920    i.ble_advertising_restart_without_whitelist  ble_advertising.o
    0x0002761a   0x0002761a   0x00000230   Code   RO          921    i.ble_advertising_start  ble_advertising.o
    0x0002784a   0x0002784a   0x00000002   PAD
    0x0002784c   0x0002784c   0x00000068   Code   RO         1006    i.ble_conn_params_init  ble_conn_params.o
    0x000278b4   0x000278b4   0x00000020   Code   RO         1082    i.ble_conn_state_encrypted  ble_conn_state.o
    0x000278d4   0x000278d4   0x00000014   Code   RO         1083    i.ble_conn_state_for_each_connected  ble_conn_state.o
    0x000278e8   0x000278e8   0x0000002c   Code   RO         1084    i.ble_conn_state_for_each_set_user_flag  ble_conn_state.o
    0x00027914   0x00027914   0x00000020   Code   RO         1086    i.ble_conn_state_lesc  ble_conn_state.o
    0x00027934   0x00027934   0x00000020   Code   RO         1087    i.ble_conn_state_mitm_protected  ble_conn_state.o
    0x00027954   0x00027954   0x00000024   Code   RO         1090    i.ble_conn_state_role  ble_conn_state.o
    0x00027978   0x00027978   0x00000024   Code   RO         1091    i.ble_conn_state_status  ble_conn_state.o
    0x0002799c   0x0002799c   0x00000018   Code   RO         1092    i.ble_conn_state_user_flag_acquire  ble_conn_state.o
    0x000279b4   0x000279b4   0x00000030   Code   RO         1093    i.ble_conn_state_user_flag_get  ble_conn_state.o
    0x000279e4   0x000279e4   0x00000038   Code   RO         1094    i.ble_conn_state_user_flag_set  ble_conn_state.o
    0x00027a1c   0x00027a1c   0x00000014   Code   RO         1095    i.ble_conn_state_valid  ble_conn_state.o
    0x00027a30   0x00027a30   0x00000060   Code   RO          813    i.ble_device_addr_encode  ble_advdata.o
    0x00027a90   0x00027a90   0x00000024   Code   RO         3139    i.ble_dfu_buttonless_async_svci_init  ble_dfu_unbonded.o
    0x00027ab4   0x00027ab4   0x00000014   Code   RO         3140    i.ble_dfu_buttonless_backend_init  ble_dfu_unbonded.o
    0x00027ac8   0x00027ac8   0x0000007c   Code   RO         3035    i.ble_dfu_buttonless_bootloader_start_finalize  ble_dfu.o
    0x00027b44   0x00027b44   0x00000018   Code   RO         3141    i.ble_dfu_buttonless_bootloader_start_prepare  ble_dfu_unbonded.o
    0x00027b5c   0x00027b5c   0x00000050   Code   RO         3142    i.ble_dfu_buttonless_char_add  ble_dfu_unbonded.o
    0x00027bac   0x00027bac   0x00000070   Code   RO         3036    i.ble_dfu_buttonless_init  ble_dfu.o
    0x00027c1c   0x00027c1c   0x00000080   Code   RO         3037    i.ble_dfu_buttonless_on_ble_evt  ble_dfu.o
    0x00027c9c   0x00027c9c   0x000000dc   Code   RO         3143    i.ble_dfu_buttonless_on_ctrl_pt_write  ble_dfu_unbonded.o
    0x00027d78   0x00027d78   0x00000060   Code   RO         3144    i.ble_dfu_buttonless_on_sys_evt  ble_dfu_unbonded.o
    0x00027dd8   0x00027dd8   0x00000054   Code   RO         3038    i.ble_dfu_buttonless_resp_send  ble_dfu.o
    0x00027e2c   0x00027e2c   0x000001a0   Code   RO            6    i.ble_dfu_evt_handler  main.o
    0x00027fcc   0x00027fcc   0x00000118   Code   RO            7    i.ble_evt_handler   main.o
    0x000280e4   0x000280e4   0x00000078   Code   RO          674    i.ble_evt_handler   bsp_btn_ble.o
    0x0002815c   0x0002815c   0x000000fc   Code   RO         1008    i.ble_evt_handler   ble_conn_params.o
    0x00028258   0x00028258   0x00000118   Code   RO         1096    i.ble_evt_handler   ble_conn_state.o
    0x00028370   0x00028370   0x00000028   Code   RO         2251    i.ble_evt_handler   peer_manager.o
    0x00028398   0x00028398   0x00000008   Code   RO         1250    i.ble_srv_is_indication_enabled  ble_srv_common.o
    0x000283a0   0x000283a0   0x00000008   Code   RO         1251    i.ble_srv_is_notification_enabled  ble_srv_common.o
    0x000283a8   0x000283a8   0x0000000c   Code   RO          443    i.bsp_board_button_idx_to_pin  boards.o
    0x000283b4   0x000283b4   0x00000020   Code   RO          444    i.bsp_board_button_state_get  boards.o
    0x000283d4   0x000283d4   0x00000054   Code   RO          445    i.bsp_board_init    boards.o
    0x00028428   0x00028428   0x00000024   Code   RO          447    i.bsp_board_led_invert  boards.o
    0x0002844c   0x0002844c   0x00000010   Code   RO          448    i.bsp_board_led_off  boards.o
    0x0002845c   0x0002845c   0x00000010   Code   RO          449    i.bsp_board_led_on  boards.o
    0x0002846c   0x0002846c   0x00000020   Code   RO          450    i.bsp_board_led_state_get  boards.o
    0x0002848c   0x0002848c   0x00000012   Code   RO          451    i.bsp_board_leds_off  boards.o
    0x0002849e   0x0002849e   0x00000012   Code   RO          452    i.bsp_board_leds_on  boards.o
    0x000284b0   0x000284b0   0x00000024   Code   RO          453    i.bsp_board_pin_to_button_idx  boards.o
    0x000284d4   0x000284d4   0x00000038   Code   RO          675    i.bsp_btn_ble_init  bsp_btn_ble.o
    0x0002850c   0x0002850c   0x0000001e   Code   RO          676    i.bsp_btn_ble_sleep_mode_prepare  bsp_btn_ble.o
    0x0002852a   0x0002852a   0x00000002   PAD
    0x0002852c   0x0002852c   0x00000090   Code   RO          557    i.bsp_button_event_handler  bsp.o
    0x000285bc   0x000285bc   0x0000000c   Code   RO          558    i.bsp_button_is_pressed  bsp.o
    0x000285c8   0x000285c8   0x00000098   Code   RO            8    i.bsp_event_handler  main.o
    0x00028660   0x00028660   0x00000044   Code   RO          561    i.bsp_event_to_button_action_assign  bsp.o
    0x000286a4   0x000286a4   0x00000018   Code   RO          562    i.bsp_indication_set  bsp.o
    0x000286bc   0x000286bc   0x00000094   Code   RO          563    i.bsp_init          bsp.o
    0x00028750   0x00028750   0x000001c8   Code   RO          564    i.bsp_led_indication  bsp.o
    0x00028918   0x00028918   0x00000006   Code   RO          566    i.bsp_wakeup_button_enable  bsp.o
    0x0002891e   0x0002891e   0x00000002   PAD
    0x00028920   0x00028920   0x00000094   Code   RO         6578    i.buf_prealloc      nrf_log_frontend.o
    0x000289b4   0x000289b4   0x0000002e   Code   RO         5758    i.buffer_add        nrf_fprintf_format.o
    0x000289e2   0x000289e2   0x00000002   PAD
    0x000289e4   0x000289e4   0x00000018   Code   RO         6579    i.buffer_is_empty   nrf_log_frontend.o
    0x000289fc   0x000289fc   0x00000028   Code   RO         4394    i.button_get        app_button.o
    0x00028a24   0x00028a24   0x00000008   Code   RO          567    i.button_timer_handler  bsp.o
    0x00028a2c   0x00028a2c   0x00000028   Code   RO         1312    i.car_update_needed  gatt_cache_manager.o
    0x00028a54   0x00028a54   0x00000040   Code   RO         1313    i.car_update_pending_handle  gatt_cache_manager.o
    0x00028a94   0x00028a94   0x0000001c   Code   RO         3684    i.channel_free      nrfx_gpiote.o
    0x00028ab0   0x00028ab0   0x00000048   Code   RO         3685    i.channel_port_alloc  nrfx_gpiote.o
    0x00028af8   0x00028af8   0x00000010   Code   RO         3686    i.channel_port_get  nrfx_gpiote.o
    0x00028b08   0x00028b08   0x00000190   Code   RO         1253    i.characteristic_add  ble_srv_common.o
    0x00028c98   0x00028c98   0x0000003e   Code   RO         2161    i.claim             peer_id.o
    0x00028cd6   0x00028cd6   0x00000002   PAD
    0x00028cd8   0x00028cd8   0x00000028   Code   RO         3199    i.clock_clk_started_notify  nrf_drv_clock.o
    0x00028d00   0x00028d00   0x0000001c   Code   RO         3200    i.clock_irq_handler  nrf_drv_clock.o
    0x00028d1c   0x00028d1c   0x00000018   Code   RO         4646    i.compare_func      app_timer2.o
    0x00028d34   0x00028d34   0x0000003e   Code   RO         1097    i.conn_handle_list_get  ble_conn_state.o
    0x00028d72   0x00028d72   0x00000088   Code   RO          814    i.conn_int_encode   ble_advdata.o
    0x00028dfa   0x00028dfa   0x00000004   Code   RO            9    i.conn_params_error_handler  main.o
    0x00028dfe   0x00028dfe   0x00000002   PAD
    0x00028e00   0x00028e00   0x00000048   Code   RO         1009    i.conn_params_negotiation  ble_conn_params.o
    0x00028e48   0x00028e48   0x00000044   Code   RO         2703    i.conn_sec_failure  security_dispatcher.o
    0x00028e8c   0x00028e8c   0x00000100   Code   RO         1741    i.data_length_update  nrf_ble_gatt.o
    0x00028f8c   0x00028f8c   0x00000030   Code   RO         1314    i.db_update_pending_handle  gatt_cache_manager.o
    0x00028fbc   0x00028fbc   0x0000008c   Code   RO         5043    i.delete_execute    fds.o
    0x00029048   0x00029048   0x00000048   Code   RO         4395    i.detection_delay_timeout_handler  app_button.o
    0x00029090   0x00029090   0x00000068   Code   RO           10    i.disconnect        main.o
    0x000290f8   0x000290f8   0x00000014   Code   RO         6580    i.dropped_sat16_get  nrf_log_frontend.o
    0x0002910c   0x0002910c   0x00000014   Code   RO         4875    i.drv_rtc_compare_disable  drv_rtc.o
    0x00029120   0x00029120   0x0000000e   Code   RO         4878    i.drv_rtc_compare_pending  drv_rtc.o
    0x0002912e   0x0002912e   0x00000050   Code   RO         4879    i.drv_rtc_compare_set  drv_rtc.o
    0x0002917e   0x0002917e   0x00000008   Code   RO         4880    i.drv_rtc_counter_get  drv_rtc.o
    0x00029186   0x00029186   0x00000002   PAD
    0x00029188   0x00029188   0x000000d8   Code   RO         4881    i.drv_rtc_init      drv_rtc.o
    0x00029260   0x00029260   0x0000001e   Code   RO         4882    i.drv_rtc_irq_trigger  drv_rtc.o
    0x0002927e   0x0002927e   0x00000008   Code   RO         4884    i.drv_rtc_overflow_enable  drv_rtc.o
    0x00029286   0x00029286   0x00000008   Code   RO         4885    i.drv_rtc_overflow_pending  drv_rtc.o
    0x0002928e   0x0002928e   0x00000008   Code   RO         4886    i.drv_rtc_start     drv_rtc.o
    0x00029296   0x00029296   0x00000008   Code   RO         4887    i.drv_rtc_stop      drv_rtc.o
    0x0002929e   0x0002929e   0x000000de   Code   RO         4892    i.drv_rtc_windowed_compare_set  drv_rtc.o
    0x0002937c   0x0002937c   0x00000048   Code   RO         3039    i.dummy_evt_handler  ble_dfu.o
    0x000293c4   0x000293c4   0x0000000a   Code   RO         2704    i.encryption_failure  security_dispatcher.o
    0x000293ce   0x000293ce   0x00000002   PAD
    0x000293d0   0x000293d0   0x0000004c   Code   RO         5885    i.erase             nrf_fstorage_sd.o
    0x0002941c   0x0002941c   0x00000074   Code   RO         5044    i.event_prepare     fds.o
    0x00029490   0x00029490   0x00000020   Code   RO         5045    i.event_send        fds.o
    0x000294b0   0x000294b0   0x00000054   Code   RO         5886    i.event_send        nrf_fstorage_sd.o
    0x00029504   0x00029504   0x00000098   Code   RO         2842    i.events_send_from_err_code  security_manager.o
    0x0002959c   0x0002959c   0x00000012   Code   RO         4893    i.evt_enable        drv_rtc.o
    0x000295ae   0x000295ae   0x00000002   PAD
    0x000295b0   0x000295b0   0x000000e0   Code   RO         4396    i.evt_handle        app_button.o
    0x00029690   0x00029690   0x00000014   Code   RO         4894    i.evt_pending       drv_rtc.o
    0x000296a4   0x000296a4   0x0000001c   Code   RO         1315    i.evt_send          gatt_cache_manager.o
    0x000296c0   0x000296c0   0x0000001c   Code   RO         1477    i.evt_send          gatts_cache_manager.o
    0x000296dc   0x000296dc   0x0000002c   Code   RO         2252    i.evt_send          peer_manager.o
    0x00029708   0x00029708   0x0000001c   Code   RO         2705    i.evt_send          security_dispatcher.o
    0x00029724   0x00029724   0x0000000c   Code   RO         2843    i.evt_send          security_manager.o
    0x00029730   0x00029730   0x000000e0   Code   RO         1899    i.fds_evt_handler   peer_data_storage.o
    0x00029810   0x00029810   0x00000048   Code   RO         5047    i.fds_file_delete   fds.o
    0x00029858   0x00029858   0x00000040   Code   RO         5048    i.fds_gc            fds.o
    0x00029898   0x00029898   0x000000e4   Code   RO         5049    i.fds_init          fds.o
    0x0002997c   0x0002997c   0x00000048   Code   RO         5050    i.fds_record_close  fds.o
    0x000299c4   0x000299c4   0x0000000e   Code   RO         5052    i.fds_record_find   fds.o
    0x000299d2   0x000299d2   0x00000010   Code   RO         5053    i.fds_record_find_by_key  fds.o
    0x000299e2   0x000299e2   0x00000010   Code   RO         5054    i.fds_record_find_in_file  fds.o
    0x000299f2   0x000299f2   0x00000012   Code   RO         5055    i.fds_record_id_from_desc  fds.o
    0x00029a04   0x00029a04   0x0000004c   Code   RO         5057    i.fds_record_open   fds.o
    0x00029a50   0x00029a50   0x00000010   Code   RO         5058    i.fds_record_update  fds.o
    0x00029a60   0x00029a60   0x00000008   Code   RO         5059    i.fds_record_write  fds.o
    0x00029a68   0x00029a68   0x00000030   Code   RO         5061    i.fds_register      fds.o
    0x00029a98   0x00029a98   0x00000014   Code   RO         1900    i.file_id_within_pm_range  peer_data_storage.o
    0x00029aac   0x00029aac   0x00000012   Code   RO         2706    i.flag_id_init      security_dispatcher.o
    0x00029abe   0x00029abe   0x00000012   Code   RO         2844    i.flag_id_init      security_manager.o
    0x00029ad0   0x00029ad0   0x0000000a   Code   RO         1098    i.flag_toggle       ble_conn_state.o
    0x00029ada   0x00029ada   0x00000028   Code   RO          923    i.flags_set         ble_advertising.o
    0x00029b02   0x00029b02   0x00000002   PAD
    0x00029b04   0x00029b04   0x00000030   Code   RO         2845    i.flags_set_from_err_code  security_manager.o
    0x00029b34   0x00029b34   0x00000030   Code   RO         1099    i.for_each_set_flag  ble_conn_state.o
    0x00029b64   0x00029b64   0x00000006   Code   RO         5065    i.fs_event_handler  fds.o
    0x00029b6a   0x00029b6a   0x00000002   PAD
    0x00029b6c   0x00029b6c   0x00000080   Code   RO         5066    i.gc_execute        fds.o
    0x00029bec   0x00029bec   0x0000004c   Code   RO         5067    i.gc_next_page      fds.o
    0x00029c38   0x00029c38   0x00000040   Code   RO         5068    i.gc_page_erase     fds.o
    0x00029c78   0x00029c78   0x00000034   Code   RO         5069    i.gc_record_copy    fds.o
    0x00029cac   0x00029cac   0x00000024   Code   RO         5070    i.gc_record_find_next  fds.o
    0x00029cd0   0x00029cd0   0x00000070   Code   RO         5071    i.gc_state_advance  fds.o
    0x00029d40   0x00029d40   0x00000030   Code   RO         5072    i.gc_swap_pages     fds.o
    0x00029d70   0x00029d70   0x00000230   Code   RO         1316    i.gcm_ble_evt_handler  gatt_cache_manager.o
    0x00029fa0   0x00029fa0   0x0000003c   Code   RO         1317    i.gcm_im_evt_handler  gatt_cache_manager.o
    0x00029fdc   0x00029fdc   0x00000094   Code   RO         1318    i.gcm_init          gatt_cache_manager.o
    0x0002a070   0x0002a070   0x00000088   Code   RO         1321    i.gcm_pdb_evt_handler  gatt_cache_manager.o
    0x0002a0f8   0x0002a0f8   0x00000034   Code   RO         4647    i.get_now           app_timer2.o
    0x0002a12c   0x0002a12c   0x0000003c   Code   RO         4397    i.gpiote_event_handler  app_button.o
    0x0002a168   0x0002a168   0x0000001c   Code   RO         1478    i.gscm_db_change_notification_done  gatts_cache_manager.o
    0x0002a184   0x0002a184   0x00000014   Code   RO         1479    i.gscm_init         gatts_cache_manager.o
    0x0002a198   0x0002a198   0x00000090   Code   RO         1481    i.gscm_local_db_cache_apply  gatts_cache_manager.o
    0x0002a228   0x0002a228   0x000000ac   Code   RO         1482    i.gscm_local_db_cache_update  gatts_cache_manager.o
    0x0002a2d4   0x0002a2d4   0x00000018   Code   RO         1483    i.gscm_pdb_evt_handler  gatts_cache_manager.o
    0x0002a2ec   0x0002a2ec   0x0000001e   Code   RO         1484    i.gscm_service_changed_ind_needed  gatts_cache_manager.o
    0x0002a30a   0x0002a30a   0x00000002   PAD
    0x0002a30c   0x0002a30c   0x0000005c   Code   RO         1485    i.gscm_service_changed_ind_send  gatts_cache_manager.o
    0x0002a368   0x0002a368   0x0000002c   Code   RO         5073    i.header_check      fds.o
    0x0002a394   0x0002a394   0x00000012   Code   RO         5074    i.header_has_next   fds.o
    0x0002a3a6   0x0002a3a6   0x00000046   Code   RO         1574    i.im_address_resolve  id_manager.o
    0x0002a3ec   0x0002a3ec   0x00000038   Code   RO         1575    i.im_ble_addr_get   id_manager.o
    0x0002a424   0x0002a424   0x000000dc   Code   RO         1576    i.im_ble_evt_handler  id_manager.o
    0x0002a500   0x0002a500   0x00000040   Code   RO         1577    i.im_conn_handle_get  id_manager.o
    0x0002a540   0x0002a540   0x00000038   Code   RO         1579    i.im_find_duplicate_bonding_data  id_manager.o
    0x0002a578   0x0002a578   0x00000072   Code   RO         1582    i.im_is_duplicate_bonding_data  id_manager.o
    0x0002a5ea   0x0002a5ea   0x00000018   Code   RO         1583    i.im_master_id_is_valid  id_manager.o
    0x0002a602   0x0002a602   0x0000002a   Code   RO         1584    i.im_master_ids_compare  id_manager.o
    0x0002a62c   0x0002a62c   0x00000014   Code   RO         1585    i.im_new_peer_id    id_manager.o
    0x0002a640   0x0002a640   0x0000002c   Code   RO         1586    i.im_peer_free      id_manager.o
    0x0002a66c   0x0002a66c   0x00000024   Code   RO         1587    i.im_peer_id_get_by_conn_handle  id_manager.o
    0x0002a690   0x0002a690   0x0000003c   Code   RO         1588    i.im_peer_id_get_by_master_id  id_manager.o
    0x0002a6cc   0x0002a6cc   0x00000034   Code   RO         5887    i.init              nrf_fstorage_sd.o
    0x0002a700   0x0002a700   0x000000c8   Code   RO         5075    i.init_execute      fds.o
    0x0002a7c8   0x0002a7c8   0x00000014   Code   RO         1010    i.instance_get      ble_conn_params.o
    0x0002a7dc   0x0002a7dc   0x000000a6   Code   RO         5759    i.int_print         nrf_fprintf_format.o
    0x0002a882   0x0002a882   0x00000002   PAD
    0x0002a884   0x0002a884   0x00000088   Code   RO         4231    i.interrupts_enable  nrfx_uarte.o
    0x0002a90c   0x0002a90c   0x00000034   Code   RO         6581    i.invalid_packets_omit  nrf_log_frontend.o
    0x0002a940   0x0002a940   0x00000010   Code   RO         5888    i.is_busy           nrf_fstorage_sd.o
    0x0002a950   0x0002a950   0x00000044   Code   RO         1011    i.is_conn_params_ok  ble_conn_params.o
    0x0002a994   0x0002a994   0x00000014   Code   RO         1593    i.is_valid_irk      id_manager.o
    0x0002a9a8   0x0002a9a8   0x0000000c   Code   RO         5076    i.is_word_aligned   fds.o
    0x0002a9b4   0x0002a9b4   0x00000030   Code   RO          568    i.leds_off          bsp.o
    0x0002a9e4   0x0002a9e4   0x00000014   Code   RO          569    i.leds_timer_handler  bsp.o
    0x0002a9f8   0x0002a9f8   0x00000014   Code   RO         1742    i.link_init         nrf_ble_gatt.o
    0x0002aa0c   0x0002aa0c   0x000000d0   Code   RO         2846    i.link_secure       security_manager.o
    0x0002aadc   0x0002aadc   0x0000003c   Code   RO         2707    i.link_secure_failure  security_dispatcher.o
    0x0002ab18   0x0002ab18   0x0000002c   Code   RO         2847    i.link_secure_pending_handle  security_manager.o
    0x0002ab44   0x0002ab44   0x000000a8   Code   RO         1322    i.local_db_apply_in_evt  gatt_cache_manager.o
    0x0002abec   0x0002abec   0x00000010   Code   RO         1323    i.local_db_update   gatt_cache_manager.o
    0x0002abfc   0x0002abfc   0x0000010c   Code   RO         1324    i.local_db_update_in_evt  gatt_cache_manager.o
    0x0002ad08   0x0002ad08   0x000000a4   Code   RO         6582    i.log_skip          nrf_log_frontend.o
    0x0002adac   0x0002adac   0x0000023c   Code   RO           11    i.main              main.o
    0x0002afe8   0x0002afe8   0x00000064   Code   RO          815    i.manuf_specific_data_encode  ble_advdata.o
    0x0002b04c   0x0002b04c   0x0000007e   Code   RO         5997    i.memobj_op         nrf_memobj.o
    0x0002b0ca   0x0002b0ca   0x00000002   PAD
    0x0002b0cc   0x0002b0cc   0x00000030   Code   RO         6583    i.module_idx_get    nrf_log_frontend.o
    0x0002b0fc   0x0002b0fc   0x00000008   Code   RO         2654    i.mutex_lock_status_get  pm_buffer.o
    0x0002b104   0x0002b104   0x000000a6   Code   RO          816    i.name_encode       ble_advdata.o
    0x0002b1aa   0x0002b1aa   0x00000002   PAD
    0x0002b1ac   0x0002b1ac   0x00000014   Code   RO         2848    i.new_context_get   security_manager.o
    0x0002b1c0   0x0002b1c0   0x00000032   Code   RO         2849    i.new_evt           security_manager.o
    0x0002b1f2   0x0002b1f2   0x00000030   Code   RO         2162    i.next_id_get       peer_id.o
    0x0002b222   0x0002b222   0x00000010   Code   RO         5412    i.nrf_atfifo_clear  nrf_atfifo.o
    0x0002b232   0x0002b232   0x00000026   Code   RO         5414    i.nrf_atfifo_init   nrf_atfifo.o
    0x0002b258   0x0002b258   0x00000016   Code   RO         5415    i.nrf_atfifo_item_alloc  nrf_atfifo.o
    0x0002b26e   0x0002b26e   0x00000016   Code   RO         5416    i.nrf_atfifo_item_free  nrf_atfifo.o
    0x0002b284   0x0002b284   0x00000016   Code   RO         5417    i.nrf_atfifo_item_get  nrf_atfifo.o
    0x0002b29a   0x0002b29a   0x00000016   Code   RO         5418    i.nrf_atfifo_item_put  nrf_atfifo.o
    0x0002b2b0   0x0002b2b0   0x00000016   Code   RO         5480    i.nrf_atflags_clear  nrf_atflags.o
    0x0002b2c6   0x0002b2c6   0x00000020   Code   RO         5482    i.nrf_atflags_fetch_set  nrf_atflags.o
    0x0002b2e6   0x0002b2e6   0x0000004a   Code   RO         5484    i.nrf_atflags_find_and_set_flag  nrf_atflags.o
    0x0002b330   0x0002b330   0x00000016   Code   RO         5485    i.nrf_atflags_get   nrf_atflags.o
    0x0002b346   0x0002b346   0x00000014   Code   RO         5487    i.nrf_atflags_set   nrf_atflags.o
    0x0002b35a   0x0002b35a   0x00000006   Code   RO         5548    i.nrf_atomic_flag_clear_fetch  nrf_atomic.o
    0x0002b360   0x0002b360   0x00000006   Code   RO         5549    i.nrf_atomic_flag_set  nrf_atomic.o
    0x0002b366   0x0002b366   0x00000006   Code   RO         5550    i.nrf_atomic_flag_set_fetch  nrf_atomic.o
    0x0002b36c   0x0002b36c   0x0000000c   Code   RO         5551    i.nrf_atomic_u32_add  nrf_atomic.o
    0x0002b378   0x0002b378   0x0000000c   Code   RO         5552    i.nrf_atomic_u32_and  nrf_atomic.o
    0x0002b384   0x0002b384   0x0000000a   Code   RO         5554    i.nrf_atomic_u32_fetch_add  nrf_atomic.o
    0x0002b38e   0x0002b38e   0x0000000a   Code   RO         5555    i.nrf_atomic_u32_fetch_and  nrf_atomic.o
    0x0002b398   0x0002b398   0x0000000a   Code   RO         5556    i.nrf_atomic_u32_fetch_or  nrf_atomic.o
    0x0002b3a2   0x0002b3a2   0x0000000a   Code   RO         5557    i.nrf_atomic_u32_fetch_store  nrf_atomic.o
    0x0002b3ac   0x0002b3ac   0x0000000c   Code   RO         5561    i.nrf_atomic_u32_or  nrf_atomic.o
    0x0002b3b8   0x0002b3b8   0x0000000c   Code   RO         5563    i.nrf_atomic_u32_sub  nrf_atomic.o
    0x0002b3c4   0x0002b3c4   0x00000044   Code   RO         5682    i.nrf_balloc_alloc  nrf_balloc.o
    0x0002b408   0x0002b408   0x00000030   Code   RO         5683    i.nrf_balloc_free   nrf_balloc.o
    0x0002b438   0x0002b438   0x00000030   Code   RO         5684    i.nrf_balloc_init   nrf_balloc.o
    0x0002b468   0x0002b468   0x00000010   Code   RO         3687    i.nrf_bitmask_bit_is_set  nrfx_gpiote.o
    0x0002b478   0x0002b478   0x00000022   Code   RO         1748    i.nrf_ble_gatt_init  nrf_ble_gatt.o
    0x0002b49a   0x0002b49a   0x00000002   PAD
    0x0002b49c   0x0002b49c   0x000000ec   Code   RO         1749    i.nrf_ble_gatt_on_ble_evt  nrf_ble_gatt.o
    0x0002b588   0x0002b588   0x00000016   Code   RO         1858    i.nrf_ble_qwr_conn_handle_assign  nrf_ble_qwr.o
    0x0002b59e   0x0002b59e   0x00000024   Code   RO         1859    i.nrf_ble_qwr_init  nrf_ble_qwr.o
    0x0002b5c2   0x0002b5c2   0x000000b6   Code   RO         1860    i.nrf_ble_qwr_on_ble_evt  nrf_ble_qwr.o
    0x0002b678   0x0002b678   0x0000000e   Code   RO         3545    i.nrf_clock_event_check  nrfx_clock.o
    0x0002b686   0x0002b686   0x00000010   Code   RO         3546    i.nrf_clock_event_clear  nrfx_clock.o
    0x0002b696   0x0002b696   0x00000002   PAD
    0x0002b698   0x0002b698   0x000000dc   Code   RO         6817    i.nrf_dfu_svci_vector_table_set  nrf_dfu_svci.o
    0x0002b774   0x0002b774   0x000000a0   Code   RO         6818    i.nrf_dfu_svci_vector_table_unset  nrf_dfu_svci.o
    0x0002b814   0x0002b814   0x00000040   Code   RO         3207    i.nrf_drv_clock_init  nrf_drv_clock.o
    0x0002b854   0x0002b854   0x00000034   Code   RO         3211    i.nrf_drv_clock_lfclk_release  nrf_drv_clock.o
    0x0002b888   0x0002b888   0x00000068   Code   RO         3353    i.nrf_drv_uart_init  nrf_drv_uart.o
    0x0002b8f0   0x0002b8f0   0x0000001a   Code   RO         5719    i.nrf_fprintf       nrf_fprintf.o
    0x0002b90a   0x0002b90a   0x00000018   Code   RO         5720    i.nrf_fprintf_buffer_flush  nrf_fprintf.o
    0x0002b922   0x0002b922   0x000001da   Code   RO         5760    i.nrf_fprintf_fmt   nrf_fprintf_format.o
    0x0002bafc   0x0002bafc   0x00000138   Code   RO         5800    i.nrf_fstorage_erase  nrf_fstorage.o
    0x0002bc34   0x0002bc34   0x00000094   Code   RO         5801    i.nrf_fstorage_init  nrf_fstorage.o
    0x0002bcc8   0x0002bcc8   0x00000018   Code   RO         5889    i.nrf_fstorage_sdh_req_handler  nrf_fstorage_sd.o
    0x0002bce0   0x0002bce0   0x00000020   Code   RO         5890    i.nrf_fstorage_sdh_state_handler  nrf_fstorage_sd.o
    0x0002bd00   0x0002bd00   0x000000a4   Code   RO         5891    i.nrf_fstorage_sys_evt_handler  nrf_fstorage_sd.o
    0x0002bda4   0x0002bda4   0x000001dc   Code   RO         5807    i.nrf_fstorage_write  nrf_fstorage.o
    0x0002bf80   0x0002bf80   0x00000024   Code   RO          455    i.nrf_gpio_cfg      boards.o
    0x0002bfa4   0x0002bfa4   0x00000024   Code   RO         3688    i.nrf_gpio_cfg      nrfx_gpiote.o
    0x0002bfc8   0x0002bfc8   0x00000024   Code   RO         4043    i.nrf_gpio_cfg      nrfx_uart.o
    0x0002bfec   0x0002bfec   0x00000024   Code   RO         4232    i.nrf_gpio_cfg      nrfx_uarte.o
    0x0002c010   0x0002c010   0x00000012   Code   RO         4044    i.nrf_gpio_cfg_default  nrfx_uart.o
    0x0002c022   0x0002c022   0x00000012   Code   RO         4233    i.nrf_gpio_cfg_default  nrfx_uarte.o
    0x0002c034   0x0002c034   0x00000012   Code   RO         4045    i.nrf_gpio_cfg_input  nrfx_uart.o
    0x0002c046   0x0002c046   0x00000012   Code   RO         4234    i.nrf_gpio_cfg_input  nrfx_uarte.o
    0x0002c058   0x0002c058   0x00000014   Code   RO         4046    i.nrf_gpio_cfg_output  nrfx_uart.o
    0x0002c06c   0x0002c06c   0x00000014   Code   RO         4235    i.nrf_gpio_cfg_output  nrfx_uarte.o
    0x0002c080   0x0002c080   0x00000022   Code   RO         3690    i.nrf_gpio_cfg_sense_set  nrfx_gpiote.o
    0x0002c0a2   0x0002c0a2   0x00000002   PAD
    0x0002c0a4   0x0002c0a4   0x0000002c   Code   RO         3691    i.nrf_gpio_latches_read_and_clear  nrfx_gpiote.o
    0x0002c0d0   0x0002c0d0   0x0000001e   Code   RO         3692    i.nrf_gpio_pin_present_check  nrfx_gpiote.o
    0x0002c0ee   0x0002c0ee   0x00000016   Code   RO          456    i.nrf_gpio_pin_write  boards.o
    0x0002c104   0x0002c104   0x00000014   Code   RO         3693    i.nrf_gpiote_event_clear  nrfx_gpiote.o
    0x0002c118   0x0002c118   0x00000010   Code   RO         3694    i.nrf_gpiote_event_is_set  nrfx_gpiote.o
    0x0002c128   0x0002c128   0x0000005c   Code   RO         6584    i.nrf_log_backend_add  nrf_log_frontend.o
    0x0002c184   0x0002c184   0x00000002   Code   RO         6361    i.nrf_log_backend_rtt_flush  nrf_log_backend_rtt.o
    0x0002c186   0x0002c186   0x00000004   Code   RO         6362    i.nrf_log_backend_rtt_init  nrf_log_backend_rtt.o
    0x0002c18a   0x0002c18a   0x00000002   Code   RO         6363    i.nrf_log_backend_rtt_panic_set  nrf_log_backend_rtt.o
    0x0002c18c   0x0002c18c   0x00000018   Code   RO         6364    i.nrf_log_backend_rtt_put  nrf_log_backend_rtt.o
    0x0002c1a4   0x0002c1a4   0x000000c8   Code   RO         6430    i.nrf_log_backend_serial_put  nrf_log_backend_serial.o
    0x0002c26c   0x0002c26c   0x00000002   Code   RO         6464    i.nrf_log_backend_uart_flush  nrf_log_backend_uart.o
    0x0002c26e   0x0002c26e   0x00000006   Code   RO         6465    i.nrf_log_backend_uart_init  nrf_log_backend_uart.o
    0x0002c274   0x0002c274   0x0000002c   Code   RO         6466    i.nrf_log_backend_uart_panic_set  nrf_log_backend_uart.o
    0x0002c2a0   0x0002c2a0   0x00000018   Code   RO         6467    i.nrf_log_backend_uart_put  nrf_log_backend_uart.o
    0x0002c2b8   0x0002c2b8   0x00000030   Code   RO         6586    i.nrf_log_color_id_get  nrf_log_frontend.o
    0x0002c2e8   0x0002c2e8   0x00000034   Code   RO         6537    i.nrf_log_default_backends_init  nrf_log_default_backends.o
    0x0002c31c   0x0002c31c   0x00000238   Code   RO         6587    i.nrf_log_frontend_dequeue  nrf_log_frontend.o
    0x0002c554   0x0002c554   0x00000008   Code   RO         6589    i.nrf_log_frontend_std_0  nrf_log_frontend.o
    0x0002c55c   0x0002c55c   0x0000000e   Code   RO         6590    i.nrf_log_frontend_std_1  nrf_log_frontend.o
    0x0002c56a   0x0002c56a   0x00000010   Code   RO         6591    i.nrf_log_frontend_std_2  nrf_log_frontend.o
    0x0002c57a   0x0002c57a   0x00000012   Code   RO         6592    i.nrf_log_frontend_std_3  nrf_log_frontend.o
    0x0002c58c   0x0002c58c   0x000000b0   Code   RO         6765    i.nrf_log_hexdump_entry_process  nrf_log_str_formatter.o
    0x0002c63c   0x0002c63c   0x00000028   Code   RO         6596    i.nrf_log_init      nrf_log_frontend.o
    0x0002c664   0x0002c664   0x00000014   Code   RO         6597    i.nrf_log_module_cnt_get  nrf_log_frontend.o
    0x0002c678   0x0002c678   0x0000001c   Code   RO         6600    i.nrf_log_module_name_get  nrf_log_frontend.o
    0x0002c694   0x0002c694   0x00000028   Code   RO         6601    i.nrf_log_panic     nrf_log_frontend.o
    0x0002c6bc   0x0002c6bc   0x000000b6   Code   RO         6766    i.nrf_log_std_entry_process  nrf_log_str_formatter.o
    0x0002c772   0x0002c772   0x00000060   Code   RO         5998    i.nrf_memobj_alloc  nrf_memobj.o
    0x0002c7d2   0x0002c7d2   0x00000032   Code   RO         5999    i.nrf_memobj_free   nrf_memobj.o
    0x0002c804   0x0002c804   0x00000008   Code   RO         6000    i.nrf_memobj_get    nrf_memobj.o
    0x0002c80c   0x0002c80c   0x00000004   Code   RO         6001    i.nrf_memobj_pool_init  nrf_memobj.o
    0x0002c810   0x0002c810   0x0000001e   Code   RO         6002    i.nrf_memobj_put    nrf_memobj.o
    0x0002c82e   0x0002c82e   0x00000010   Code   RO         6003    i.nrf_memobj_read   nrf_memobj.o
    0x0002c83e   0x0002c83e   0x00000010   Code   RO         6004    i.nrf_memobj_write  nrf_memobj.o
    0x0002c84e   0x0002c84e   0x00000002   PAD
    0x0002c850   0x0002c850   0x00000028   Code   RO         6076    i.nrf_pwr_mgmt_init  nrf_pwr_mgmt.o
    0x0002c878   0x0002c878   0x00000044   Code   RO         6077    i.nrf_pwr_mgmt_run  nrf_pwr_mgmt.o
    0x0002c8bc   0x0002c8bc   0x0000003c   Code   RO         6078    i.nrf_pwr_mgmt_shutdown  nrf_pwr_mgmt.o
    0x0002c8f8   0x0002c8f8   0x00000004   Code   RO           12    i.nrf_qwr_error_handler  main.o
    0x0002c8fc   0x0002c8fc   0x0000001c   Code   RO         6150    i.nrf_ringbuf_init  nrf_ringbuf.o
    0x0002c918   0x0002c918   0x0000000c   Code   RO         4895    i.nrf_rtc_event_clear  drv_rtc.o
    0x0002c924   0x0002c924   0x00000014   Code   RO         7323    i.nrf_sdh_ble_app_ram_start_get  nrf_sdh_ble.o
    0x0002c938   0x0002c938   0x00000100   Code   RO         7324    i.nrf_sdh_ble_default_cfg_set  nrf_sdh_ble.o
    0x0002ca38   0x0002ca38   0x00000130   Code   RO         7325    i.nrf_sdh_ble_enable  nrf_sdh_ble.o
    0x0002cb68   0x0002cb68   0x0000005c   Code   RO         7326    i.nrf_sdh_ble_evts_poll  nrf_sdh_ble.o
    0x0002cbc4   0x0002cbc4   0x00000054   Code   RO         7204    i.nrf_sdh_disable_request  nrf_sdh.o
    0x0002cc18   0x0002cc18   0x00000074   Code   RO         7205    i.nrf_sdh_enable_request  nrf_sdh.o
    0x0002cc8c   0x0002cc8c   0x00000024   Code   RO         7206    i.nrf_sdh_evts_poll  nrf_sdh.o
    0x0002ccb0   0x0002ccb0   0x0000000c   Code   RO         7207    i.nrf_sdh_is_enabled  nrf_sdh.o
    0x0002ccbc   0x0002ccbc   0x0000001c   Code   RO         7209    i.nrf_sdh_request_continue  nrf_sdh.o
    0x0002ccd8   0x0002ccd8   0x0000003c   Code   RO         7377    i.nrf_sdh_soc_evts_poll  nrf_sdh_soc.o
    0x0002cd14   0x0002cd14   0x0000000a   Code   RO         6208    i.nrf_section_iter_init  nrf_section_iter.o
    0x0002cd1e   0x0002cd1e   0x00000024   Code   RO         6209    i.nrf_section_iter_item_set  nrf_section_iter.o
    0x0002cd42   0x0002cd42   0x00000020   Code   RO         6210    i.nrf_section_iter_next  nrf_section_iter.o
    0x0002cd62   0x0002cd62   0x00000022   Code   RO         6243    i.nrf_sortlist_add  nrf_sortlist.o
    0x0002cd84   0x0002cd84   0x00000006   Code   RO         6245    i.nrf_sortlist_peek  nrf_sortlist.o
    0x0002cd8a   0x0002cd8a   0x0000000e   Code   RO         6246    i.nrf_sortlist_pop  nrf_sortlist.o
    0x0002cd98   0x0002cd98   0x0000001e   Code   RO         6247    i.nrf_sortlist_remove  nrf_sortlist.o
    0x0002cdb6   0x0002cdb6   0x00000002   PAD
    0x0002cdb8   0x0002cdb8   0x00000038   Code   RO         6299    i.nrf_strerror_find  nrf_strerror.o
    0x0002cdf0   0x0002cdf0   0x00000014   Code   RO         6300    i.nrf_strerror_get  nrf_strerror.o
    0x0002ce04   0x0002ce04   0x0000000a   Code   RO         4047    i.nrf_uart_event_check  nrfx_uart.o
    0x0002ce0e   0x0002ce0e   0x0000000c   Code   RO         4048    i.nrf_uart_event_clear  nrfx_uart.o
    0x0002ce1a   0x0002ce1a   0x0000000c   Code   RO         4049    i.nrf_uart_int_enable_check  nrfx_uart.o
    0x0002ce26   0x0002ce26   0x0000000a   Code   RO         4236    i.nrf_uarte_event_check  nrfx_uarte.o
    0x0002ce30   0x0002ce30   0x0000000c   Code   RO         4237    i.nrf_uarte_event_clear  nrfx_uarte.o
    0x0002ce3c   0x0002ce3c   0x00000010   Code   RO         3214    i.nrf_wdt_started   nrf_drv_clock.o
    0x0002ce4c   0x0002ce4c   0x0000002c   Code   RO         3551    i.nrfx_clock_enable  nrfx_clock.o
    0x0002ce78   0x0002ce78   0x00000020   Code   RO         3554    i.nrfx_clock_init   nrfx_clock.o
    0x0002ce98   0x0002ce98   0x00000030   Code   RO         3557    i.nrfx_clock_lfclk_stop  nrfx_clock.o
    0x0002cec8   0x0002cec8   0x00000010   Code   RO         4896    i.nrfx_coredep_delay_us  drv_rtc.o
    0x0002ced8   0x0002ced8   0x000000a0   Code   RO         3700    i.nrfx_gpiote_in_event_enable  nrfx_gpiote.o
    0x0002cf78   0x0002cf78   0x000000cc   Code   RO         3702    i.nrfx_gpiote_in_init  nrfx_gpiote.o
    0x0002d044   0x0002d044   0x00000014   Code   RO         3703    i.nrfx_gpiote_in_is_set  nrfx_gpiote.o
    0x0002d058   0x0002d058   0x00000074   Code   RO         3705    i.nrfx_gpiote_init  nrfx_gpiote.o
    0x0002d0cc   0x0002d0cc   0x00000014   Code   RO         3706    i.nrfx_gpiote_is_init  nrfx_gpiote.o
    0x0002d0e0   0x0002d0e0   0x00000010   Code   RO         4238    i.nrfx_is_in_ram    nrfx_uarte.o
    0x0002d0f0   0x0002d0f0   0x0000003a   Code   RO         3989    i.nrfx_prs_acquire  nrfx_prs.o
    0x0002d12a   0x0002d12a   0x00000012   Code   RO         3990    i.nrfx_prs_release  nrfx_prs.o
    0x0002d13c   0x0002d13c   0x00000010   Code   RO         4050    i.nrfx_uart_0_irq_handler  nrfx_uart.o
    0x0002d14c   0x0002d14c   0x000000d4   Code   RO         4052    i.nrfx_uart_init    nrfx_uart.o
    0x0002d220   0x0002d220   0x000000a8   Code   RO         4058    i.nrfx_uart_tx      nrfx_uart.o
    0x0002d2c8   0x0002d2c8   0x00000020   Code   RO         4060    i.nrfx_uart_tx_in_progress  nrfx_uart.o
    0x0002d2e8   0x0002d2e8   0x000000c0   Code   RO         4061    i.nrfx_uart_uninit  nrfx_uart.o
    0x0002d3a8   0x0002d3a8   0x00000010   Code   RO         4239    i.nrfx_uarte_0_irq_handler  nrfx_uarte.o
    0x0002d3b8   0x0002d3b8   0x0000006c   Code   RO         4241    i.nrfx_uarte_init   nrfx_uarte.o
    0x0002d424   0x0002d424   0x000000ac   Code   RO         4245    i.nrfx_uarte_tx     nrfx_uarte.o
    0x0002d4d0   0x0002d4d0   0x0000001c   Code   RO         4247    i.nrfx_uarte_tx_in_progress  nrfx_uarte.o
    0x0002d4ec   0x0002d4ec   0x00000108   Code   RO         4248    i.nrfx_uarte_uninit  nrfx_uarte.o
    0x0002d5f4   0x0002d5f4   0x0000006c   Code   RO           13    i.on_adv_evt        main.o
    0x0002d660   0x0002d660   0x0000001c   Code   RO           14    i.on_conn_params_evt  main.o
    0x0002d67c   0x0002d67c   0x00000108   Code   RO         1750    i.on_connected_evt  nrf_ble_gatt.o
    0x0002d784   0x0002d784   0x0000006c   Code   RO         3040    i.on_ctrlpt_write   ble_dfu.o
    0x0002d7f0   0x0002d7f0   0x00000114   Code   RO         1751    i.on_data_length_update_evt  nrf_ble_gatt.o
    0x0002d904   0x0002d904   0x0000007c   Code   RO         1752    i.on_data_length_update_request_evt  nrf_ble_gatt.o
    0x0002d980   0x0002d980   0x0000014c   Code   RO         1753    i.on_exchange_mtu_request_evt  nrf_ble_gatt.o
    0x0002dacc   0x0002dacc   0x000000ac   Code   RO         1754    i.on_exchange_mtu_rsp_evt  nrf_ble_gatt.o
    0x0002db78   0x0002db78   0x00000024   Code   RO         5077    i.page_identify     fds.o
    0x0002db9c   0x0002db9c   0x0000001c   Code   RO         5078    i.page_offsets_update  fds.o
    0x0002dbb8   0x0002dbb8   0x0000006c   Code   RO         5079    i.page_scan         fds.o
    0x0002dc24   0x0002dc24   0x0000001c   Code   RO         5080    i.page_tag_write_data  fds.o
    0x0002dc40   0x0002dc40   0x00000024   Code   RO         5081    i.page_tag_write_swap  fds.o
    0x0002dc64   0x0002dc64   0x00000130   Code   RO         5082    i.pages_init        fds.o
    0x0002dd94   0x0002dd94   0x0000000c   Code   RO         2708    i.pairing           security_dispatcher.o
    0x0002dda0   0x0002dda0   0x00000074   Code   RO         2709    i.pairing_failure   security_dispatcher.o
    0x0002de14   0x0002de14   0x0000002e   Code   RO         2710    i.pairing_success_evt_send  security_dispatcher.o
    0x0002de42   0x0002de42   0x00000006   Code   RO         2850    i.params_reply_pending_handle  security_manager.o
    0x0002de48   0x0002de48   0x00000020   Code   RO         2851    i.params_req_send   security_manager.o
    0x0002de68   0x0002de68   0x0000001c   Code   RO         2042    i.pdb_evt_send      peer_database.o
    0x0002de84   0x0002de84   0x00000090   Code   RO         2043    i.pdb_init          peer_database.o
    0x0002df14   0x0002df14   0x0000007c   Code   RO         2044    i.pdb_pds_evt_handler  peer_database.o
    0x0002df90   0x0002df90   0x00000006   Code   RO         2045    i.pdb_peer_data_ptr_get  peer_database.o
    0x0002df96   0x0002df96   0x00000002   PAD
    0x0002df98   0x0002df98   0x0000008c   Code   RO         2046    i.pdb_peer_free     peer_database.o
    0x0002e024   0x0002e024   0x000000dc   Code   RO         2047    i.pdb_write_buf_get  peer_database.o
    0x0002e100   0x0002e100   0x00000014   Code   RO         2048    i.pdb_write_buf_release  peer_database.o
    0x0002e114   0x0002e114   0x00000036   Code   RO         2049    i.pdb_write_buf_store  peer_database.o
    0x0002e14a   0x0002e14a   0x00000002   PAD
    0x0002e14c   0x0002e14c   0x00000010   Code   RO         1901    i.pds_evt_send      peer_data_storage.o
    0x0002e15c   0x0002e15c   0x000000dc   Code   RO         1902    i.pds_init          peer_data_storage.o
    0x0002e238   0x0002e238   0x00000004   Code   RO         1903    i.pds_next_deleted_peer_id_get  peer_data_storage.o
    0x0002e23c   0x0002e23c   0x00000004   Code   RO         1904    i.pds_next_peer_id_get  peer_data_storage.o
    0x0002e240   0x0002e240   0x00000058   Code   RO         1907    i.pds_peer_data_iterate  peer_data_storage.o
    0x0002e298   0x0002e298   0x00000010   Code   RO         1908    i.pds_peer_data_iterate_prepare  peer_data_storage.o
    0x0002e2a8   0x0002e2a8   0x00000072   Code   RO         1909    i.pds_peer_data_read  peer_data_storage.o
    0x0002e31a   0x0002e31a   0x00000002   PAD
    0x0002e31c   0x0002e31c   0x000000b4   Code   RO         1910    i.pds_peer_data_store  peer_data_storage.o
    0x0002e3d0   0x0002e3d0   0x00000008   Code   RO         1911    i.pds_peer_id_allocate  peer_data_storage.o
    0x0002e3d8   0x0002e3d8   0x00000016   Code   RO         1912    i.pds_peer_id_free  peer_data_storage.o
    0x0002e3ee   0x0002e3ee   0x00000004   Code   RO         1913    i.pds_peer_id_is_allocated  peer_data_storage.o
    0x0002e3f2   0x0002e3f2   0x00000002   PAD
    0x0002e3f4   0x0002e3f4   0x000000a8   Code   RO         1915    i.peer_data_delete_process  peer_data_storage.o
    0x0002e49c   0x0002e49c   0x00000030   Code   RO         1916    i.peer_data_find    peer_data_storage.o
    0x0002e4cc   0x0002e4cc   0x00000024   Code   RO         1917    i.peer_data_id_is_valid  peer_data_storage.o
    0x0002e4f0   0x0002e4f0   0x0000001a   Code   RO         2050    i.peer_data_point_to_buffer  peer_database.o
    0x0002e50a   0x0002e50a   0x00000002   PAD
    0x0002e50c   0x0002e50c   0x0000000c   Code   RO         2163    i.peer_id_allocate  peer_id.o
    0x0002e518   0x0002e518   0x00000024   Code   RO         2164    i.peer_id_delete    peer_id.o
    0x0002e53c   0x0002e53c   0x0000001c   Code   RO         2165    i.peer_id_free      peer_id.o
    0x0002e558   0x0002e558   0x0000000c   Code   RO         2166    i.peer_id_get_next_deleted  peer_id.o
    0x0002e564   0x0002e564   0x00000030   Code   RO         2167    i.peer_id_get_next_used  peer_id.o
    0x0002e594   0x0002e594   0x0000000c   Code   RO         2168    i.peer_id_init      peer_id.o
    0x0002e5a0   0x0002e5a0   0x00000014   Code   RO         2169    i.peer_id_is_allocated  peer_id.o
    0x0002e5b4   0x0002e5b4   0x00000014   Code   RO         2170    i.peer_id_is_deleted  peer_id.o
    0x0002e5c8   0x0002e5c8   0x0000006c   Code   RO           15    i.peer_manager_init  main.o
    0x0002e634   0x0002e634   0x00000012   Code   RO          924    i.phy_is_valid      ble_advertising.o
    0x0002e646   0x0002e646   0x00000002   PAD
    0x0002e648   0x0002e648   0x0000001c   Code   RO         3724    i.pin_configured_set  nrfx_gpiote.o
    0x0002e664   0x0002e664   0x00000018   Code   RO         3725    i.pin_in_use_by_port  nrfx_gpiote.o
    0x0002e67c   0x0002e67c   0x00000018   Code   RO         3726    i.pin_in_use_by_te  nrfx_gpiote.o
    0x0002e694   0x0002e694   0x00000064   Code   RO         2655    i.pm_buffer_block_acquire  pm_buffer.o
    0x0002e6f8   0x0002e6f8   0x00000024   Code   RO         2656    i.pm_buffer_init    pm_buffer.o
    0x0002e71c   0x0002e71c   0x00000028   Code   RO         2657    i.pm_buffer_ptr_get  pm_buffer.o
    0x0002e744   0x0002e744   0x00000032   Code   RO         2658    i.pm_buffer_release  pm_buffer.o
    0x0002e776   0x0002e776   0x0000000a   Code   RO         2255    i.pm_conn_sec_config_reply  peer_manager.o
    0x0002e780   0x0002e780   0x00000104   Code   RO           16    i.pm_evt_handler    main.o
    0x0002e884   0x0002e884   0x00000004   Code   RO         2260    i.pm_gcm_evt_handler  peer_manager.o
    0x0002e888   0x0002e888   0x00000004   Code   RO         2261    i.pm_gscm_evt_handler  peer_manager.o
    0x0002e88c   0x0002e88c   0x00000004   Code   RO         2264    i.pm_im_evt_handler  peer_manager.o
    0x0002e890   0x0002e890   0x000001bc   Code   RO         2265    i.pm_init           peer_manager.o
    0x0002ea4c   0x0002ea4c   0x00000118   Code   RO         2269    i.pm_pdb_evt_handler  peer_manager.o
    0x0002eb64   0x0002eb64   0x00000014   Code   RO         2280    i.pm_peer_delete    peer_manager.o
    0x0002eb78   0x0002eb78   0x000000e8   Code   RO         2285    i.pm_peer_ranks_get  peer_manager.o
    0x0002ec60   0x0002ec60   0x00000094   Code   RO         2286    i.pm_peers_delete   peer_manager.o
    0x0002ecf4   0x0002ecf4   0x0000002c   Code   RO         2289    i.pm_register       peer_manager.o
    0x0002ed20   0x0002ed20   0x00000014   Code   RO         2291    i.pm_sec_params_set  peer_manager.o
    0x0002ed34   0x0002ed34   0x0000000a   Code   RO         2292    i.pm_sm_evt_handler  peer_manager.o
    0x0002ed3e   0x0002ed3e   0x00000002   PAD
    0x0002ed40   0x0002ed40   0x000000b4   Code   RO         3727    i.port_event_handle  nrfx_gpiote.o
    0x0002edf4   0x0002edf4   0x00000010   Code   RO         3728    i.port_handler_polarity_get  nrfx_gpiote.o
    0x0002ee04   0x0002ee04   0x0000003c   Code   RO         6768    i.postfix_process   nrf_log_str_formatter.o
    0x0002ee40   0x0002ee40   0x00000098   Code   RO         6769    i.prefix_process    nrf_log_str_formatter.o
    0x0002eed8   0x0002eed8   0x00000018   Code   RO         3991    i.prs_box_get       nrfx_prs.o
    0x0002eef0   0x0002eef0   0x0000001c   Code   RO         5083    i.queue_buf_get     fds.o
    0x0002ef0c   0x0002ef0c   0x00000010   Code   RO         5084    i.queue_buf_store   fds.o
    0x0002ef1c   0x0002ef1c   0x00000014   Code   RO         5892    i.queue_free        nrf_fstorage_sd.o
    0x0002ef30   0x0002ef30   0x000000a4   Code   RO         5085    i.queue_process     fds.o
    0x0002efd4   0x0002efd4   0x000000a0   Code   RO         5893    i.queue_process     nrf_fstorage_sd.o
    0x0002f074   0x0002f074   0x0000001c   Code   RO         5086    i.queue_start       fds.o
    0x0002f090   0x0002f090   0x00000024   Code   RO         5894    i.queue_start       nrf_fstorage_sd.o
    0x0002f0b4   0x0002f0b4   0x00000034   Code   RO         2295    i.rank_vars_update  peer_manager.o
    0x0002f0e8   0x0002f0e8   0x0000000e   Code   RO         5895    i.read              nrf_fstorage_sd.o
    0x0002f0f6   0x0002f0f6   0x00000002   PAD
    0x0002f0f8   0x0002f0f8   0x000000a8   Code   RO         2051    i.reattempt_previous_operations  peer_database.o
    0x0002f1a0   0x0002f1a0   0x00000090   Code   RO         5087    i.record_find       fds.o
    0x0002f230   0x0002f230   0x000000a0   Code   RO         5088    i.record_find_by_desc  fds.o
    0x0002f2d0   0x0002f2d0   0x0000005c   Code   RO         5089    i.record_find_next  fds.o
    0x0002f32c   0x0002f32c   0x0000003c   Code   RO         5090    i.record_header_flag_dirty  fds.o
    0x0002f368   0x0002f368   0x00000010   Code   RO         2172    i.release           peer_id.o
    0x0002f378   0x0002f378   0x00000004   Code   RO         5896    i.rmap              nrf_fstorage_sd.o
    0x0002f37c   0x0002f37c   0x0000005c   Code   RO         4648    i.rtc_irq           app_timer2.o
    0x0002f3d8   0x0002f3d8   0x00000064   Code   RO         4649    i.rtc_schedule      app_timer2.o
    0x0002f43c   0x0002f43c   0x00000074   Code   RO         4650    i.rtc_update        app_timer2.o
    0x0002f4b0   0x0002f4b0   0x00000032   Code   RO         4062    i.rx_byte           nrfx_uart.o
    0x0002f4e2   0x0002f4e2   0x00000016   Code   RO         4063    i.rx_done_event     nrfx_uart.o
    0x0002f4f8   0x0002f4f8   0x00000016   Code   RO         4249    i.rx_done_event     nrfx_uarte.o
    0x0002f50e   0x0002f50e   0x00000002   PAD
    0x0002f510   0x0002f510   0x00000024   Code   RO         1325    i.sc_send_pending_handle  gatt_cache_manager.o
    0x0002f534   0x0002f534   0x00000058   Code   RO         3215    i.sd_state_evt_handler  nrf_drv_clock.o
    0x0002f58c   0x0002f58c   0x00000030   Code   RO         7212    i.sdh_request_observer_notify  nrf_sdh.o
    0x0002f5bc   0x0002f5bc   0x0000002c   Code   RO         7213    i.sdh_state_observer_notify  nrf_sdh.o
    0x0002f5e8   0x0002f5e8   0x000000d8   Code   RO         2711    i.sec_info_request_process  security_dispatcher.o
    0x0002f6c0   0x0002f6c0   0x000000f4   Code   RO         2712    i.sec_keyset_fill   security_dispatcher.o
    0x0002f7b4   0x0002f7b4   0x00000076   Code   RO         2852    i.sec_params_verify  security_manager.o
    0x0002f82a   0x0002f82a   0x00000002   PAD
    0x0002f82c   0x0002f82c   0x00000060   Code   RO         2713    i.sec_proc_start    security_dispatcher.o
    0x0002f88c   0x0002f88c   0x0000005c   Code   RO         2853    i.sec_req_process   security_manager.o
    0x0002f8e8   0x0002f8e8   0x00000022   Code   RO         2714    i.send_config_req   security_dispatcher.o
    0x0002f90a   0x0002f90a   0x00000002   PAD
    0x0002f90c   0x0002f90c   0x00000010   Code   RO         1012    i.send_error_evt    ble_conn_params.o
    0x0002f91c   0x0002f91c   0x00000028   Code   RO         1326    i.send_unexpected_error  gatt_cache_manager.o
    0x0002f944   0x0002f944   0x00000028   Code   RO         2715    i.send_unexpected_error  security_dispatcher.o
    0x0002f96c   0x0002f96c   0x00000050   Code   RO         6365    i.serial_tx         nrf_log_backend_rtt.o
    0x0002f9bc   0x0002f9bc   0x00000040   Code   RO         6468    i.serial_tx         nrf_log_backend_uart.o
    0x0002f9fc   0x0002f9fc   0x00000014   Code   RO         1327    i.service_changed_pending_flags_check  gatt_cache_manager.o
    0x0002fa10   0x0002fa10   0x00000094   Code   RO         1486    i.service_changed_pending_set  gatts_cache_manager.o
    0x0002faa4   0x0002faa4   0x00000168   Code   RO         1328    i.service_changed_send_in_evt  gatt_cache_manager.o
    0x0002fc0c   0x0002fc0c   0x00000088   Code   RO          817    i.service_data_encode  ble_advdata.o
    0x0002fc94   0x0002fc94   0x00000030   Code   RO         1255    i.set_security_req  ble_srv_common.o
    0x0002fcc4   0x0002fcc4   0x0000007c   Code   RO         6079    i.shutdown_process  nrf_pwr_mgmt.o
    0x0002fd40   0x0002fd40   0x00000028   Code   RO           17    i.sleep_mode_enter  main.o
    0x0002fd68   0x0002fd68   0x0000002c   Code   RO         2854    i.sm_ble_evt_handler  security_manager.o
    0x0002fd94   0x0002fd94   0x00000004   Code   RO         2855    i.sm_conn_sec_config_reply  security_manager.o
    0x0002fd98   0x0002fd98   0x000000a2   Code   RO         2856    i.sm_conn_sec_status_get  security_manager.o
    0x0002fe3a   0x0002fe3a   0x00000002   PAD
    0x0002fe3c   0x0002fe3c   0x00000058   Code   RO         2857    i.sm_init           security_manager.o
    0x0002fe94   0x0002fe94   0x00000044   Code   RO         2860    i.sm_pdb_evt_handler  security_manager.o
    0x0002fed8   0x0002fed8   0x00000028   Code   RO         2861    i.sm_sec_is_sufficient  security_manager.o
    0x0002ff00   0x0002ff00   0x00000034   Code   RO         2863    i.sm_sec_params_set  security_manager.o
    0x0002ff34   0x0002ff34   0x0000002c   Code   RO         2864    i.sm_smd_evt_handler  security_manager.o
    0x0002ff60   0x0002ff60   0x000000f4   Code   RO         2716    i.smd_ble_evt_handler  security_dispatcher.o
    0x00030054   0x00030054   0x00000010   Code   RO         2717    i.smd_conn_sec_config_reply  security_dispatcher.o
    0x00030064   0x00030064   0x00000068   Code   RO         2718    i.smd_init          security_dispatcher.o
    0x000300cc   0x000300cc   0x00000028   Code   RO         2719    i.smd_link_secure   security_dispatcher.o
    0x000300f4   0x000300f4   0x000000ac   Code   RO         2720    i.smd_params_reply  security_dispatcher.o
    0x000301a0   0x000301a0   0x00000040   Code   RO         2865    i.smd_params_reply_perform  security_manager.o
    0x000301e0   0x000301e0   0x00000018   Code   RO         3216    i.soc_evt_handler   nrf_drv_clock.o
    0x000301f8   0x000301f8   0x00000040   Code   RO         7214    i.softdevice_evt_irq_disable  nrf_sdh.o
    0x00030238   0x00030238   0x00000058   Code   RO         7215    i.softdevices_evt_irq_enable  nrf_sdh.o
    0x00030290   0x00030290   0x0000000c   Code   RO         4651    i.sortlist_pop      app_timer2.o
    0x0003029c   0x0003029c   0x00000030   Code   RO         4398    i.state_set         app_button.o
    0x000302cc   0x000302cc   0x00000094   Code   RO         6603    i.std_n             nrf_log_frontend.o
    0x00030360   0x00030360   0x0000006c   Code   RO         1329    i.store_car_value   gatt_cache_manager.o
    0x000303cc   0x000303cc   0x00000058   Code   RO         4652    i.timer_expire      app_timer2.o
    0x00030424   0x00030424   0x00000078   Code   RO         4653    i.timer_req_process  app_timer2.o
    0x0003049c   0x0003049c   0x00000038   Code   RO         4654    i.timer_req_schedule  app_timer2.o
    0x000304d4   0x000304d4   0x00000018   Code   RO         4399    i.timer_start       app_button.o
    0x000304ec   0x000304ec   0x00000030   Code   RO           18    i.timer_timeout_handler  main.o
    0x0003051c   0x0003051c   0x00000020   Code   RO         4065    i.tx_byte           nrfx_uart.o
    0x0003053c   0x0003053c   0x0000001a   Code   RO         4066    i.tx_done_event     nrfx_uart.o
    0x00030556   0x00030556   0x0000001a   Code   RO         4250    i.tx_done_event     nrfx_uarte.o
    0x00030570   0x00030570   0x00000030   Code   RO         3354    i.uart_evt_handler  nrf_drv_uart.o
    0x000305a0   0x000305a0   0x0000000c   Code   RO         6469    i.uart_evt_handler  nrf_log_backend_uart.o
    0x000305ac   0x000305ac   0x00000050   Code   RO         6470    i.uart_init         nrf_log_backend_uart.o
    0x000305fc   0x000305fc   0x0000012a   Code   RO         4067    i.uart_irq_handler  nrfx_uart.o
    0x00030726   0x00030726   0x00000002   PAD
    0x00030728   0x00030728   0x00000030   Code   RO         3355    i.uarte_evt_handler  nrf_drv_uart.o
    0x00030758   0x00030758   0x00000112   Code   RO         4251    i.uarte_irq_handler  nrfx_uarte.o
    0x0003086a   0x0003086a   0x0000000a   Code   RO          818    i.uint16_encode     ble_advdata.o
    0x00030874   0x00030874   0x00000020   Code   RO         5897    i.uninit            nrf_fstorage_sd.o
    0x00030894   0x00030894   0x000000b4   Code   RO         5761    i.unsigned_print    nrf_fprintf_format.o
    0x00030948   0x00030948   0x00000030   Code   RO         1330    i.update_pending_flags_check  gatt_cache_manager.o
    0x00030978   0x00030978   0x00000068   Code   RO         1013    i.update_timeout_handler  ble_conn_params.o
    0x000309e0   0x000309e0   0x00000018   Code   RO          925    i.use_whitelist     ble_advertising.o
    0x000309f8   0x000309f8   0x0000000c   Code   RO         1100    i.user_flag_is_acquired  ble_conn_state.o
    0x00030a04   0x00030a04   0x00000024   Code   RO         1861    i.user_mem_reply    nrf_ble_qwr.o
    0x00030a28   0x00030a28   0x00000020   Code   RO         4400    i.usr_event         app_button.o
    0x00030a48   0x00030a48   0x00000030   Code   RO          819    i.uuid_list_encode  ble_advdata.o
    0x00030a78   0x00030a78   0x0000009e   Code   RO          820    i.uuid_list_sized_encode  ble_advdata.o
    0x00030b16   0x00030b16   0x0000003a   Code   RO          570    i.wakeup_button_cfg  bsp.o
    0x00030b50   0x00030b50   0x00000004   Code   RO         5898    i.wmap              nrf_fstorage_sd.o
    0x00030b54   0x00030b54   0x00000050   Code   RO         5899    i.write             nrf_fstorage_sd.o
    0x00030ba4   0x00030ba4   0x0000014c   Code   RO         2052    i.write_buf_store   peer_database.o
    0x00030cf0   0x00030cf0   0x00000034   Code   RO         2053    i.write_buffer_record_find  peer_database.o
    0x00030d24   0x00030d24   0x00000030   Code   RO         2054    i.write_buffer_record_find_next  peer_database.o
    0x00030d54   0x00030d54   0x0000001c   Code   RO         2055    i.write_buffer_record_invalidate  peer_database.o
    0x00030d70   0x00030d70   0x0000002c   Code   RO         2056    i.write_buffer_record_release  peer_database.o
    0x00030d9c   0x00030d9c   0x000000f4   Code   RO         5092    i.write_enqueue     fds.o
    0x00030e90   0x00030e90   0x000000f8   Code   RO         5093    i.write_execute     fds.o
    0x00030f88   0x00030f88   0x00000018   Code   RO         5094    i.write_space_free  fds.o
    0x00030fa0   0x00030fa0   0x00000060   Code   RO         5095    i.write_space_reserve  fds.o
    0x00031000   0x00031000   0x00000004   Data   RO           21    .constdata          main.o
    0x00031004   0x00031004   0x00000008   Data   RO          457    .constdata          boards.o
    0x0003100c   0x0003100c   0x0000002c   Data   RO          575    .constdata          bsp.o
    0x00031038   0x00031038   0x0000006c   Data   RO         1331    .constdata          gatt_cache_manager.o
    0x000310a4   0x000310a4   0x00000004   Data   RO         1487    .constdata          gatts_cache_manager.o
    0x000310a8   0x000310a8   0x00000010   Data   RO         1488    .constdata          gatts_cache_manager.o
    0x000310b8   0x000310b8   0x00000004   Data   RO         1489    .constdata          gatts_cache_manager.o
    0x000310bc   0x000310bc   0x00000008   Data   RO         1596    .constdata          id_manager.o
    0x000310c4   0x000310c4   0x00000016   Data   RO         1755    .constdata          nrf_ble_gatt.o
    0x000310da   0x000310da   0x00000002   PAD
    0x000310dc   0x000310dc   0x00000018   Data   RO         1918    .constdata          peer_data_storage.o
    0x000310f4   0x000310f4   0x00000010   Data   RO         2058    .constdata          peer_database.o
    0x00031104   0x00031104   0x0000002c   Data   RO         2297    .constdata          peer_manager.o
    0x00031130   0x00031130   0x00000078   Data   RO         2722    .constdata          security_dispatcher.o
    0x000311a8   0x000311a8   0x00000008   Data   RO         2866    .constdata          security_manager.o
    0x000311b0   0x000311b0   0x00000018   Data   RO         3042    .constdata          ble_dfu.o
    0x000311c8   0x000311c8   0x00000004   Data   RO         3730    .constdata          nrfx_gpiote.o
    0x000311cc   0x000311cc   0x00000004   Data   RO         4070    .constdata          nrfx_uart.o
    0x000311d0   0x000311d0   0x00000004   Data   RO         4254    .constdata          nrfx_uarte.o
    0x000311d4   0x000311d4   0x00000008   Data   RO         4403    .constdata          app_button.o
    0x000311dc   0x000311dc   0x00000014   Data   RO         4657    .constdata          app_timer2.o
    0x000311f0   0x000311f0   0x00000006   Data   RO         4897    .constdata          drv_rtc.o
    0x000311f6   0x000311f6   0x00000002   PAD
    0x000311f8   0x000311f8   0x00000018   Data   RO         5098    .constdata          fds.o
    0x00031210   0x00031210   0x00000010   Data   RO         5762    .constdata          nrf_fprintf_format.o
    0x00031220   0x00031220   0x0000005e   Data   RO         5808    .constdata          nrf_fstorage.o
    0x0003127e   0x0003127e   0x00000002   PAD
    0x00031280   0x00031280   0x00000010   Data   RO         5902    .constdata          nrf_fstorage_sd.o
    0x00031290   0x00031290   0x00000020   Data   RO         5903    .constdata          nrf_fstorage_sd.o
    0x000312b0   0x000312b0   0x00000018   Data   RO         6081    .constdata          nrf_pwr_mgmt.o
    0x000312c8   0x000312c8   0x0000000c   Data   RO         6082    .constdata          nrf_pwr_mgmt.o
    0x000312d4   0x000312d4   0x0000013c   Data   RO         6301    .constdata          nrf_strerror.o
    0x00031410   0x00031410   0x0000000c   Data   RO         6367    .constdata          nrf_log_backend_rtt.o
    0x0003141c   0x0003141c   0x00000004   PAD
    0x00031420   0x00031420   0x00000006   Data   RO         6368    .constdata          nrf_log_backend_rtt.o
    0x00031426   0x00031426   0x00000002   PAD
    0x00031428   0x00031428   0x0000000c   Data   RO         6472    .constdata          nrf_log_backend_uart.o
    0x00031434   0x00031434   0x00000020   Data   RO         6473    .constdata          nrf_log_backend_uart.o
    0x00031454   0x00031454   0x0000000c   Data   RO         6608    .constdata          nrf_log_frontend.o
    0x00031460   0x00031460   0x00000010   Data   RO         7216    .constdata          nrf_sdh.o
    0x00031470   0x00031470   0x00000028   Data   RO         7217    .constdata          nrf_sdh.o
    0x00031498   0x00031498   0x00000010   Data   RO         7218    .constdata          nrf_sdh.o
    0x000314a8   0x000314a8   0x00000010   Data   RO         7219    .constdata          nrf_sdh.o
    0x000314b8   0x000314b8   0x00000020   Data   RO         7327    .constdata          nrf_sdh_ble.o
    0x000314d8   0x000314d8   0x00000010   Data   RO         7328    .constdata          nrf_sdh_ble.o
    0x000314e8   0x000314e8   0x00000010   Data   RO         7378    .constdata          nrf_sdh_soc.o
    0x000314f8   0x000314f8   0x0000000c   Data   RO         7379    .constdata          nrf_sdh_soc.o
    0x00031504   0x00031504   0x00000081   Data   RO         7480    .constdata          mc_w.l(ctype_o.o)
    0x00031585   0x00031585   0x00000003   PAD
    0x00031588   0x00031588   0x00000004   Data   RO         7481    .constdata          mc_w.l(ctype_o.o)
    0x0003158c   0x0003158c   0x00000041   Data   RO           22    .conststring        main.o
    0x000315cd   0x000315cd   0x00000003   PAD
    0x000315d0   0x000315d0   0x000001a4   Data   RO         1332    .conststring        gatt_cache_manager.o
    0x00031774   0x00031774   0x0000019c   Data   RO         1490    .conststring        gatts_cache_manager.o
    0x00031910   0x00031910   0x0000013e   Data   RO         1756    .conststring        nrf_ble_gatt.o
    0x00031a4e   0x00031a4e   0x00000002   PAD
    0x00031a50   0x00031a50   0x000000e8   Data   RO         1919    .conststring        peer_data_storage.o
    0x00031b38   0x00031b38   0x00000180   Data   RO         2059    .conststring        peer_database.o
    0x00031cb8   0x00031cb8   0x00000090   Data   RO         2298    .conststring        peer_manager.o
    0x00031d48   0x00031d48   0x000002b2   Data   RO         2723    .conststring        security_dispatcher.o
    0x00031ffa   0x00031ffa   0x00000002   PAD
    0x00031ffc   0x00031ffc   0x0000017b   Data   RO         2867    .conststring        security_manager.o
    0x00032177   0x00032177   0x00000001   PAD
    0x00032178   0x00032178   0x000000ce   Data   RO         3146    .conststring        ble_dfu_unbonded.o
    0x00032246   0x00032246   0x00000002   PAD
    0x00032248   0x00032248   0x0000004f   Data   RO         5809    .conststring        nrf_fstorage.o
    0x00032297   0x00032297   0x00000001   PAD
    0x00032298   0x00032298   0x000003eb   Data   RO         6302    .conststring        nrf_strerror.o
    0x00032683   0x00032683   0x00000001   PAD
    0x00032684   0x00032684   0x00000066   Data   RO         6770    .conststring        nrf_log_str_formatter.o
    0x000326ea   0x000326ea   0x00000002   PAD
    0x000326ec   0x000326ec   0x00000188   Data   RO         7329    .conststring        nrf_sdh_ble.o
    0x00032874   0x00032874   0x00000011   Data   RO         1333    .conststrlit        gatt_cache_manager.o
    0x00032885   0x00032885   0x00000003   PAD
    0x00032888   0x00032888   0x00000012   Data   RO         1491    .conststrlit        gatts_cache_manager.o
    0x0003289a   0x0003289a   0x00000002   PAD
    0x0003289c   0x0003289c   0x00000010   Data   RO         1598    .conststrlit        id_manager.o
    0x000328ac   0x000328ac   0x0000000d   Data   RO         1757    .conststrlit        nrf_ble_gatt.o
    0x000328b9   0x000328b9   0x00000003   PAD
    0x000328bc   0x000328bc   0x00000011   Data   RO         1920    .conststrlit        peer_data_storage.o
    0x000328cd   0x000328cd   0x00000003   PAD
    0x000328d0   0x000328d0   0x00000011   Data   RO         2060    .conststrlit        peer_database.o
    0x000328e1   0x000328e1   0x00000003   PAD
    0x000328e4   0x000328e4   0x0000000d   Data   RO         2299    .conststrlit        peer_manager.o
    0x000328f1   0x000328f1   0x00000003   PAD
    0x000328f4   0x000328f4   0x00000015   Data   RO         2574    .conststrlit        peer_manager_handler.o
    0x00032909   0x00032909   0x00000003   PAD
    0x0003290c   0x0003290c   0x00000011   Data   RO         2724    .conststrlit        security_dispatcher.o
    0x0003291d   0x0003291d   0x00000003   PAD
    0x00032920   0x00032920   0x00000010   Data   RO         2868    .conststrlit        security_manager.o
    0x00032930   0x00032930   0x00000006   Data   RO         3222    .conststrlit        nrf_drv_clock.o
    0x00032936   0x00032936   0x00000002   PAD
    0x00032938   0x00032938   0x00000006   Data   RO         3561    .conststrlit        nrfx_clock.o
    0x0003293e   0x0003293e   0x00000002   PAD
    0x00032940   0x00032940   0x00000007   Data   RO         3734    .conststrlit        nrfx_gpiote.o
    0x00032947   0x00032947   0x00000001   PAD
    0x00032948   0x00032948   0x00000004   Data   RO         3993    .conststrlit        nrfx_prs.o
    0x0003294c   0x0003294c   0x00000005   Data   RO         4073    .conststrlit        nrfx_uart.o
    0x00032951   0x00032951   0x00000003   PAD
    0x00032954   0x00032954   0x00000006   Data   RO         4257    .conststrlit        nrfx_uarte.o
    0x0003295a   0x0003295a   0x00000002   PAD
    0x0003295c   0x0003295c   0x0000000b   Data   RO         4404    .conststrlit        app_button.o
    0x00032967   0x00032967   0x00000001   PAD
    0x00032968   0x00032968   0x0000000a   Data   RO         4658    .conststrlit        app_timer2.o
    0x00032972   0x00032972   0x00000002   PAD
    0x00032974   0x00032974   0x0000000d   Data   RO         5810    .conststrlit        nrf_fstorage.o
    0x00032981   0x00032981   0x00000003   PAD
    0x00032984   0x00032984   0x00000009   Data   RO         6083    .conststrlit        nrf_pwr_mgmt.o
    0x0003298d   0x0003298d   0x00000003   PAD
    0x00032990   0x00032990   0x00000009   Data   RO         6248    .conststrlit        nrf_sortlist.o
    0x00032999   0x00032999   0x00000003   PAD
    0x0003299c   0x0003299c   0x00000021   Data   RO         6538    .conststrlit        nrf_log_default_backends.o
    0x000329bd   0x000329bd   0x00000003   PAD
    0x000329c0   0x000329c0   0x00000004   Data   RO         6609    .conststrlit        nrf_log_frontend.o
    0x000329c4   0x000329c4   0x00000008   Data   RO         7220    .conststrlit        nrf_sdh.o
    0x000329cc   0x000329cc   0x0000000c   Data   RO         7330    .conststrlit        nrf_sdh_ble.o
    0x000329d8   0x000329d8   0x0000000c   Data   RO         7380    .conststrlit        nrf_sdh_soc.o
    0x000329e4   0x000329e4   0x00000020   Data   RO         7541    Region$$Table       anon$$obj.o
    0x00032a04   0x00032a04   0x00000020   Data   RO         6541    log_backends        nrf_log_default_backends.o
    0x00032a24   0x00032a24   0x00000008   Data   RO         1335    log_const_data      gatt_cache_manager.o
    0x00032a2c   0x00032a2c   0x00000008   Data   RO         1493    log_const_data      gatts_cache_manager.o
    0x00032a34   0x00032a34   0x00000008   Data   RO         1600    log_const_data      id_manager.o
    0x00032a3c   0x00032a3c   0x00000008   Data   RO         1758    log_const_data      nrf_ble_gatt.o
    0x00032a44   0x00032a44   0x00000008   Data   RO         1922    log_const_data      peer_data_storage.o
    0x00032a4c   0x00032a4c   0x00000008   Data   RO         2062    log_const_data      peer_database.o
    0x00032a54   0x00032a54   0x00000008   Data   RO         2301    log_const_data      peer_manager.o
    0x00032a5c   0x00032a5c   0x00000008   Data   RO         2577    log_const_data      peer_manager_handler.o
    0x00032a64   0x00032a64   0x00000008   Data   RO         2726    log_const_data      security_dispatcher.o
    0x00032a6c   0x00032a6c   0x00000008   Data   RO         2870    log_const_data      security_manager.o
    0x00032a74   0x00032a74   0x00000008   Data   RO         3223    log_const_data      nrf_drv_clock.o
    0x00032a7c   0x00032a7c   0x00000008   Data   RO         3563    log_const_data      nrfx_clock.o
    0x00032a84   0x00032a84   0x00000008   Data   RO         3735    log_const_data      nrfx_gpiote.o
    0x00032a8c   0x00032a8c   0x00000008   Data   RO         3995    log_const_data      nrfx_prs.o
    0x00032a94   0x00032a94   0x00000008   Data   RO         4074    log_const_data      nrfx_uart.o
    0x00032a9c   0x00032a9c   0x00000008   Data   RO         4258    log_const_data      nrfx_uarte.o
    0x00032aa4   0x00032aa4   0x00000008   Data   RO         4406    log_const_data      app_button.o
    0x00032aac   0x00032aac   0x00000008   Data   RO         4661    log_const_data      app_timer2.o
    0x00032ab4   0x00032ab4   0x00000008   Data   RO         5811    log_const_data      nrf_fstorage.o
    0x00032abc   0x00032abc   0x00000008   Data   RO         6085    log_const_data      nrf_pwr_mgmt.o
    0x00032ac4   0x00032ac4   0x00000008   Data   RO         6249    log_const_data      nrf_sortlist.o
    0x00032acc   0x00032acc   0x00000008   Data   RO         6613    log_const_data      nrf_log_frontend.o
    0x00032ad4   0x00032ad4   0x00000008   Data   RO         7222    log_const_data      nrf_sdh.o
    0x00032adc   0x00032adc   0x00000008   Data   RO         7332    log_const_data      nrf_sdh_ble.o
    0x00032ae4   0x00032ae4   0x00000008   Data   RO         7381    log_const_data      nrf_sdh_soc.o
    0x00032aec   0x00032aec   0x00000014   Data   RO         6614    nrf_balloc          nrf_log_frontend.o
    0x00032b00   0x00032b00   0x00000008   Data   RO         1102    sdh_ble_observers0  ble_conn_state.o
    0x00032b08   0x00032b08   0x00000010   Data   RO           24    sdh_ble_observers1  main.o
    0x00032b18   0x00032b18   0x00000008   Data   RO          678    sdh_ble_observers1  bsp_btn_ble.o
    0x00032b20   0x00032b20   0x00000008   Data   RO         1016    sdh_ble_observers1  ble_conn_params.o
    0x00032b28   0x00032b28   0x00000008   Data   RO         2302    sdh_ble_observers1  peer_manager.o
    0x00032b30   0x00032b30   0x00000008   Data   RO           25    sdh_ble_observers2  main.o
    0x00032b38   0x00032b38   0x00000008   Data   RO         3043    sdh_ble_observers2  ble_dfu.o
    0x00032b40   0x00032b40   0x00000008   Data   RO           26    sdh_ble_observers3  main.o
    0x00032b48   0x00032b48   0x00000008   Data   RO         5905    sdh_req_observers0  nrf_fstorage_sd.o
    0x00032b50   0x00032b50   0x00000008   Data   RO         3224    sdh_soc_observers0  nrf_drv_clock.o
    0x00032b58   0x00032b58   0x00000008   Data   RO         5906    sdh_soc_observers0  nrf_fstorage_sd.o
    0x00032b60   0x00032b60   0x00000008   Data   RO         3148    sdh_soc_observers1  ble_dfu_unbonded.o
    0x00032b68   0x00032b68   0x00000008   Data   RO         7333    sdh_stack_observers0  nrf_sdh_ble.o
    0x00032b70   0x00032b70   0x00000008   Data   RO         7382    sdh_stack_observers0  nrf_sdh_soc.o
    0x00032b78   0x00032b78   0x00000008   Data   RO         3225    sdh_state_observers0  nrf_drv_clock.o
    0x00032b80   0x00032b80   0x00000008   Data   RO         5907    sdh_state_observers0  nrf_fstorage_sd.o


    Execution Region RW_IRAM1 (Exec base: 0x20002280, Load base: 0x00032b88, Size: 0x00003640, Max: 0x0000dd80, ABSOLUTE, COMPRESSED[0x00000060])

    Exec Addr    Load Addr    Size         Type   Attr      Idx    E Section Name        Object

    0x20002280   COMPRESSED   0x00000008   Data   RW           23    .data               main.o
    0x20002288   COMPRESSED   0x00000010   Data   RW          576    .data               bsp.o
    0x20002298   COMPRESSED   0x00000008   Data   RW          677    .data               bsp_btn_ble.o
    0x200022a0   COMPRESSED   0x00000008   Data   RW         1015    .data               ble_conn_params.o
    0x200022a8   COMPRESSED   0x00000010   Data   RW         1334    .data               gatt_cache_manager.o
    0x200022b8   COMPRESSED   0x0000000c   Data   RW         1492    .data               gatts_cache_manager.o
    0x200022c4   COMPRESSED   0x0000000c   Data   RW         1921    .data               peer_data_storage.o
    0x200022d0   COMPRESSED   0x00000008   Data   RW         2061    .data               peer_database.o
    0x200022d8   COMPRESSED   0x00000010   Data   RW         2300    .data               peer_manager.o
    0x200022e8   COMPRESSED   0x00000005   Data   RW         2725    .data               security_dispatcher.o
    0x200022ed   COMPRESSED   0x00000003   PAD
    0x200022f0   COMPRESSED   0x00000015   Data   RW         2869    .data               security_manager.o
    0x20002305   COMPRESSED   0x00000003   PAD
    0x20002308   COMPRESSED   0x00000004   Data   RW         3147    .data               ble_dfu_unbonded.o
    0x2000230c   COMPRESSED   0x0000000c   Data   RW         3356    .data               nrf_drv_uart.o
    0x20002318   COMPRESSED   0x00000008   Data   RW         3562    .data               nrfx_clock.o
    0x20002320   COMPRESSED   0x00000008   Data   RW         3994    .data               nrfx_prs.o
    0x20002328   COMPRESSED   0x00000018   Data   RW         4405    .data               app_button.o
    0x20002340   COMPRESSED   0x00000020   Data   RW         4659    .data               app_timer2.o
    0x20002360   COMPRESSED   0x00000004   Data   RW         4660    .data               app_timer2.o
    0x20002364   COMPRESSED   0x0000000c   Data   RW         4898    .data               drv_rtc.o
    0x20002370   COMPRESSED   0x00000030   Data   RW         5099    .data               fds.o
    0x200023a0   COMPRESSED   0x00000008   Data   RW         5904    .data               nrf_fstorage_sd.o
    0x200023a8   COMPRESSED   0x00000008   Data   RW         6084    .data               nrf_pwr_mgmt.o
    0x200023b0   COMPRESSED   0x00000001   Data   RW         6369    .data               nrf_log_backend_rtt.o
    0x200023b1   COMPRESSED   0x00000003   PAD
    0x200023b4   COMPRESSED   0x00000018   Data   RW         6474    .data               nrf_log_backend_uart.o
    0x200023cc   COMPRESSED   0x00000008   Data   RW         6539    .data               nrf_log_default_backends.o
    0x200023d4   COMPRESSED   0x00000008   Data   RW         6540    .data               nrf_log_default_backends.o
    0x200023dc   COMPRESSED   0x00000004   Data   RW         6610    .data               nrf_log_frontend.o
    0x200023e0   COMPRESSED   0x00000008   Data   RW         6611    .data               nrf_log_frontend.o
    0x200023e8   COMPRESSED   0x00000008   Data   RW         6612    .data               nrf_log_frontend.o
    0x200023f0   COMPRESSED   0x00000040   Data   RW         6771    .data               nrf_log_str_formatter.o
    0x20002430   COMPRESSED   0x00000003   Data   RW         7221    .data               nrf_sdh.o
    0x20002433   COMPRESSED   0x00000001   Data   RW         7331    .data               nrf_sdh_ble.o
    0x20002434   COMPRESSED   0x00000004   Data   RW         7421    .data               system_nrf52.o
    0x20002438   COMPRESSED   0x00000014   Data   RW         5100    fs_data             fds.o
    0x2000244c   COMPRESSED   0x00000004   PAD
    0x20002450        -       0x00000020   Zero   RW           19    .bss                main.o
    0x20002470        -       0x00000454   Zero   RW           20    .bss                main.o
    0x200028c4   COMPRESSED   0x00000004   PAD
    0x200028c8        -       0x00000020   Zero   RW          571    .bss                bsp.o
    0x200028e8        -       0x00000020   Zero   RW          572    .bss                bsp.o
    0x20002908        -       0x0000000c   Zero   RW          573    .bss                bsp.o
    0x20002914   COMPRESSED   0x00000004   PAD
    0x20002918        -       0x00000020   Zero   RW          574    .bss                bsp.o
    0x20002938        -       0x00000050   Zero   RW         1014    .bss                ble_conn_params.o
    0x20002988        -       0x0000007c   Zero   RW         1101    .bss                ble_conn_state.o
    0x20002a04        -       0x000000d8   Zero   RW         1595    .bss                id_manager.o
    0x20002adc        -       0x00000180   Zero   RW         2057    .bss                peer_database.o
    0x20002c5c        -       0x00000040   Zero   RW         2173    .bss                peer_id.o
    0x20002c9c        -       0x0000000c   Zero   RW         2296    .bss                peer_manager.o
    0x20002ca8        -       0x00000040   Zero   RW         2721    .bss                security_dispatcher.o
    0x20002ce8        -       0x0000001c   Zero   RW         3041    .bss                ble_dfu.o
    0x20002d04        -       0x00000028   Zero   RW         3145    .bss                ble_dfu_unbonded.o
    0x20002d2c        -       0x00000014   Zero   RW         3217    .bss                nrf_drv_clock.o
    0x20002d40        -       0x0000005c   Zero   RW         3729    .bss                nrfx_gpiote.o
    0x20002d9c        -       0x0000002c   Zero   RW         4068    .bss                nrfx_uart.o
    0x20002dc8        -       0x00000024   Zero   RW         4252    .bss                nrfx_uarte.o
    0x20002dec   COMPRESSED   0x00000004   PAD
    0x20002df0        -       0x00000020   Zero   RW         4401    .bss                app_button.o
    0x20002e10        -       0x00000010   Zero   RW         4402    .bss                app_button.o
    0x20002e20        -       0x00000010   Zero   RW         4655    .bss                app_timer2.o
    0x20002e30        -       0x00000058   Zero   RW         4656    .bss                app_timer2.o
    0x20002e88        -       0x0000000c   Zero   RW         4785    .bss                app_util_platform.o
    0x20002e94        -       0x00000010   Zero   RW         5096    .bss                fds.o
    0x20002ea4        -       0x000000e0   Zero   RW         5097    .bss                fds.o
    0x20002f84        -       0x00000010   Zero   RW         5900    .bss                nrf_fstorage_sd.o
    0x20002f94        -       0x000000a0   Zero   RW         5901    .bss                nrf_fstorage_sd.o
    0x20003034        -       0x0000000c   Zero   RW         6080    .bss                nrf_pwr_mgmt.o
    0x20003040        -       0x00000040   Zero   RW         6366    .bss                nrf_log_backend_rtt.o
    0x20003080        -       0x00000040   Zero   RW         6471    .bss                nrf_log_backend_uart.o
    0x200030c0        -       0x000000c0   Zero   RW         6604    .bss                nrf_log_frontend.o
    0x20003180        -       0x00000080   Zero   RW         6605    .bss                nrf_log_frontend.o
    0x20003200        -       0x00000018   Zero   RW         6606    .bss                nrf_log_frontend.o
    0x20003218        -       0x00000420   Zero   RW         6607    .bss                nrf_log_frontend.o
    0x20003638        -       0x00000288   Zero   RW         6877    .bss                segger_rtt.o
    0x200038c0        -       0x00002000   Zero   RW         7409    STACK               arm_startup_nrf52.o


==============================================================================

Image component sizes


      Code (inc. data)   RO Data    RW Data    ZI Data      Debug   Object Name

       664         66         27         24         48      17746   app_button.o
        22          0          0          0          0       2497   app_error.o
       132         46          0          0          0      30821   app_error_weak.o
         0          0          0          0          0      37150   app_scheduler.o
       846         88         38         36        104      16597   app_timer2.o
       124         14          0          0         12      10582   app_util_platform.o
        36          8        512          0       8192        924   arm_startup_nrf52.o
      1338          0          0          0          0      53368   ble_advdata.o
      1084          6          0          0          0      11750   ble_advertising.o
       636         44          8          8         80       9275   ble_conn_params.o
       792         68          8          0        124      16401   ble_conn_state.o
       628        146         32          0         28      14152   ble_dfu.o
         0          0          0          0          0       5312   ble_dfu_bonded.o
       476         42        214          4         40       7422   ble_dfu_unbonded.o
       464          6          0          0          0       4087   ble_srv_common.o
       358         40          8          0          0      14379   boards.o
       998         84         44         16        108      15919   bsp.o
       276          8          8          8          0       9528   bsp_btn_ble.o
       704         76          6         12          0      48525   drv_rtc.o
      3576        336         24         68        240      48683   fds.o
      2152        552        553         16          0      33787   gatt_cache_manager.o
       686         84        462         12          0      16571   gatts_cache_manager.o
       946         34         32          0        216      17032   id_manager.o
      2248        810        101          8       1140     198926   main.o
       342          0          0          0          0       6702   nrf_atfifo.o
       170          0          0          0          0       4788   nrf_atflags.o
       332          0          0          0          0      10110   nrf_atomic.o
       164          0          0          0          0       3624   nrf_balloc.o
      1714        784        361          0          0      38951   nrf_ble_gatt.o
       276          0          0          0          0       4697   nrf_ble_qwr.o
       380        236          0          0          0       1726   nrf_dfu_svci.o
       312         36         30          0         20      43580   nrf_drv_clock.o
       200         26          0         12          0      17804   nrf_drv_uart.o
        50          0          0          0          0       3533   nrf_fprintf.o
       866          4         16          0          0       6542   nrf_fprintf_format.o
       972        432        194          0          0       8016   nrf_fstorage.o
       798         82         72          8        176      15979   nrf_fstorage_sd.o
       112         18         18          1         64       6121   nrf_log_backend_rtt.o
       200          0          0          0          0      10905   nrf_log_backend_serial.o
       232         44         44         24         64      15894   nrf_log_backend_uart.o
        52          6         65         16          0       3457   nrf_log_default_backends.o
      1496        128         44         20       1400      30639   nrf_log_frontend.o
       570        108        102         64          0       5644   nrf_log_str_formatter.o
       346          0          0          0          0       9555   nrf_memobj.o
       292         42         53          8         12      41714   nrf_pwr_mgmt.o
        28          0          0          0          0       2363   nrf_ringbuf.o
       560         60        104          3          0      45196   nrf_sdh.o
       672        230        468          1          0       5853   nrf_sdh_ble.o
        60          4         56          0          0       2464   nrf_sdh_soc.o
        78          0          0          0          0       2772   nrf_section_iter.o
        84          0         17          0          0       4097   nrf_sortlist.o
        76         10       1319          0          0       2735   nrf_strerror.o
       242         32         14          8          0      47004   nrfx_clock.o
      1268        106         19          0         92      65705   nrfx_gpiote.o
       112         16         12          8          0       4484   nrfx_prs.o
      1310         42         17          0         44      30489   nrfx_uart.o
      1312         42         18          0         36      25955   nrfx_uarte.o
      1172        144        281         12          0      18234   peer_data_storage.o
      1434        260        425          8        384      19458   peer_database.o
       314         38          0          0         64       9139   peer_id.o
      1356        364        217         16         12      17905   peer_manager.o
         0          0         29          0          0       2472   peer_manager_handler.o
       234          0          0          0          0       5439   pm_buffer.o
      1960        274        835          5         64      27627   security_dispatcher.o
      1366        122        411         21          0      54480   security_manager.o
       378         34          0          0        648       8981   segger_rtt.o
       920         72          0          4          0      13339   system_nrf52.o

    ----------------------------------------------------------------------
     44070       6354       7424        460      13428    1347606   Object Totals
         0          0         32          0          0          0   (incl. Generated)
        72          0         74          9         16          0   (incl. Padding)

    ----------------------------------------------------------------------

      Code (inc. data)   RO Data    RW Data    ZI Data      Debug   Library Member Name

        86          0          0          0          0          0   __dczerorl2.o
         8          4        133          0          0         68   ctype_o.o
         0          0          0          0          0          0   entry.o
         0          0          0          0          0          0   entry10a.o
         0          0          0          0          0          0   entry11a.o
         8          4          0          0          0          0   entry2.o
         4          0          0          0          0          0   entry5.o
         0          0          0          0          0          0   entry7b.o
         0          0          0          0          0          0   entry8b.o
         8          4          0          0          0          0   entry9a.o
        30          0          0          0          0          0   handlers.o
        36          8          0          0          0         68   init.o
        30          0          0          0          0         68   llshl.o
        32          0          0          0          0         68   llushr.o
        26          0          0          0          0         80   memcmp.o
        36          0          0          0          0         68   memcpya.o
        36          0          0          0          0        108   memseta.o
        18          0          0          0          0         68   strcpy.o
        14          0          0          0          0         68   strlen.o
        98          0          0          0          0         92   uldiv.o

    ----------------------------------------------------------------------
       474         20        136          0          0        756   Library Totals
         4          0          3          0          0          0   (incl. Padding)

    ----------------------------------------------------------------------

      Code (inc. data)   RO Data    RW Data    ZI Data      Debug   Library Name

       470         20        133          0          0        756   mc_w.l

    ----------------------------------------------------------------------
       474         20        136          0          0        756   Library Totals

    ----------------------------------------------------------------------

==============================================================================


      Code (inc. data)   RO Data    RW Data    ZI Data      Debug   

     44544       6374       7560        460      13428    1292986   Grand Totals
     44544       6374       7560         96      13428    1292986   ELF Image Totals (compressed)
     44544       6374       7560         96          0          0   ROM Totals

==============================================================================

    Total RO  Size (Code + RO Data)                52104 (  50.88kB)
    Total RW  Size (RW Data + ZI Data)             13888 (  13.56kB)
    Total ROM Size (Code + RO Data + RW Data)      52200 (  50.98kB)

==============================================================================

