Component: ARM Compiler 5.06 update 6 (build 750) Tool: armlink [4d35ed]

==============================================================================

Section Cross References

    main.o(i.advertising_init) refers to memseta.o(.text) for __aeabi_memclr4
    main.o(i.advertising_init) refers to app_error_handler_keil.o(.emb_text) for app_error_handler
    main.o(i.advertising_init) refers to ble_advertising.o(i.ble_advertising_init) for ble_advertising_init
    main.o(i.advertising_init) refers to ble_advertising.o(i.ble_advertising_conn_cfg_tag_set) for ble_advertising_conn_cfg_tag_set
    main.o(i.advertising_init) refers to main.o(i.on_adv_evt) for on_adv_evt
    main.o(i.advertising_init) refers to main.o(.bss) for m_advertising
    main.o(i.advertising_start) refers to main.o(i.delete_bonds) for delete_bonds
    main.o(i.advertising_start) refers to ble_advertising.o(i.ble_advertising_start) for ble_advertising_start
    main.o(i.advertising_start) refers to app_error_handler_keil.o(.emb_text) for app_error_handler
    main.o(i.advertising_start) refers to nrf_log_frontend.o(i.nrf_log_frontend_std_0) for nrf_log_frontend_std_0
    main.o(i.advertising_start) refers to main.o(.bss) for m_advertising
    main.o(i.advertising_start) refers to nrf_log_frontend.o(log_const_data) for m_nrf_log_app_logs_data_const
    main.o(i.application_timers_start) refers to app_timer2.o(i.app_timer_start) for app_timer_start
    main.o(i.application_timers_start) refers to app_error_handler_keil.o(.emb_text) for app_error_handler
    main.o(i.application_timers_start) refers to main.o(.constdata) for m_app_timer_id
    main.o(i.assert_nrf_callback) refers to app_error_handler_keil.o(.emb_text) for app_error_handler
    main.o(i.ble_evt_handler) refers to nrf_log_frontend.o(i.nrf_log_frontend_std_0) for nrf_log_frontend_std_0
    main.o(i.ble_evt_handler) refers to bsp.o(i.bsp_indication_set) for bsp_indication_set
    main.o(i.ble_evt_handler) refers to app_error_handler_keil.o(.emb_text) for app_error_handler
    main.o(i.ble_evt_handler) refers to nrf_ble_qwr.o(i.nrf_ble_qwr_conn_handle_assign) for nrf_ble_qwr_conn_handle_assign
    main.o(i.ble_evt_handler) refers to nrf_log_frontend.o(log_const_data) for m_nrf_log_app_logs_data_const
    main.o(i.ble_evt_handler) refers to main.o(.data) for m_conn_handle
    main.o(i.ble_evt_handler) refers to main.o(.bss) for m_qwr
    main.o(i.ble_stack_init) refers to nrf_sdh.o(i.nrf_sdh_enable_request) for nrf_sdh_enable_request
    main.o(i.ble_stack_init) refers to app_error_handler_keil.o(.emb_text) for app_error_handler
    main.o(i.ble_stack_init) refers to nrf_sdh_ble.o(i.nrf_sdh_ble_default_cfg_set) for nrf_sdh_ble_default_cfg_set
    main.o(i.ble_stack_init) refers to nrf_sdh_ble.o(i.nrf_sdh_ble_enable) for nrf_sdh_ble_enable
    main.o(i.bsp_event_handler) refers to main.o(i.sleep_mode_enter) for sleep_mode_enter
    main.o(i.bsp_event_handler) refers to app_error_handler_keil.o(.emb_text) for app_error_handler
    main.o(i.bsp_event_handler) refers to ble_advertising.o(i.ble_advertising_restart_without_whitelist) for ble_advertising_restart_without_whitelist
    main.o(i.bsp_event_handler) refers to nrf_log_frontend.o(i.nrf_log_frontend_std_0) for nrf_log_frontend_std_0
    main.o(i.bsp_event_handler) refers to main.o(.data) for m_conn_handle
    main.o(i.bsp_event_handler) refers to main.o(.bss) for m_advertising
    main.o(i.bsp_event_handler) refers to nrf_log_frontend.o(log_const_data) for m_nrf_log_app_logs_data_const
    main.o(i.buttons_leds_init) refers to bsp.o(i.bsp_init) for bsp_init
    main.o(i.buttons_leds_init) refers to app_error_handler_keil.o(.emb_text) for app_error_handler
    main.o(i.buttons_leds_init) refers to bsp_btn_ble.o(i.bsp_btn_ble_init) for bsp_btn_ble_init
    main.o(i.buttons_leds_init) refers to main.o(i.bsp_event_handler) for bsp_event_handler
    main.o(i.conn_params_error_handler) refers to app_error_handler_keil.o(.emb_text) for app_error_handler
    main.o(i.conn_params_init) refers to memseta.o(.text) for __aeabi_memclr4
    main.o(i.conn_params_init) refers to ble_conn_params.o(i.ble_conn_params_init) for ble_conn_params_init
    main.o(i.conn_params_init) refers to app_error_handler_keil.o(.emb_text) for app_error_handler
    main.o(i.conn_params_init) refers to main.o(i.on_conn_params_evt) for on_conn_params_evt
    main.o(i.conn_params_init) refers to main.o(i.conn_params_error_handler) for conn_params_error_handler
    main.o(i.delete_bonds) refers to nrf_log_frontend.o(i.nrf_log_frontend_std_0) for nrf_log_frontend_std_0
    main.o(i.delete_bonds) refers to peer_manager.o(i.pm_peers_delete) for pm_peers_delete
    main.o(i.delete_bonds) refers to app_error_handler_keil.o(.emb_text) for app_error_handler
    main.o(i.delete_bonds) refers to nrf_log_frontend.o(log_const_data) for m_nrf_log_app_logs_data_const
    main.o(i.gap_params_init) refers to app_error_handler_keil.o(.emb_text) for app_error_handler
[...]
    0x0002d5c0   0x0002d5c0   0x0000003c   Code   RO        10946    i.nrf52_errata_57   system_nrf52.o
    0x0002d5fc   0x0002d5fc   0x00000058   Code   RO        10952    i.nrf52_errata_66   system_nrf52.o
    0x0002d654   0x0002d654   0x00000016   Code   RO         8623    i.nrf_atfifo_clear  nrf_atfifo.o
    0x0002d66a   0x0002d66a   0x00000028   Code   RO         8625    i.nrf_atfifo_init   nrf_atfifo.o
    0x0002d692   0x0002d692   0x0000001c   Code   RO         8626    i.nrf_atfifo_item_alloc  nrf_atfifo.o
    0x0002d6ae   0x0002d6ae   0x0000001c   Code   RO         8627    i.nrf_atfifo_item_free  nrf_atfifo.o
    0x0002d6ca   0x0002d6ca   0x0000001c   Code   RO         8628    i.nrf_atfifo_item_get  nrf_atfifo.o
    0x0002d6e6   0x0002d6e6   0x0000001c   Code   RO         8629    i.nrf_atfifo_item_put  nrf_atfifo.o
    0x0002d702   0x0002d702   0x0000001e   Code   RO         8694    i.nrf_atflags_clear  nrf_atflags.o
    0x0002d720   0x0002d720   0x0000002e   Code   RO         8696    i.nrf_atflags_fetch_set  nrf_atflags.o
    0x0002d74e   0x0002d74e   0x00000060   Code   RO         8698    i.nrf_atflags_find_and_set_flag  nrf_atflags.o
    0x0002d7ae   0x0002d7ae   0x0000001e   Code   RO         8699    i.nrf_atflags_get   nrf_atflags.o
    0x0002d7cc   0x0002d7cc   0x0000001e   Code   RO         8701    i.nrf_atflags_set   nrf_atflags.o
    0x0002d7ea   0x0002d7ea   0x0000000e   Code   RO         8762    i.nrf_atomic_flag_clear_fetch  nrf_atomic.o
    0x0002d7f8   0x0002d7f8   0x0000000e   Code   RO         8763    i.nrf_atomic_flag_set  nrf_atomic.o
    0x0002d806   0x0002d806   0x0000000e   Code   RO         8764    i.nrf_atomic_flag_set_fetch  nrf_atomic.o
    0x0002d814   0x0002d814   0x00000016   Code   RO         8765    i.nrf_atomic_u32_add  nrf_atomic.o
    0x0002d82a   0x0002d82a   0x00000016   Code   RO         8766    i.nrf_atomic_u32_and  nrf_atomic.o
    0x0002d840   0x0002d840   0x00000016   Code   RO         8768    i.nrf_atomic_u32_fetch_add  nrf_atomic.o
    0x0002d856   0x0002d856   0x00000016   Code   RO         8769    i.nrf_atomic_u32_fetch_and  nrf_atomic.o
    0x0002d86c   0x0002d86c   0x00000016   Code   RO         8770    i.nrf_atomic_u32_fetch_or  nrf_atomic.o
    0x0002d882   0x0002d882   0x00000016   Code   RO         8771    i.nrf_atomic_u32_fetch_store  nrf_atomic.o
    0x0002d898   0x0002d898   0x00000016   Code   RO         8775    i.nrf_atomic_u32_or  nrf_atomic.o
    0x0002d8ae   0x0002d8ae   0x00000016   Code   RO         8777    i.nrf_atomic_u32_sub  nrf_atomic.o
    0x0002d8c4   0x0002d8c4   0x00000052   Code   RO         8899    i.nrf_balloc_alloc  nrf_balloc.o
    0x0002d916   0x0002d916   0x00000010   Code   RO         8900    i.nrf_balloc_block2idx  nrf_balloc.o
    0x0002d926   0x0002d926   0x00000030   Code   RO         8901    i.nrf_balloc_free   nrf_balloc.o
    0x0002d956   0x0002d956   0x0000000c   Code   RO         8902    i.nrf_balloc_idx2block  nrf_balloc.o
    0x0002d962   0x0002d962   0x0000003c   Code   RO         8903    i.nrf_balloc_init   nrf_balloc.o
    0x0002d99e   0x0002d99e   0x00000016   Code   RO         6161    i.nrf_bitmask_bit_is_set  nrfx_gpiote.o
    0x0002d9b4   0x0002d9b4   0x00000034   Code   RO         3722    i.nrf_ble_gatt_init  nrf_ble_gatt.o
    0x0002d9e8   0x0002d9e8   0x0000012c   Code   RO         3723    i.nrf_ble_gatt_on_ble_evt  nrf_ble_gatt.o
    0x0002db14   0x0002db14   0x00000020   Code   RO         3837    i.nrf_ble_qwr_conn_handle_assign  nrf_ble_qwr.o
    0x0002db34   0x0002db34   0x00000032   Code   RO         3838    i.nrf_ble_qwr_init  nrf_ble_qwr.o
    0x0002db66   0x0002db66   0x0000007c   Code   RO         3839    i.nrf_ble_qwr_on_ble_evt  nrf_ble_qwr.o
    0x0002dbe2   0x0002dbe2   0x00000012   Code   RO         5988    i.nrf_clock_event_check  nrfx_clock.o
    0x0002dbf4   0x0002dbf4   0x00000012   Code   RO         5989    i.nrf_clock_event_clear  nrfx_clock.o
    0x0002dc06   0x0002dc06   0x00000002   PAD
    0x0002dc08   0x0002dc08   0x0000000c   Code   RO         5990    i.nrf_clock_int_disable  nrfx_clock.o
    0x0002dc14   0x0002dc14   0x00000008   Code   RO         5992    i.nrf_clock_task_trigger  nrfx_clock.o
    0x0002dc1c   0x0002dc1c   0x0000004c   Code   RO         5561    i.nrf_drv_clock_init  nrf_drv_clock.o
    0x0002dc68   0x0002dc68   0x00000030   Code   RO         5565    i.nrf_drv_clock_lfclk_release  nrf_drv_clock.o
    0x0002dc98   0x0002dc98   0x00000088   Code   RO         5793    i.nrf_drv_spi_init  nrf_drv_spi.o
    0x0002dd20   0x0002dd20   0x0000008c   Code   RO         5723    i.nrf_drv_uart_init  nrf_drv_uart.o
    0x0002ddac   0x0002ddac   0x0000002a   Code   RO         8946    i.nrf_fprintf       nrf_fprintf.o
    0x0002ddd6   0x0002ddd6   0x0000001c   Code   RO         8947    i.nrf_fprintf_buffer_flush  nrf_fprintf.o
    0x0002ddf2   0x0002ddf2   0x000001f0   Code   RO         8987    i.nrf_fprintf_fmt   nrf_fprintf_format.o
    0x0002dfe2   0x0002dfe2   0x00000002   PAD
    0x0002dfe4   0x0002dfe4   0x00000170   Code   RO         9033    i.nrf_fstorage_erase  nrf_fstorage.o
    0x0002e154   0x0002e154   0x000000ac   Code   RO         9034    i.nrf_fstorage_init  nrf_fstorage.o
    0x0002e200   0x0002e200   0x0000001c   Code   RO         9127    i.nrf_fstorage_sdh_req_handler  nrf_fstorage_sd.o
    0x0002e21c   0x0002e21c   0x0000002c   Code   RO         9128    i.nrf_fstorage_sdh_state_handler  nrf_fstorage_sd.o
    0x0002e248   0x0002e248   0x0000008c   Code   RO         9129    i.nrf_fstorage_sys_evt_handler  nrf_fstorage_sd.o
    0x0002e2d4   0x0002e2d4   0x00000264   Code   RO         9040    i.nrf_fstorage_write  nrf_fstorage.o
    0x0002e538   0x0002e538   0x00000028   Code   RO         2185    i.nrf_gpio_cfg      boards.o
    0x0002e560   0x0002e560   0x00000028   Code   RO         6162    i.nrf_gpio_cfg      nrfx_gpiote.o
    0x0002e588   0x0002e588   0x00000028   Code   RO         6582    i.nrf_gpio_cfg      nrfx_uart.o
    0x0002e5b0   0x0002e5b0   0x00000028   Code   RO         6827    i.nrf_gpio_cfg      nrfx_uarte.o
    0x0002e5d8   0x0002e5d8   0x00000028   Code   RO         7067    i.nrf_gpio_cfg      nrfx_spim.o
    0x0002e600   0x0002e600   0x00000018   Code   RO         6583    i.nrf_gpio_cfg_default  nrfx_uart.o
    0x0002e618   0x0002e618   0x00000018   Code   RO         6828    i.nrf_gpio_cfg_default  nrfx_uarte.o
    0x0002e630   0x0002e630   0x0000001a   Code   RO         6584    i.nrf_gpio_cfg_input  nrfx_uart.o
    0x0002e64a   0x0002e64a   0x0000001a   Code   RO         6829    i.nrf_gpio_cfg_input  nrfx_uarte.o
    0x0002e664   0x0002e664   0x00000018   Code   RO         6585    i.nrf_gpio_cfg_output  nrfx_uart.o
    0x0002e67c   0x0002e67c   0x00000018   Code   RO         6830    i.nrf_gpio_cfg_output  nrfx_uarte.o
    0x0002e694   0x0002e694   0x00000018   Code   RO         7068    i.nrf_gpio_cfg_output  nrfx_spim.o
    0x0002e6ac   0x0002e6ac   0x00000032   Code   RO         6164    i.nrf_gpio_cfg_sense_set  nrfx_gpiote.o
    0x0002e6de   0x0002e6de   0x00000002   PAD
    0x0002e6e0   0x0002e6e0   0x00000034   Code   RO         6165    i.nrf_gpio_latches_read_and_clear  nrfx_gpiote.o
    0x0002e714   0x0002e714   0x00000016   Code   RO         7069    i.nrf_gpio_pin_clear  nrfx_spim.o
    0x0002e72a   0x0002e72a   0x00000022   Code   RO         6167    i.nrf_gpio_pin_present_check  nrfx_gpiote.o
    0x0002e74c   0x0002e74c   0x00000018   Code   RO         6168    i.nrf_gpio_pin_read  nrfx_gpiote.o
    0x0002e764   0x0002e764   0x00000016   Code   RO         6586    i.nrf_gpio_pin_set  nrfx_uart.o
    0x0002e77a   0x0002e77a   0x00000016   Code   RO         6831    i.nrf_gpio_pin_set  nrfx_uarte.o
    0x0002e790   0x0002e790   0x00000016   Code   RO         7070    i.nrf_gpio_pin_set  nrfx_spim.o
    0x0002e7a6   0x0002e7a6   0x0000003a   Code   RO         1900    i.nrf_gpio_pin_write  st25r3911_com.o
    0x0002e7e0   0x0002e7e0   0x0000003a   Code   RO         2186    i.nrf_gpio_pin_write  boards.o
    0x0002e81a   0x0002e81a   0x00000002   PAD
    0x0002e81c   0x0002e81c   0x0000000c   Code   RO         6170    i.nrf_gpiote_event_addr_get  nrfx_gpiote.o
    0x0002e828   0x0002e828   0x0000001c   Code   RO         6171    i.nrf_gpiote_event_clear  nrfx_gpiote.o
    0x0002e844   0x0002e844   0x00000016   Code   RO         6172    i.nrf_gpiote_event_is_set  nrfx_gpiote.o
    0x0002e85a   0x0002e85a   0x00000002   PAD
    0x0002e85c   0x0002e85c   0x0000000c   Code   RO         6173    i.nrf_gpiote_int_enable  nrfx_gpiote.o
    0x0002e868   0x0002e868   0x00000054   Code   RO         9860    i.nrf_log_backend_add  nrf_log_frontend.o
    0x0002e8bc   0x0002e8bc   0x00000008   Code   RO         9807    i.nrf_log_backend_enable  nrf_log_default_backends.o
    0x0002e8c4   0x0002e8c4   0x00000002   Code   RO         9632    i.nrf_log_backend_rtt_flush  nrf_log_backend_rtt.o
    0x0002e8c6   0x0002e8c6   0x00000008   Code   RO         9633    i.nrf_log_backend_rtt_init  nrf_log_backend_rtt.o
    0x0002e8ce   0x0002e8ce   0x00000002   Code   RO         9634    i.nrf_log_backend_rtt_panic_set  nrf_log_backend_rtt.o
    0x0002e8d0   0x0002e8d0   0x00000020   Code   RO         9635    i.nrf_log_backend_rtt_put  nrf_log_backend_rtt.o
    0x0002e8f0   0x0002e8f0   0x000000f2   Code   RO         9700    i.nrf_log_backend_serial_put  nrf_log_backend_serial.o
    0x0002e9e2   0x0002e9e2   0x00000002   Code   RO         9734    i.nrf_log_backend_uart_flush  nrf_log_backend_uart.o
    0x0002e9e4   0x0002e9e4   0x0000000c   Code   RO         9735    i.nrf_log_backend_uart_init  nrf_log_backend_uart.o
    0x0002e9f0   0x0002e9f0   0x00000038   Code   RO         9736    i.nrf_log_backend_uart_panic_set  nrf_log_backend_uart.o
    0x0002ea28   0x0002ea28   0x00000020   Code   RO         9737    i.nrf_log_backend_uart_put  nrf_log_backend_uart.o
    0x0002ea48   0x0002ea48   0x00000038   Code   RO         9862    i.nrf_log_color_id_get  nrf_log_frontend.o
    0x0002ea80   0x0002ea80   0x00000038   Code   RO         9808    i.nrf_log_default_backends_init  nrf_log_default_backends.o
    0x0002eab8   0x0002eab8   0x0000031c   Code   RO         9863    i.nrf_log_frontend_dequeue  nrf_log_frontend.o
    0x0002edd4   0x0002edd4   0x00000014   Code   RO         9865    i.nrf_log_frontend_std_0  nrf_log_frontend.o
    0x0002ede8   0x0002ede8   0x00000018   Code   RO         9866    i.nrf_log_frontend_std_1  nrf_log_frontend.o
    0x0002ee00   0x0002ee00   0x00000020   Code   RO         9867    i.nrf_log_frontend_std_2  nrf_log_frontend.o
    0x0002ee20   0x0002ee20   0x00000028   Code   RO         9868    i.nrf_log_frontend_std_3  nrf_log_frontend.o
    0x0002ee48   0x0002ee48   0x00000038   Code   RO         9870    i.nrf_log_frontend_std_5  nrf_log_frontend.o
    0x0002ee80   0x0002ee80   0x000000bc   Code   RO        10056    i.nrf_log_hexdump_entry_process  nrf_log_str_formatter.o
    0x0002ef3c   0x0002ef3c   0x00000048   Code   RO         9872    i.nrf_log_init      nrf_log_frontend.o
    0x0002ef84   0x0002ef84   0x00000014   Code   RO         9873    i.nrf_log_module_cnt_get  nrf_log_frontend.o
    0x0002ef98   0x0002ef98   0x00000024   Code   RO         9877    i.nrf_log_module_name_get  nrf_log_frontend.o
    0x0002efbc   0x0002efbc   0x00000034   Code   RO         9878    i.nrf_log_panic     nrf_log_frontend.o
    0x0002eff0   0x0002eff0   0x000000c8   Code   RO        10057    i.nrf_log_std_entry_process  nrf_log_str_formatter.o
    0x0002f0b8   0x0002f0b8   0x0000007a   Code   RO         9258    i.nrf_memobj_alloc  nrf_memobj.o
    0x0002f132   0x0002f132   0x00000040   Code   RO         9259    i.nrf_memobj_free   nrf_memobj.o
    0x0002f172   0x0002f172   0x00000010   Code   RO         9260    i.nrf_memobj_get    nrf_memobj.o
    0x0002f182   0x0002f182   0x0000000c   Code   RO         9261    i.nrf_memobj_pool_init  nrf_memobj.o
    0x0002f18e   0x0002f18e   0x0000001e   Code   RO         9262    i.nrf_memobj_put    nrf_memobj.o
    0x0002f1ac   0x0002f1ac   0x00000022   Code   RO         9263    i.nrf_memobj_read   nrf_memobj.o
    0x0002f1ce   0x0002f1ce   0x00000022   Code   RO         9264    i.nrf_memobj_write  nrf_memobj.o
    0x0002f1f0   0x0002f1f0   0x00000016   Code   RO         3248    i.nrf_mtx_unlock    gatt_cache_manager.o
    0x0002f206   0x0002f206   0x00000016   Code   RO         9335    i.nrf_mtx_unlock    nrf_pwr_mgmt.o
    0x0002f21c   0x0002f21c   0x00000040   Code   RO         9337    i.nrf_pwr_mgmt_init  nrf_pwr_mgmt.o
    0x0002f25c   0x0002f25c   0x0000006c   Code   RO         9338    i.nrf_pwr_mgmt_run  nrf_pwr_mgmt.o
    0x0002f2c8   0x0002f2c8   0x00000064   Code   RO         9339    i.nrf_pwr_mgmt_shutdown  nrf_pwr_mgmt.o
    0x0002f32c   0x0002f32c   0x00000028   Code   RO           24    i.nrf_qwr_error_handler  main.o
    0x0002f354   0x0002f354   0x0000001c   Code   RO         9417    i.nrf_ringbuf_init  nrf_ringbuf.o
    0x0002f370   0x0002f370   0x0000000c   Code   RO         7933    i.nrf_rtc_cc_get    drv_rtc.o
    0x0002f37c   0x0002f37c   0x0000000a   Code   RO         7934    i.nrf_rtc_cc_set    drv_rtc.o
    0x0002f386   0x0002f386   0x00000008   Code   RO         7935    i.nrf_rtc_counter_get  drv_rtc.o
    0x0002f38e   0x0002f38e   0x0000000e   Code   RO         7211    i.nrf_rtc_event_clear  nrfx_rtc.o
    0x0002f39c   0x0002f39c   0x0000000e   Code   RO         7936    i.nrf_rtc_event_clear  drv_rtc.o
    0x0002f3aa   0x0002f3aa   0x00000006   Code   RO         7212    i.nrf_rtc_event_disable  nrfx_rtc.o
    0x0002f3b0   0x0002f3b0   0x00000006   Code   RO         7937    i.nrf_rtc_event_disable  drv_rtc.o
    0x0002f3b6   0x0002f3b6   0x00000006   Code   RO         7938    i.nrf_rtc_event_enable  drv_rtc.o
    0x0002f3bc   0x0002f3bc   0x00000006   Code   RO         7214    i.nrf_rtc_event_pending  nrfx_rtc.o
    0x0002f3c2   0x0002f3c2   0x00000006   Code   RO         7215    i.nrf_rtc_int_disable  nrfx_rtc.o
    0x0002f3c8   0x0002f3c8   0x00000006   Code   RO         7939    i.nrf_rtc_int_disable  drv_rtc.o
    0x0002f3ce   0x0002f3ce   0x00000006   Code   RO         7940    i.nrf_rtc_int_enable  drv_rtc.o
    0x0002f3d4   0x0002f3d4   0x0000000a   Code   RO         7217    i.nrf_rtc_int_is_enabled  nrfx_rtc.o
    0x0002f3de   0x0002f3de   0x00000006   Code   RO         7941    i.nrf_rtc_task_trigger  drv_rtc.o
    0x0002f3e4   0x0002f3e4   0x00000018   Code   RO        10630    i.nrf_sdh_ble_app_ram_start_get  nrf_sdh_ble.o
    0x0002f3fc   0x0002f3fc   0x00000160   Code   RO        10631    i.nrf_sdh_ble_default_cfg_set  nrf_sdh_ble.o
    0x0002f55c   0x0002f55c   0x0000014c   Code   RO        10632    i.nrf_sdh_ble_enable  nrf_sdh_ble.o
    0x0002f6a8   0x0002f6a8   0x000000b4   Code   RO        10633    i.nrf_sdh_ble_evts_poll  nrf_sdh_ble.o
    0x0002f75c   0x0002f75c   0x00000064   Code   RO        10501    i.nrf_sdh_disable_request  nrf_sdh.o
    0x0002f7c0   0x0002f7c0   0x00000084   Code   RO        10502    i.nrf_sdh_enable_request  nrf_sdh.o
    0x0002f844   0x0002f844   0x00000030   Code   RO        10503    i.nrf_sdh_evts_poll  nrf_sdh.o
    0x0002f874   0x0002f874   0x0000000c   Code   RO        10504    i.nrf_sdh_is_enabled  nrf_sdh.o
    0x0002f880   0x0002f880   0x00000028   Code   RO        10506    i.nrf_sdh_request_continue  nrf_sdh.o
    0x0002f8a8   0x0002f8a8   0x00000098   Code   RO        10689    i.nrf_sdh_soc_evts_poll  nrf_sdh_soc.o
    0x0002f940   0x0002f940   0x00000006   Code   RO        10509    i.nrf_section_iter_get  nrf_sdh.o
    0x0002f946   0x0002f946   0x00000014   Code   RO         9475    i.nrf_section_iter_init  nrf_section_iter.o
    0x0002f95a   0x0002f95a   0x0000002e   Code   RO         9476    i.nrf_section_iter_item_set  nrf_section_iter.o
    0x0002f988   0x0002f988   0x0000002e   Code   RO         9477    i.nrf_section_iter_next  nrf_section_iter.o
    0x0002f9b6   0x0002f9b6   0x00000028   Code   RO         9510    i.nrf_sortlist_add  nrf_sortlist.o
    0x0002f9de   0x0002f9de   0x00000008   Code   RO         9512    i.nrf_sortlist_peek  nrf_sortlist.o
    0x0002f9e6   0x0002f9e6   0x00000018   Code   RO         9513    i.nrf_sortlist_pop  nrf_sortlist.o
    0x0002f9fe   0x0002f9fe   0x00000026   Code   RO         9514    i.nrf_sortlist_remove  nrf_sortlist.o
    0x0002fa24   0x0002fa24   0x0000009c   Code   RO           25    i.nrf_spi_tx_rx     main.o
    0x0002fac0   0x0002fac0   0x0000000e   Code   RO         7071    i.nrf_spim_event_check  nrfx_spim.o
    0x0002face   0x0002face   0x0000000e   Code   RO         7072    i.nrf_spim_event_clear  nrfx_spim.o
    0x0002fadc   0x0002fadc   0x00000006   Code   RO         7073    i.nrf_spim_int_disable  nrfx_spim.o
    0x0002fae2   0x0002fae2   0x00000006   Code   RO         7074    i.nrf_spim_task_trigger  nrfx_spim.o
    0x0002fae8   0x0002fae8   0x00000040   Code   RO         9566    i.nrf_strerror_find  nrf_strerror.o
    0x0002fb28   0x0002fb28   0x0000001c   Code   RO         9567    i.nrf_strerror_get  nrf_strerror.o
    0x0002fb44   0x0002fb44   0x0000000c   Code   RO         6587    i.nrf_uart_errorsrc_get_and_clear  nrfx_uart.o
    0x0002fb50   0x0002fb50   0x0000000e   Code   RO         6588    i.nrf_uart_event_check  nrfx_uart.o
    0x0002fb5e   0x0002fb5e   0x0000000e   Code   RO         6589    i.nrf_uart_event_clear  nrfx_uart.o
    0x0002fb6c   0x0002fb6c   0x0000000a   Code   RO         6590    i.nrf_uart_hwfc_pins_set  nrfx_uart.o
    0x0002fb76   0x0002fb76   0x00000006   Code   RO         6591    i.nrf_uart_int_disable  nrfx_uart.o
    0x0002fb7c   0x0002fb7c   0x00000006   Code   RO         6592    i.nrf_uart_int_enable  nrfx_uart.o
    0x0002fb82   0x0002fb82   0x00000012   Code   RO         6593    i.nrf_uart_int_enable_check  nrfx_uart.o
    0x0002fb94   0x0002fb94   0x00000006   Code   RO         6594    i.nrf_uart_task_trigger  nrfx_uart.o
    0x0002fb9a   0x0002fb9a   0x0000000a   Code   RO         6595    i.nrf_uart_txrx_pins_set  nrfx_uart.o
    0x0002fba4   0x0002fba4   0x0000000c   Code   RO         6832    i.nrf_uarte_errorsrc_get_and_clear  nrfx_uarte.o
    0x0002fbb0   0x0002fbb0   0x0000000e   Code   RO         6833    i.nrf_uarte_event_check  nrfx_uarte.o
    0x0002fbbe   0x0002fbbe   0x0000000e   Code   RO         6834    i.nrf_uarte_event_clear  nrfx_uarte.o
    0x0002fbcc   0x0002fbcc   0x0000000c   Code   RO         6835    i.nrf_uarte_hwfc_pins_set  nrfx_uarte.o
    0x0002fbd8   0x0002fbd8   0x00000006   Code   RO         6836    i.nrf_uarte_int_disable  nrfx_uarte.o
    0x0002fbde   0x0002fbde   0x00000006   Code   RO         6837    i.nrf_uarte_int_enable  nrfx_uarte.o
    0x0002fbe4   0x0002fbe4   0x0000000a   Code   RO         6838    i.nrf_uarte_rx_amount_get  nrfx_uarte.o
    0x0002fbee   0x0002fbee   0x0000000c   Code   RO         6839    i.nrf_uarte_shorts_disable  nrfx_uarte.o
    0x0002fbfa   0x0002fbfa   0x00000006   Code   RO         6840    i.nrf_uarte_task_trigger  nrfx_uarte.o
    0x0002fc00   0x0002fc00   0x0000000a   Code   RO         6841    i.nrf_uarte_tx_amount_get  nrfx_uarte.o
    0x0002fc0a   0x0002fc0a   0x0000000e   Code   RO         6842    i.nrf_uarte_txrx_pins_set  nrfx_uarte.o
    0x0002fc18   0x0002fc18   0x00000014   Code   RO         5568    i.nrf_wdt_started   nrf_drv_clock.o
    0x0002fc2c   0x0002fc2c   0x00000014   Code   RO         5998    i.nrfx_clock_enable  nrfx_clock.o
    0x0002fc40   0x0002fc40   0x00000024   Code   RO         6001    i.nrfx_clock_init   nrfx_clock.o
    0x0002fc64   0x0002fc64   0x0000002c   Code   RO         6004    i.nrfx_clock_lfclk_stop  nrfx_clock.o
    0x0002fc90   0x0002fc90   0x00000018   Code   RO         7942    i.nrfx_coredep_delay_us  drv_rtc.o
    0x0002fca8   0x0002fca8   0x00000008   Code   RO         6006    i.nrfx_get_irq_number  nrfx_clock.o
    0x0002fcb0   0x0002fcb0   0x00000008   Code   RO         6176    i.nrfx_get_irq_number  nrfx_gpiote.o
    0x0002fcb8   0x0002fcb8   0x00000008   Code   RO         6596    i.nrfx_get_irq_number  nrfx_uart.o
    0x0002fcc0   0x0002fcc0   0x00000008   Code   RO         6843    i.nrfx_get_irq_number  nrfx_uarte.o
    0x0002fcc8   0x0002fcc8   0x00000008   Code   RO         7075    i.nrfx_get_irq_number  nrfx_spim.o
    0x0002fcd0   0x0002fcd0   0x000000ac   Code   RO         6182    i.nrfx_gpiote_in_event_enable  nrfx_gpiote.o
    0x0002fd7c   0x0002fd7c   0x000000f4   Code   RO         6184    i.nrfx_gpiote_in_init  nrfx_gpiote.o
    0x0002fe70   0x0002fe70   0x00000014   Code   RO         6185    i.nrfx_gpiote_in_is_set  nrfx_gpiote.o
    0x0002fe84   0x0002fe84   0x000000d4   Code   RO         6187    i.nrfx_gpiote_init  nrfx_gpiote.o
    0x0002ff58   0x0002ff58   0x00000014   Code   RO         6188    i.nrfx_gpiote_is_init  nrfx_gpiote.o
    0x0002ff6c   0x0002ff6c   0x00000014   Code   RO         6844    i.nrfx_is_in_ram    nrfx_uarte.o
    0x0002ff80   0x0002ff80   0x00000014   Code   RO         7076    i.nrfx_is_in_ram    nrfx_spim.o
    0x0002ff94   0x0002ff94   0x000000b0   Code   RO         6007    i.nrfx_power_clock_irq_init  nrfx_clock.o
    0x00030044   0x00030044   0x0000004e   Code   RO         6526    i.nrfx_prs_acquire  nrfx_prs.o
    0x00030092   0x00030092   0x00000016   Code   RO         6527    i.nrfx_prs_release  nrfx_prs.o
    0x000300a8   0x000300a8   0x000001cc   Code   RO         7079    i.nrfx_spim_init    nrfx_spim.o
    0x00030274   0x00030274   0x0000006c   Code   RO         7082    i.nrfx_spim_xfer    nrfx_spim.o
    0x000302e0   0x000302e0   0x00000014   Code   RO         6597    i.nrfx_uart_0_irq_handler  nrfx_uart.o
    0x000302f4   0x000302f4   0x00000088   Code   RO         6599    i.nrfx_uart_init    nrfx_uart.o
    0x0003037c   0x0003037c   0x0000008c   Code   RO         6605    i.nrfx_uart_tx      nrfx_uart.o
    0x00030408   0x00030408   0x00000024   Code   RO         6607    i.nrfx_uart_tx_in_progress  nrfx_uart.o
    0x0003042c   0x0003042c   0x00000044   Code   RO         6608    i.nrfx_uart_uninit  nrfx_uart.o
    0x00030470   0x00030470   0x00000014   Code   RO         6845    i.nrfx_uarte_0_irq_handler  nrfx_uarte.o
    0x00030484   0x00030484   0x00000080   Code   RO         6847    i.nrfx_uarte_init   nrfx_uarte.o
    0x00030504   0x00030504   0x000000c0   Code   RO         6851    i.nrfx_uarte_tx     nrfx_uarte.o
    0x000305c4   0x000305c4   0x00000020   Code   RO         6853    i.nrfx_uarte_tx_in_progress  nrfx_uarte.o
    0x000305e4   0x000305e4   0x00000094   Code   RO         6854    i.nrfx_uarte_uninit  nrfx_uarte.o
    0x00030678   0x00030678   0x00000098   Code   RO           26    i.on_adv_evt        main.o
    0x00030710   0x00030710   0x00000014   Code   RO         7660    i.on_compare1_evt   app_timer2.o
    0x00030724   0x00030724   0x00000020   Code   RO         7661    i.on_compare_evt    app_timer2.o
    0x00030744   0x00030744   0x00000040   Code   RO           27    i.on_conn_params_evt  main.o
    0x00030784   0x00030784   0x00000030   Code   RO         2871    i.on_conn_params_update  ble_conn_params.o
    0x000307b4   0x000307b4   0x00000070   Code   RO         2872    i.on_connect        ble_conn_params.o
    0x00030824   0x00030824   0x0000000c   Code   RO         5345    i.on_connect        ble_dfu.o
    0x00030830   0x00030830   0x0000000e   Code   RO         2718    i.on_connected      ble_advertising.o
    0x0003083e   0x0003083e   0x00000002   PAD
    0x00030840   0x00030840   0x00000138   Code   RO         3724    i.on_connected_evt  nrf_ble_gatt.o
    0x00030978   0x00030978   0x0000007c   Code   RO         5346    i.on_ctrlpt_write   ble_dfu.o
    0x000309f4   0x000309f4   0x00000150   Code   RO         3725    i.on_data_length_update_evt  nrf_ble_gatt.o
    0x00030b44   0x00030b44   0x00000090   Code   RO         3726    i.on_data_length_update_request_evt  nrf_ble_gatt.o
    0x00030bd4   0x00030bd4   0x00000032   Code   RO         2873    i.on_disconnect     ble_conn_params.o
    0x00030c06   0x00030c06   0x00000002   PAD
    0x00030c08   0x00030c08   0x0000001c   Code   RO         5347    i.on_disconnect     ble_dfu.o
    0x00030c24   0x00030c24   0x00000032   Code   RO         2719    i.on_disconnected   ble_advertising.o
    0x00030c56   0x00030c56   0x00000014   Code   RO         3727    i.on_disconnected_evt  nrf_ble_gatt.o
    0x00030c6a   0x00030c6a   0x00000002   PAD
    0x00030c6c   0x00030c6c   0x0000017c   Code   RO         3728    i.on_exchange_mtu_request_evt  nrf_ble_gatt.o
    0x00030de8   0x00030de8   0x000000c0   Code   RO         3729    i.on_exchange_mtu_rsp_evt  nrf_ble_gatt.o
    0x00030ea8   0x00030ea8   0x0000002c   Code   RO         5348    i.on_hvc            ble_dfu.o
    0x00030ed4   0x00030ed4   0x00000024   Code   RO         9130    i.on_operation_failure  nrf_fstorage_sd.o
    0x00030ef8   0x00030ef8   0x00000060   Code   RO         9131    i.on_operation_success  nrf_fstorage_sd.o
    0x00030f58   0x00030f58   0x0000001c   Code   RO         7662    i.on_overflow_evt   app_timer2.o
    0x00030f74   0x00030f74   0x00000044   Code   RO         5349    i.on_rw_authorize_req  ble_dfu.o
    0x00030fb8   0x00030fb8   0x0000006a   Code   RO         3840    i.on_rw_authorize_request  nrf_ble_qwr.o
    0x00031022   0x00031022   0x00000040   Code   RO         2720    i.on_terminated     ble_advertising.o
    0x00031062   0x00031062   0x00000002   Code   RO         3841    i.on_user_mem_release  nrf_ble_qwr.o
    0x00031064   0x00031064   0x00000020   Code   RO         3842    i.on_user_mem_request  nrf_ble_qwr.o
    0x00031084   0x00031084   0x00000058   Code   RO         2874    i.on_write          ble_conn_params.o
    0x000310dc   0x000310dc   0x00000054   Code   RO         5205    i.on_write          cus_drs.o
    0x00031130   0x00031130   0x00000054   Code   RO         5253    i.on_write          cus_errs.o
    0x00031184   0x00031184   0x00000070   Code   RO         5299    i.on_write          cus_tss.o
    0x000311f4   0x000311f4   0x00000034   Code   RO         8176    i.page_can_tag      fds.o
    0x00031228   0x00031228   0x00000048   Code   RO         8177    i.page_from_record  fds.o
    0x00031270   0x00031270   0x00000034   Code   RO         8178    i.page_has_space    fds.o
    0x000312a4   0x000312a4   0x00000030   Code   RO         8179    i.page_identify     fds.o
    0x000312d4   0x000312d4   0x0000001c   Code   RO         8180    i.page_offsets_update  fds.o
    0x000312f0   0x000312f0   0x00000078   Code   RO         8181    i.page_scan         fds.o
    0x00031368   0x00031368   0x00000020   Code   RO         8182    i.page_tag_write_data  fds.o
    0x00031388   0x00031388   0x00000024   Code   RO         8183    i.page_tag_write_swap  fds.o
    0x000313ac   0x000313ac   0x00000170   Code   RO         8184    i.pages_init        fds.o
    0x0003151c   0x0003151c   0x00000014   Code   RO         4816    i.pairing           security_dispatcher.o
    0x00031530   0x00031530   0x00000080   Code   RO         4817    i.pairing_failure   security_dispatcher.o
    0x000315b0   0x000315b0   0x00000034   Code   RO         4818    i.pairing_success_evt_send  security_dispatcher.o
    0x000315e4   0x000315e4   0x00000010   Code   RO         5004    i.params_reply_pending_handle  security_manager.o
    0x000315f4   0x000315f4   0x00000022   Code   RO         5005    i.params_req_send   security_manager.o
    0x00031616   0x00031616   0x00000002   PAD
    0x00031618   0x00031618   0x00000020   Code   RO         4075    i.pdb_evt_send      peer_database.o
    0x00031638   0x00031638   0x00000088   Code   RO         4076    i.pdb_init          peer_database.o
    0x000316c0   0x000316c0   0x0000006c   Code   RO         4077    i.pdb_pds_evt_handler  peer_database.o
    0x0003172c   0x0003172c   0x00000016   Code   RO         4078    i.pdb_peer_data_ptr_get  peer_database.o
    0x00031742   0x00031742   0x00000002   PAD
    0x00031744   0x00031744   0x000000ac   Code   RO         4079    i.pdb_peer_free     peer_database.o
    0x000317f0   0x000317f0   0x000000f0   Code   RO         4080    i.pdb_write_buf_get  peer_database.o
    0x000318e0   0x000318e0   0x00000020   Code   RO         4081    i.pdb_write_buf_release  peer_database.o
    0x00031900   0x00031900   0x00000044   Code   RO         4082    i.pdb_write_buf_store  peer_database.o
    0x00031944   0x00031944   0x00000024   Code   RO         3899    i.pds_evt_send      peer_data_storage.o
    0x00031968   0x00031968   0x000000b0   Code   RO         3900    i.pds_init          peer_data_storage.o
    0x00031a18   0x00031a18   0x0000000c   Code   RO         3901    i.pds_next_deleted_peer_id_get  peer_data_storage.o
    0x00031a24   0x00031a24   0x0000000c   Code   RO         3902    i.pds_next_peer_id_get  peer_data_storage.o
    0x00031a30   0x00031a30   0x0000006c   Code   RO         3905    i.pds_peer_data_iterate  peer_data_storage.o
    0x00031a9c   0x00031a9c   0x00000010   Code   RO         3906    i.pds_peer_data_iterate_prepare  peer_data_storage.o
    0x00031aac   0x00031aac   0x0000009a   Code   RO         3907    i.pds_peer_data_read  peer_data_storage.o
    0x00031b46   0x00031b46   0x00000002   PAD
    0x00031b48   0x00031b48   0x000000d4   Code   RO         3908    i.pds_peer_data_store  peer_data_storage.o
    0x00031c1c   0x00031c1c   0x0000000c   Code   RO         3909    i.pds_peer_id_allocate  peer_data_storage.o
    0x00031c28   0x00031c28   0x0000001e   Code   RO         3910    i.pds_peer_id_free  peer_data_storage.o
    0x00031c46   0x00031c46   0x0000000c   Code   RO         3911    i.pds_peer_id_is_allocated  peer_data_storage.o
    0x00031c52   0x00031c52   0x0000001c   Code   RO         4083    i.peer_data_const_point_to_buffer  peer_database.o
    0x00031c6e   0x00031c6e   0x00000002   PAD
    0x00031c70   0x00031c70   0x000000a8   Code   RO         3913    i.peer_data_delete_process  peer_data_storage.o
    0x00031d18   0x00031d18   0x00000040   Code   RO         3914    i.peer_data_find    peer_data_storage.o
    0x00031d58   0x00031d58   0x00000026   Code   RO         3915    i.peer_data_id_is_valid  peer_data_storage.o
    0x00031d7e   0x00031d7e   0x0000000a   Code   RO         3916    i.peer_data_id_to_record_key  peer_data_storage.o
    0x00031d88   0x00031d88   0x0000001a   Code   RO         4084    i.peer_data_point_to_buffer  peer_database.o
    0x00031da2   0x00031da2   0x00000002   PAD
    0x00031da4   0x00031da4   0x00000014   Code   RO         4231    i.peer_id_allocate  peer_id.o
    0x00031db8   0x00031db8   0x0000002c   Code   RO         4232    i.peer_id_delete    peer_id.o
    0x00031de4   0x00031de4   0x0000001c   Code   RO         4233    i.peer_id_free      peer_id.o
    0x00031e00   0x00031e00   0x00000014   Code   RO         4234    i.peer_id_get_next_deleted  peer_id.o
    0x00031e14   0x00031e14   0x00000038   Code   RO         4235    i.peer_id_get_next_used  peer_id.o
    0x00031e4c   0x00031e4c   0x00000010   Code   RO         4236    i.peer_id_init      peer_id.o
    0x00031e5c   0x00031e5c   0x0000001c   Code   RO         4237    i.peer_id_is_allocated  peer_id.o
    0x00031e78   0x00031e78   0x0000001c   Code   RO         4238    i.peer_id_is_deleted  peer_id.o
    0x00031e94   0x00031e94   0x0000000a   Code   RO         3917    i.peer_id_to_file_id  peer_data_storage.o
    0x00031e9e   0x00031e9e   0x00000046   Code   RO         3918    i.peer_ids_load     peer_data_storage.o
    0x00031ee4   0x00031ee4   0x0000010c   Code   RO           28    i.peer_manager_init  main.o
    0x00031ff0   0x00031ff0   0x00000016   Code   RO         2721    i.phy_is_valid      ble_advertising.o
    0x00032006   0x00032006   0x00000002   PAD
    0x00032008   0x00032008   0x00000020   Code   RO         6206    i.pin_configured_set  nrfx_gpiote.o
    0x00032028   0x00032028   0x0000001c   Code   RO         6207    i.pin_in_use_by_gpiote  nrfx_gpiote.o
    0x00032044   0x00032044   0x00000018   Code   RO         6208    i.pin_in_use_by_port  nrfx_gpiote.o
    0x0003205c   0x0003205c   0x00000020   Code   RO         6209    i.pin_in_use_by_te  nrfx_gpiote.o
    0x0003207c   0x0003207c   0x0000000c   Code   RO         6210    i.pin_in_use_clear  nrfx_gpiote.o
    0x00032088   0x00032088   0x00000078   Code   RO         6609    i.pins_to_default   nrfx_uart.o
    0x00032100   0x00032100   0x0000007e   Code   RO         6855    i.pins_to_default   nrfx_uarte.o
    0x0003217e   0x0003217e   0x00000062   Code   RO         4749    i.pm_buffer_block_acquire  pm_buffer.o
    0x000321e0   0x000321e0   0x0000002a   Code   RO         4750    i.pm_buffer_init    pm_buffer.o
    0x0003220a   0x0003220a   0x00000030   Code   RO         4751    i.pm_buffer_ptr_get  pm_buffer.o
    0x0003223a   0x0003223a   0x00000028   Code   RO         4752    i.pm_buffer_release  pm_buffer.o
    0x00032262   0x00032262   0x00000012   Code   RO         4329    i.pm_conn_sec_config_reply  peer_manager.o
    0x00032274   0x00032274   0x000001a0   Code   RO           29    i.pm_evt_handler    main.o
    0x00032414   0x00032414   0x0000000c   Code   RO         4334    i.pm_gcm_evt_handler  peer_manager.o
    0x00032420   0x00032420   0x0000000c   Code   RO         4335    i.pm_gscm_evt_handler  peer_manager.o
    0x0003242c   0x0003242c   0x0000000c   Code   RO         4338    i.pm_im_evt_handler  peer_manager.o
    0x00032438   0x00032438   0x0000023c   Code   RO         4339    i.pm_init           peer_manager.o
    0x00032674   0x00032674   0x0000017c   Code   RO         4343    i.pm_pdb_evt_handler  peer_manager.o
    0x000327f0   0x000327f0   0x00000020   Code   RO         4354    i.pm_peer_delete    peer_manager.o
    0x00032810   0x00032810   0x00000114   Code   RO         4359    i.pm_peer_ranks_get  peer_manager.o
    0x00032924   0x00032924   0x000000b4   Code   RO         4360    i.pm_peers_delete   peer_manager.o
    0x000329d8   0x000329d8   0x00000040   Code   RO         4363    i.pm_register       peer_manager.o
    0x00032a18   0x00032a18   0x00000024   Code   RO         4365    i.pm_sec_params_set  peer_manager.o
    0x00032a3c   0x00032a3c   0x00000016   Code   RO         4366    i.pm_sm_evt_handler  peer_manager.o
    0x00032a52   0x00032a52   0x00000002   PAD
    0x00032a54   0x00032a54   0x000000c0   Code   RO         6211    i.port_event_handle  nrfx_gpiote.o
    0x00032b14   0x00032b14   0x00000010   Code   RO         6212    i.port_handler_pin_get  nrfx_gpiote.o
    0x00032b24   0x00032b24   0x00000010   Code   RO         6213    i.port_handler_polarity_get  nrfx_gpiote.o
    0x00032b34   0x00032b34   0x00000048   Code   RO        10059    i.postfix_process   nrf_log_str_formatter.o
    0x00032b7c   0x00032b7c   0x00000034   Code   RO           30    i.power_management_init  main.o
    0x00032bb0   0x00032bb0   0x000000a4   Code   RO        10060    i.prefix_process    nrf_log_str_formatter.o
    0x00032c54   0x00032c54   0x00000018   Code   RO         6528    i.prs_box_get       nrfx_prs.o
    0x00032c6c   0x00032c6c   0x00000020   Code   RO         8185    i.queue_buf_get     fds.o
    0x00032c8c   0x00032c8c   0x00000014   Code   RO         8186    i.queue_buf_store   fds.o
    0x00032ca0   0x00032ca0   0x00000014   Code   RO         8187    i.queue_free        fds.o
    0x00032cb4   0x00032cb4   0x00000018   Code   RO         9132    i.queue_free        nrf_fstorage_sd.o
    0x00032ccc   0x00032ccc   0x00000018   Code   RO         8188    i.queue_has_next    fds.o
    0x00032ce4   0x00032ce4   0x0000001c   Code   RO         8189    i.queue_init        fds.o
    0x00032d00   0x00032d00   0x00000014   Code   RO         8190    i.queue_load        fds.o
    0x00032d14   0x00032d14   0x0000002c   Code   RO         9133    i.queue_load_next   nrf_fstorage_sd.o
    0x00032d40   0x00032d40   0x000000c4   Code   RO         8191    i.queue_process     fds.o
    0x00032e04   0x00032e04   0x00000090   Code   RO         9134    i.queue_process     nrf_fstorage_sd.o
    0x00032e94   0x00032e94   0x00000018   Code   RO         8192    i.queue_start       fds.o
    0x00032eac   0x00032eac   0x0000001c   Code   RO         9135    i.queue_start       nrf_fstorage_sd.o
    0x00032ec8   0x00032ec8   0x00000010   Code   RO        10634    i.ram_end_address_get  nrf_sdh_ble.o
    0x00032ed8   0x00032ed8   0x00000040   Code   RO         4370    i.rank_vars_update  peer_manager.o
    0x00032f18   0x00032f18   0x0000001c   Code   RO         9136    i.read              nrf_fstorage_sd.o
    0x00032f34   0x00032f34   0x00000078   Code   RO         4085    i.reattempt_previous_operations  peer_database.o
    0x00032fac   0x00032fac   0x00000028   Code   RO         2993    i.record_activate   ble_conn_state.o
    0x00032fd4   0x00032fd4   0x00000094   Code   RO         8193    i.record_find       fds.o
    0x00033068   0x00033068   0x0000003c   Code   RO         8194    i.record_find_and_delete  fds.o
    0x000330a4   0x000330a4   0x0000007c   Code   RO         8195    i.record_find_by_desc  fds.o
    0x00033120   0x00033120   0x00000078   Code   RO         8196    i.record_find_next  fds.o
    0x00033198   0x00033198   0x00000040   Code   RO         8197    i.record_header_flag_dirty  fds.o
    0x000331d8   0x000331d8   0x0000002c   Code   RO         8198    i.record_header_write_begin  fds.o
    0x00033204   0x00033204   0x00000038   Code   RO         8199    i.record_header_write_finalize  fds.o
    0x0003323c   0x0003323c   0x00000038   Code   RO         8200    i.record_header_write_id  fds.o
    0x00033274   0x00033274   0x00000010   Code   RO         8201    i.record_id_new     fds.o
    0x00033284   0x00033284   0x00000020   Code   RO         2994    i.record_invalidate  ble_conn_state.o
    0x000332a4   0x000332a4   0x00000006   Code   RO         3919    i.record_key_to_peer_data_id  peer_data_storage.o
    0x000332aa   0x000332aa   0x00000018   Code   RO         3920    i.record_key_within_pm_range  peer_data_storage.o
    0x000332c2   0x000332c2   0x00000002   PAD
    0x000332c4   0x000332c4   0x00000048   Code   RO         2995    i.record_purge_disconnected  ble_conn_state.o
    0x0003330c   0x0003330c   0x00000014   Code   RO         2996    i.record_set_disconnected  ble_conn_state.o
    0x00033320   0x00033320   0x00000030   Code   RO         8202    i.record_write_data  fds.o
    0x00033350   0x00033350   0x00000014   Code   RO         4240    i.release           peer_id.o
    0x00033364   0x00033364   0x0000001c   Code   RO          620    i.rfalAnalogConfigInitialize  rfal_analogconfig.o
    0x00033380   0x00033380   0x00000074   Code   RO          626    i.rfalAnalogConfigSearch  rfal_analogconfig.o
    0x000333f4   0x000333f4   0x00000058   Code   RO         1217    i.rfalCalibrate     rfal_rfst25r3911.o
    0x0003344c   0x0003344c   0x00000016   Code   RO         1218    i.rfalChipChangeRegBits  rfal_rfst25r3911.o
    0x00033462   0x00033462   0x00000016   Code   RO         1219    i.rfalChipChangeTestRegBits  rfal_rfst25r3911.o
    0x00033478   0x00033478   0x00000024   Code   RO         1225    i.rfalCleanupTransceive  rfal_rfst25r3911.o
    0x0003349c   0x0003349c   0x00000028   Code   RO          775    i.rfalCrcCalculateCcitt  rfal_crc.o
    0x000334c4   0x000334c4   0x0000001a   Code   RO          776    i.rfalCrcUpdateCcitt  rfal_crc.o
    0x000334de   0x000334de   0x00000002   PAD
    0x000334e0   0x000334e0   0x000000d4   Code   RO         1228    i.rfalErrorHandling  rfal_rfst25r3911.o
    0x000335b4   0x000335b4   0x00000018   Code   RO         1229    i.rfalFIFOGetNumIncompleteBits  rfal_rfst25r3911.o
    0x000335cc   0x000335cc   0x00000010   Code   RO         1230    i.rfalFIFOStatusClear  rfal_rfst25r3911.o
    0x000335dc   0x000335dc   0x00000014   Code   RO         1231    i.rfalFIFOStatusGetNumBytes  rfal_rfst25r3911.o
    0x000335f0   0x000335f0   0x00000020   Code   RO         1232    i.rfalFIFOStatusIsIncompleteByte  rfal_rfst25r3911.o
    0x00033610   0x00033610   0x00000018   Code   RO         1233    i.rfalFIFOStatusIsMissingPar  rfal_rfst25r3911.o
    0x00033628   0x00033628   0x00000020   Code   RO         1234    i.rfalFIFOStatusUpdate  rfal_rfst25r3911.o
    0x00033648   0x00033648   0x0000000c   Code   RO         1245    i.rfalGetTransceiveState  rfal_rfst25r3911.o
    0x00033654   0x00033654   0x00000014   Code   RO         1246    i.rfalGetTransceiveStatus  rfal_rfst25r3911.o
    0x00033668   0x00033668   0x000000a0   Code   RO         1250    i.rfalInitialize    rfal_rfst25r3911.o
    0x00033708   0x00033708   0x0000000e   Code   RO         1251    i.rfalIsExtFieldOn  rfal_rfst25r3911.o
    0x00033716   0x00033716   0x00000002   PAD
    0x00033718   0x00033718   0x00000020   Code   RO         1252    i.rfalIsGTExpired   rfal_rfst25r3911.o
    0x00033738   0x00033738   0x0000013c   Code   RO         1254    i.rfalListenSetState  rfal_rfst25r3911.o
    0x00033874   0x00033874   0x00000104   Code   RO         1259    i.rfalPrepareTransceive  rfal_rfst25r3911.o
    0x00033978   0x00033978   0x000001c4   Code   RO         1260    i.rfalRunListenModeWorker  rfal_rfst25r3911.o
    0x00033b3c   0x00033b3c   0x00000040   Code   RO         1261    i.rfalRunTransceiveWorker  rfal_rfst25r3911.o
    0x00033b7c   0x00033b7c   0x00000064   Code   RO         1262    i.rfalRunWakeUpModeWorker  rfal_rfst25r3911.o
    0x00033be0   0x00033be0   0x000000d0   Code   RO          627    i.rfalSetAnalogConfig  rfal_analogconfig.o
    0x00033cb0   0x00033cb0   0x000005d4   Code   RO         1279    i.rfalTransceiveRx  rfal_rfst25r3911.o
    0x00034284   0x00034284   0x0000041c   Code   RO         1280    i.rfalTransceiveTx  rfal_rfst25r3911.o
    0x000346a0   0x000346a0   0x00000030   Code   RO         1284    i.rfalWorker        rfal_rfst25r3911.o
    0x000346d0   0x000346d0   0x00000006   Code   RO         9137    i.rmap              nrf_fstorage_sd.o
    0x000346d6   0x000346d6   0x0000003e   Code   RO         7663    i.rtc_irq           app_timer2.o
    0x00034714   0x00034714   0x0000007c   Code   RO         7664    i.rtc_schedule      app_timer2.o
    0x00034790   0x00034790   0x000000a4   Code   RO         7665    i.rtc_update        app_timer2.o
    0x00034834   0x00034834   0x0000003e   Code   RO         6610    i.rx_byte           nrfx_uart.o
    0x00034872   0x00034872   0x0000001c   Code   RO         6611    i.rx_done_event     nrfx_uart.o
    0x0003488e   0x0003488e   0x0000001c   Code   RO         6856    i.rx_done_event     nrfx_uarte.o
    0x000348aa   0x000348aa   0x00000002   PAD
    0x000348ac   0x000348ac   0x00000020   Code   RO         3249    i.sc_send_pending_handle  gatt_cache_manager.o
    0x000348cc   0x000348cc   0x0000007c   Code   RO        10510    i.sd_nvic_DisableIRQ  nrf_sdh.o
    0x00034948   0x00034948   0x000000a4   Code   RO        10511    i.sd_nvic_EnableIRQ  nrf_sdh.o
    0x000349ec   0x000349ec   0x00000068   Code   RO         7813    i.sd_nvic_critical_region_enter  app_util_platform.o
    0x00034a54   0x00034a54   0x00000090   Code   RO         5569    i.sd_state_evt_handler  nrf_drv_clock.o
    0x00034ae4   0x00034ae4   0x0000003c   Code   RO        10512    i.sdh_request_observer_notify  nrf_sdh.o
    0x00034b20   0x00034b20   0x00000034   Code   RO        10513    i.sdh_state_observer_notify  nrf_sdh.o
    0x00034b54   0x00034b54   0x000000f8   Code   RO         4819    i.sec_info_request_process  security_dispatcher.o
    0x00034c4c   0x00034c4c   0x00000110   Code   RO         4820    i.sec_keyset_fill   security_dispatcher.o
    0x00034d5c   0x00034d5c   0x00000030   Code   RO         4821    i.sec_params_request_process  security_dispatcher.o
    0x00034d8c   0x00034d8c   0x000000e8   Code   RO         5006    i.sec_params_verify  security_manager.o
    0x00034e74   0x00034e74   0x00000058   Code   RO         4822    i.sec_proc_start    security_dispatcher.o
    0x00034ecc   0x00034ecc   0x00000068   Code   RO         5007    i.sec_req_process   security_manager.o
    0x00034f34   0x00034f34   0x00000028   Code   RO         4823    i.sec_start_send    security_dispatcher.o
    0x00034f5c   0x00034f5c   0x00000022   Code   RO         4824    i.send_config_req   security_dispatcher.o
    0x00034f7e   0x00034f7e   0x00000002   PAD
    0x00034f80   0x00034f80   0x00000018   Code   RO         2875    i.send_error_evt    ble_conn_params.o
    0x00034f98   0x00034f98   0x00000028   Code   RO         4825    i.send_params_req   security_dispatcher.o
    0x00034fc0   0x00034fc0   0x00000024   Code   RO         4826    i.send_storage_full_evt  security_dispatcher.o
    0x00034fe4   0x00034fe4   0x00000028   Code   RO         3250    i.send_unexpected_error  gatt_cache_manager.o
    0x0003500c   0x0003500c   0x00000028   Code   RO         3921    i.send_unexpected_error  peer_data_storage.o
    0x00035034   0x00035034   0x00000028   Code   RO         4827    i.send_unexpected_error  security_dispatcher.o
    0x0003505c   0x0003505c   0x0000001e   Code   RO         5008    i.send_unexpected_error  security_manager.o
    0x0003507a   0x0003507a   0x00000024   Code   RO         2876    i.send_update_request  ble_conn_params.o
    0x0003509e   0x0003509e   0x00000002   PAD
    0x000350a0   0x000350a0   0x00000084   Code   RO         9636    i.serial_tx         nrf_log_backend_rtt.o
    0x00035124   0x00035124   0x00000088   Code   RO         9738    i.serial_tx         nrf_log_backend_uart.o
    0x000351ac   0x000351ac   0x00000074   Code   RO         3251    i.service_changed_cccd  gatt_cache_manager.o
    0x00035220   0x00035220   0x00000020   Code   RO         3252    i.service_changed_needed  gatt_cache_manager.o
    0x00035240   0x00035240   0x00000018   Code   RO         3253    i.service_changed_pending_flags_check  gatt_cache_manager.o
    0x00035258   0x00035258   0x000000a8   Code   RO         3449    i.service_changed_pending_set  gatts_cache_manager.o
    0x00035300   0x00035300   0x00000124   Code   RO         3254    i.service_changed_send_in_evt  gatt_cache_manager.o
    0x00035424   0x00035424   0x00000096   Code   RO         2587    i.service_data_encode  ble_advdata.o
    0x000354ba   0x000354ba   0x00000002   PAD
    0x000354bc   0x000354bc   0x000000c4   Code   RO           31    i.services_init     main.o
    0x00035580   0x00035580   0x00000030   Code   RO         2722    i.set_adv_mode_directed  ble_advertising.o
    0x000355b0   0x000355b0   0x00000024   Code   RO         2723    i.set_adv_mode_directed_high_duty  ble_advertising.o
    0x000355d4   0x000355d4   0x0000005c   Code   RO         2724    i.set_adv_mode_fast  ble_advertising.o
    0x00035630   0x00035630   0x0000005c   Code   RO         2725    i.set_adv_mode_slow  ble_advertising.o
    0x0003568c   0x0003568c   0x00000060   Code   RO         5486    i.set_adv_name      ble_dfu_unbonded.o
    0x000356ec   0x000356ec   0x000000be   Code   RO         3170    i.set_security_req  ble_srv_common.o
    0x000357aa   0x000357aa   0x00000002   PAD
    0x000357ac   0x000357ac   0x000000cc   Code   RO         9340    i.shutdown_process  nrf_pwr_mgmt.o
    0x00035878   0x00035878   0x00000070   Code   RO           32    i.sleep_mode_enter  main.o
    0x000358e8   0x000358e8   0x00000034   Code   RO         5009    i.sm_ble_evt_handler  security_manager.o
    0x0003591c   0x0003591c   0x00000010   Code   RO         5010    i.sm_conn_sec_config_reply  security_manager.o
    0x0003592c   0x0003592c   0x0000009a   Code   RO         5011    i.sm_conn_sec_status_get  security_manager.o
    0x000359c6   0x000359c6   0x00000002   PAD
    0x000359c8   0x000359c8   0x00000064   Code   RO         5012    i.sm_init           security_manager.o
    0x00035a2c   0x00035a2c   0x00000058   Code   RO         5015    i.sm_pdb_evt_handler  security_manager.o
    0x00035a84   0x00035a84   0x00000030   Code   RO         5016    i.sm_sec_is_sufficient  security_manager.o
    0x00035ab4   0x00035ab4   0x00000048   Code   RO         5018    i.sm_sec_params_set  security_manager.o
    0x00035afc   0x00035afc   0x00000032   Code   RO         5019    i.sm_smd_evt_handler  security_manager.o
    0x00035b2e   0x00035b2e   0x0000004c   Code   RO         4828    i.smd_ble_evt_handler  security_dispatcher.o
    0x00035b7a   0x00035b7a   0x00000002   PAD
    0x00035b7c   0x00035b7c   0x00000018   Code   RO         4829    i.smd_conn_sec_config_reply  security_dispatcher.o
    0x00035b94   0x00035b94   0x0000007c   Code   RO         4830    i.smd_init          security_dispatcher.o
    0x00035c10   0x00035c10   0x00000028   Code   RO         4831    i.smd_link_secure   security_dispatcher.o
    0x00035c38   0x00035c38   0x000000c0   Code   RO         4832    i.smd_params_reply  security_dispatcher.o
    0x00035cf8   0x00035cf8   0x00000040   Code   RO         5020    i.smd_params_reply_perform  security_manager.o
    0x00035d38   0x00035d38   0x0000001c   Code   RO         5570    i.soc_evt_handler   nrf_drv_clock.o
    0x00035d54   0x00035d54   0x00000060   Code   RO        10514    i.softdevice_evt_irq_disable  nrf_sdh.o
    0x00035db4   0x00035db4   0x00000060   Code   RO        10515    i.softdevices_evt_irq_enable  nrf_sdh.o
    0x00035e14   0x00035e14   0x00000014   Code   RO         7666    i.sorted_list_stop_all  app_timer2.o
    0x00035e28   0x00035e28   0x00000018   Code   RO         7667    i.sortlist_pop      app_timer2.o
    0x00035e40   0x00035e40   0x0000000c   Code   RO           33    i.spi_event_handler  main.o
    0x00035e4c   0x00035e4c   0x00000040   Code   RO         5795    i.spim_evt_handler  nrf_drv_spi.o
    0x00035e8c   0x00035e8c   0x00000110   Code   RO         7083    i.spim_xfer         nrfx_spim.o
    0x00035f9c   0x00035f9c   0x00000084   Code   RO         1692    i.st25r3911AdjustRegulators  st25r3911.o
    0x00036020   0x00036020   0x00000012   Code   RO         1693    i.st25r3911CalibrateAntenna  st25r3911.o
    0x00036032   0x00036032   0x00000016   Code   RO         1901    i.st25r3911ChangeRegisterBits  st25r3911_com.o
    0x00036048   0x00036048   0x00000028   Code   RO         1902    i.st25r3911ChangeTestRegisterBits  st25r3911_com.o
    0x00036070   0x00036070   0x00000030   Code   RO         1696    i.st25r3911CheckChipID  st25r3911.o
    0x000360a0   0x000360a0   0x00000026   Code   RO         1697    i.st25r3911CheckReg  st25r3911.o
    0x000360c6   0x000360c6   0x00000002   PAD
    0x000360c8   0x000360c8   0x00000018   Code   RO         2026    i.st25r3911ClearInterrupts  st25r3911_interrupt.o
    0x000360e0   0x000360e0   0x00000022   Code   RO         1903    i.st25r3911ClrRegisterBits  st25r3911_com.o
    0x00036102   0x00036102   0x0000000e   Code   RO         2027    i.st25r3911DisableInterrupts  st25r3911_interrupt.o
    0x00036110   0x00036110   0x0000000e   Code   RO         2028    i.st25r3911EnableInterrupts  st25r3911_interrupt.o
    0x0003611e   0x0003611e   0x00000028   Code   RO         1904    i.st25r3911ExecuteCommand  st25r3911_com.o
    0x00036146   0x00036146   0x0000006e   Code   RO         1699    i.st25r3911ExecuteCommandAndGetResult  st25r3911.o
    0x000361b4   0x000361b4   0x00000022   Code   RO         1905    i.st25r3911ExecuteCommands  st25r3911_com.o
    0x000361d6   0x000361d6   0x00000002   PAD
    0x000361d8   0x000361d8   0x00000018   Code   RO         2029    i.st25r3911GetInterrupt  st25r3911_interrupt.o
    0x000361f0   0x000361f0   0x00000014   Code   RO         2032    i.st25r3911InitInterrupts  st25r3911_interrupt.o
    0x00036204   0x00036204   0x0000004e   Code   RO         1703    i.st25r3911Initialize  st25r3911.o
    0x00036252   0x00036252   0x0000004a   Code   RO         1711    i.st25r3911MeasureVoltage  st25r3911.o
    0x0003629c   0x0003629c   0x00000060   Code   RO         2034    i.st25r3911ModifyInterrupts  st25r3911_interrupt.o
    0x000362fc   0x000362fc   0x0000002c   Code   RO         1907    i.st25r3911ModifyRegister  st25r3911_com.o
    0x00036328   0x00036328   0x00000038   Code   RO         1712    i.st25r3911OscOn    st25r3911.o
    0x00036360   0x00036360   0x00000034   Code   RO         1908    i.st25r3911ReadFifo  st25r3911_com.o
    0x00036394   0x00036394   0x00000034   Code   RO         1909    i.st25r3911ReadMultipleRegisters  st25r3911_com.o
    0x000363c8   0x000363c8   0x00000038   Code   RO         1910    i.st25r3911ReadRegister  st25r3911_com.o
    0x00036400   0x00036400   0x0000003e   Code   RO         1911    i.st25r3911ReadTestRegister  st25r3911_com.o
    0x0003643e   0x0003643e   0x00000016   Code   RO         1715    i.st25r3911SetGPTime_8fcs  st25r3911.o
    0x00036454   0x00036454   0x00000018   Code   RO         1717    i.st25r3911SetNumTxBits  st25r3911.o
    0x0003646c   0x0003646c   0x00000022   Code   RO         1912    i.st25r3911SetRegisterBits  st25r3911_com.o
    0x0003648e   0x0003648e   0x00000020   Code   RO         1719    i.st25r3911StartGPTimer_8fcs  st25r3911.o
    0x000364ae   0x000364ae   0x0000000c   Code   RO         1721    i.st25r3911TxRxOff  st25r3911.o
    0x000364ba   0x000364ba   0x00000002   PAD
    0x000364bc   0x000364bc   0x00000044   Code   RO         2035    i.st25r3911WaitForInterruptsTimed  st25r3911_interrupt.o
    0x00036500   0x00036500   0x00000034   Code   RO         1913    i.st25r3911WriteFifo  st25r3911_com.o
    0x00036534   0x00036534   0x00000034   Code   RO         1915    i.st25r3911WriteRegister  st25r3911_com.o
    0x00036568   0x00036568   0x00000030   Code   RO         1916    i.st25r3911WriteTestRegister  st25r3911_com.o
    0x00036598   0x00036598   0x00000026   Code   RO         2411    i.startup_event_extract  bsp_btn_ble.o
    0x000365be   0x000365be   0x00000002   PAD
    0x000365c0   0x000365c0   0x00000020   Code   RO         7405    i.state_get         app_button.o
    0x000365e0   0x000365e0   0x00000048   Code   RO         7406    i.state_set         app_button.o
    0x00036628   0x00036628   0x00000064   Code   RO         9880    i.std_header_set    nrf_log_frontend.o
    0x0003668c   0x0003668c   0x00000070   Code   RO         9881    i.std_n             nrf_log_frontend.o
    0x000366fc   0x000366fc   0x00000078   Code   RO         3255    i.store_car_value   gatt_cache_manager.o
    0x00036774   0x00036774   0x00000074   Code   RO         8988    i.string_print      nrf_fprintf_format.o
    0x000367e8   0x000367e8   0x00000010   Code   RO           34    i.systick_timeout_handler  main.o
    0x000367f8   0x000367f8   0x0000000a   Code   RO         7943    i.ticks_sub         drv_rtc.o
    0x00036802   0x00036802   0x00000002   PAD
    0x00036804   0x00036804   0x00000038   Code   RO           35    i.time_update       main.o
    0x0003683c   0x0003683c   0x0000000c   Code   RO         2118    i.timerCalculateTimer  timer.o
    0x00036848   0x00036848   0x00000018   Code   RO         2120    i.timerIsExpired    timer.o
    0x00036860   0x00036860   0x0000006c   Code   RO         7668    i.timer_expire      app_timer2.o
    0x000368cc   0x000368cc   0x00000094   Code   RO         7669    i.timer_req_process  app_timer2.o
    0x00036960   0x00036960   0x00000040   Code   RO         7670    i.timer_req_schedule  app_timer2.o
    0x000369a0   0x000369a0   0x00000020   Code   RO         7407    i.timer_start       app_button.o
    0x000369c0   0x000369c0   0x0000000a   Code   RO           36    i.timer_timeout_handler  main.o
    0x000369ca   0x000369ca   0x00000002   PAD
    0x000369cc   0x000369cc   0x0000008c   Code   RO           37    i.timers_init       main.o
    0x00036a58   0x00036a58   0x00000002   Code   RO        10061    i.timestamp_print   nrf_log_str_formatter.o
    0x00036a5a   0x00036a5a   0x00000002   PAD
    0x00036a5c   0x00036a5c   0x00000034   Code   RO           38    i.tss_profile_evt_handler  main.o
    0x00036a90   0x00036a90   0x000000b0   Code   RO         5300    i.tss_profile_init  cus_tss.o
    0x00036b40   0x00036b40   0x00000036   Code   RO         6613    i.tx_blocking       nrfx_uart.o
    0x00036b76   0x00036b76   0x00000026   Code   RO         6614    i.tx_byte           nrfx_uart.o
    0x00036b9c   0x00036b9c   0x00000020   Code   RO         6615    i.tx_done_event     nrfx_uart.o
    0x00036bbc   0x00036bbc   0x00000020   Code   RO         6857    i.tx_done_event     nrfx_uarte.o
    0x00036bdc   0x00036bdc   0x00000036   Code   RO         2588    i.tx_power_level_encode  ble_advdata.o
    0x00036c12   0x00036c12   0x00000002   PAD
    0x00036c14   0x00036c14   0x00000038   Code   RO         5724    i.uart_evt_handler  nrf_drv_uart.o
    0x00036c4c   0x00036c4c   0x0000000c   Code   RO         9739    i.uart_evt_handler  nrf_log_backend_uart.o
    0x00036c58   0x00036c58   0x00000068   Code   RO         9740    i.uart_init         nrf_log_backend_uart.o
    0x00036cc0   0x00036cc0   0x0000014e   Code   RO         6616    i.uart_irq_handler  nrfx_uart.o
    0x00036e0e   0x00036e0e   0x00000002   PAD
    0x00036e10   0x00036e10   0x00000038   Code   RO         5725    i.uarte_evt_handler  nrf_drv_uart.o
    0x00036e48   0x00036e48   0x00000134   Code   RO         6858    i.uarte_irq_handler  nrfx_uarte.o
    0x00036f7c   0x00036f7c   0x0000000c   Code   RO         3171    i.uint16_decode     ble_srv_common.o
    0x00036f88   0x00036f88   0x0000000c   Code   RO         2589    i.uint16_encode     ble_advdata.o
    0x00036f94   0x00036f94   0x00000024   Code   RO         9138    i.uninit            nrf_fstorage_sd.o
    0x00036fb8   0x00036fb8   0x000000b8   Code   RO         8989    i.unsigned_print    nrf_fprintf_format.o
    0x00037070   0x00037070   0x00000034   Code   RO         3256    i.update_pending_flags_check  gatt_cache_manager.o
    0x000370a4   0x000370a4   0x00000074   Code   RO         2877    i.update_timeout_handler  ble_conn_params.o
    0x00037118   0x00037118   0x0000001e   Code   RO         2726    i.use_whitelist     ble_advertising.o
    0x00037136   0x00037136   0x00000002   PAD
    0x00037138   0x00037138   0x00000014   Code   RO         2997    i.user_flag_is_acquired  ble_conn_state.o
    0x0003714c   0x0003714c   0x0000002c   Code   RO         3843    i.user_mem_reply    nrf_ble_qwr.o
    0x00037178   0x00037178   0x0000001e   Code   RO         7408    i.usr_event         app_button.o
    0x00037196   0x00037196   0x0000004e   Code   RO         2590    i.uuid_list_encode  ble_advdata.o
    0x000371e4   0x000371e4   0x000000d6   Code   RO         2591    i.uuid_list_sized_encode  ble_advdata.o
    0x000372ba   0x000372ba   0x00000056   Code   RO         2300    i.wakeup_button_cfg  bsp.o
    0x00037310   0x00037310   0x00000008   Code   RO         2727    i.whitelist_has_entries  ble_advertising.o
    0x00037318   0x00037318   0x00000006   Code   RO         9139    i.wmap              nrf_fstorage_sd.o
    0x0003731e   0x0003731e   0x00000002   PAD
    0x00037320   0x00037320   0x00000054   Code   RO         9140    i.write             nrf_fstorage_sd.o
    0x00037374   0x00037374   0x00000038   Code   RO         4086    i.write_buf_length_words_set  peer_database.o
    0x000373ac   0x000373ac   0x00000160   Code   RO         4087    i.write_buf_store   peer_database.o
    0x0003750c   0x0003750c   0x00000070   Code   RO         4088    i.write_buf_store_in_event  peer_database.o
    0x0003757c   0x0003757c   0x00000024   Code   RO         4089    i.write_buffer_record_acquire  peer_database.o
    0x000375a0   0x000375a0   0x0000004c   Code   RO         4090    i.write_buffer_record_find  peer_database.o
    0x000375ec   0x000375ec   0x00000034   Code   RO         4091    i.write_buffer_record_find_next  peer_database.o
    0x00037620   0x00037620   0x00000030   Code   RO         4092    i.write_buffer_record_find_stored  peer_database.o
    0x00037650   0x00037650   0x0000000e   Code   RO         4093    i.write_buffer_record_find_unused  peer_database.o
    0x0003765e   0x0003765e   0x00000024   Code   RO         4094    i.write_buffer_record_invalidate  peer_database.o
    0x00037682   0x00037682   0x00000002   PAD
    0x00037684   0x00037684   0x00000028   Code   RO         4095    i.write_buffer_record_release  peer_database.o
    0x000376ac   0x000376ac   0x000000e8   Code   RO         8204    i.write_enqueue     fds.o
    0x00037794   0x00037794   0x000000c8   Code   RO         8205    i.write_execute     fds.o
    0x0003785c   0x0003785c   0x00000058   Code   RO         9141    i.write_execute     nrf_fstorage_sd.o
    0x000378b4   0x000378b4   0x00000024   Code   RO         8206    i.write_space_free  fds.o
    0x000378d8   0x000378d8   0x0000007c   Code   RO         8207    i.write_space_reserve  fds.o
    0x00037954   0x00037954   0x00000030   Data   RO           40    .constdata          main.o
    0x00037984   0x00037984   0x0000018f   Data   RO          628    .constdata          rfal_analogconfig.o
    0x00037b13   0x00037b13   0x00000006   Data   RO         2187    .constdata          boards.o
    0x00037b19   0x00037b19   0x00000003   PAD
    0x00037b1c   0x00037b1c   0x00000024   Data   RO         2302    .constdata          bsp.o
    0x00037b40   0x00037b40   0x0000006c   Data   RO         3257    .constdata          gatt_cache_manager.o
    0x00037bac   0x00037bac   0x00000018   Data   RO         3450    .constdata          gatts_cache_manager.o
    0x00037bc4   0x00037bc4   0x00000008   Data   RO         3562    .constdata          id_manager.o
    0x00037bcc   0x00037bcc   0x00000016   Data   RO         3730    .constdata          nrf_ble_gatt.o
    0x00037be2   0x00037be2   0x00000002   PAD
    0x00037be4   0x00037be4   0x00000018   Data   RO         3922    .constdata          peer_data_storage.o
    0x00037bfc   0x00037bfc   0x00000010   Data   RO         4097    .constdata          peer_database.o
    0x00037c0c   0x00037c0c   0x0000002c   Data   RO         4372    .constdata          peer_manager.o
    0x00037c38   0x00037c38   0x00000078   Data   RO         4834    .constdata          security_dispatcher.o
    0x00037cb0   0x00037cb0   0x00000005   Data   RO         5021    .constdata          security_manager.o
    0x00037cb5   0x00037cb5   0x00000003   PAD
    0x00037cb8   0x00037cb8   0x00000010   Data   RO         5207    .constdata          cus_drs.o
    0x00037cc8   0x00037cc8   0x00000010   Data   RO         5255    .constdata          cus_errs.o
    0x00037cd8   0x00037cd8   0x00000010   Data   RO         5302    .constdata          cus_tss.o
    0x00037ce8   0x00037ce8   0x00000018   Data   RO         5351    .constdata          ble_dfu.o
    0x00037d00   0x00037d00   0x00000010   Data   RO         5797    .constdata          nrf_drv_spi.o
    0x00037d10   0x00037d10   0x0000003e   Data   RO         6215    .constdata          nrfx_gpiote.o
    0x00037d4e   0x00037d4e   0x00000002   PAD
    0x00037d50   0x00037d50   0x0000002e   Data   RO         6618    .constdata          nrfx_uart.o
    0x00037d7e   0x00037d7e   0x00000002   PAD
    0x00037d80   0x00037d80   0x00000030   Data   RO         6860    .constdata          nrfx_uarte.o
    0x00037db0   0x00037db0   0x0000002d   Data   RO         7085    .constdata          nrfx_spim.o
    0x00037ddd   0x00037ddd   0x00000003   PAD
    0x00037de0   0x00037de0   0x00000007   Data   RO         7410    .constdata          app_button.o
    0x00037de7   0x00037de7   0x00000001   PAD
    0x00037de8   0x00037de8   0x00000014   Data   RO         7672    .constdata          app_timer2.o
    0x00037dfc   0x00037dfc   0x00000004   PAD
    0x00037e00   0x00037e00   0x00000006   Data   RO         7944    .constdata          drv_rtc.o
    0x00037e06   0x00037e06   0x00000002   PAD
    0x00037e08   0x00037e08   0x00000018   Data   RO         8209    .constdata          fds.o
    0x00037e20   0x00037e20   0x00000010   Data   RO         8990    .constdata          nrf_fprintf_format.o
    0x00037e30   0x00037e30   0x0000005e   Data   RO         9041    .constdata          nrf_fstorage.o
    0x00037e8e   0x00037e8e   0x00000002   PAD
    0x00037e90   0x00037e90   0x00000030   Data   RO         9143    .constdata          nrf_fstorage_sd.o
    0x00037ec0   0x00037ec0   0x00000024   Data   RO         9342    .constdata          nrf_pwr_mgmt.o
    0x00037ee4   0x00037ee4   0x0000013c   Data   RO         9568    .constdata          nrf_strerror.o
    0x00038020   0x00038020   0x00000016   Data   RO         9638    .constdata          nrf_log_backend_rtt.o
    0x00038036   0x00038036   0x00000002   PAD
    0x00038038   0x00038038   0x0000002c   Data   RO         9742    .constdata          nrf_log_backend_uart.o
    0x00038064   0x00038064   0x0000000c   Data   RO         9883    .constdata          nrf_log_frontend.o
    0x00038070   0x00038070   0x00000058   Data   RO        10516    .constdata          nrf_sdh.o
    0x000380c8   0x000380c8   0x00000030   Data   RO        10635    .constdata          nrf_sdh_ble.o
    0x000380f8   0x000380f8   0x0000001c   Data   RO        10690    .constdata          nrf_sdh_soc.o
    0x00038114   0x00038114   0x00000081   Data   RO        12485    .constdata          mc_w.l(ctype_o.o)
    0x00038195   0x00038195   0x00000003   PAD
    0x00038198   0x00038198   0x00000004   Data   RO        12486    .constdata          mc_w.l(ctype_o.o)
    0x0003819c   0x0003819c   0x000001a4   Data   RO         3258    .conststring        gatt_cache_manager.o
    0x00038340   0x00038340   0x0000019c   Data   RO         3451    .conststring        gatts_cache_manager.o
    0x000384dc   0x000384dc   0x0000013e   Data   RO         3731    .conststring        nrf_ble_gatt.o
    0x0003861a   0x0003861a   0x00000002   PAD
    0x0003861c   0x0003861c   0x000000e8   Data   RO         3923    .conststring        peer_data_storage.o
    0x00038704   0x00038704   0x00000180   Data   RO         4098    .conststring        peer_database.o
    0x00038884   0x00038884   0x00000090   Data   RO         4373    .conststring        peer_manager.o
    0x00038914   0x00038914   0x000002b2   Data   RO         4835    .conststring        security_dispatcher.o
    0x00038bc6   0x00038bc6   0x00000002   PAD
    0x00038bc8   0x00038bc8   0x0000017b   Data   RO         5022    .conststring        security_manager.o
    0x00038d43   0x00038d43   0x00000001   PAD
    0x00038d44   0x00038d44   0x000000ce   Data   RO         5488    .conststring        ble_dfu_unbonded.o
    0x00038e12   0x00038e12   0x00000002   PAD
    0x00038e14   0x00038e14   0x0000004f   Data   RO         9042    .conststring        nrf_fstorage.o
    0x00038e63   0x00038e63   0x00000001   PAD
    0x00038e64   0x00038e64   0x000003eb   Data   RO         9569    .conststring        nrf_strerror.o
    0x0003924f   0x0003924f   0x00000001   PAD
    0x00039250   0x00039250   0x00000046   Data   RO         9743    .conststring        nrf_log_backend_uart.o
    0x00039296   0x00039296   0x00000002   PAD
    0x00039298   0x00039298   0x00000066   Data   RO        10062    .conststring        nrf_log_str_formatter.o
    0x000392fe   0x000392fe   0x00000002   PAD
    0x00039300   0x00039300   0x00000188   Data   RO        10636    .conststring        nrf_sdh_ble.o
    0x00039488   0x00039488   0x00000011   Data   RO         3259    .conststrlit        gatt_cache_manager.o
    0x00039499   0x00039499   0x00000003   PAD
    0x0003949c   0x0003949c   0x00000012   Data   RO         3452    .conststrlit        gatts_cache_manager.o
    0x000394ae   0x000394ae   0x00000002   PAD
    0x000394b0   0x000394b0   0x00000010   Data   RO         3564    .conststrlit        id_manager.o
    0x000394c0   0x000394c0   0x0000000d   Data   RO         3732    .conststrlit        nrf_ble_gatt.o
    0x000394cd   0x000394cd   0x00000003   PAD
    0x000394d0   0x000394d0   0x00000011   Data   RO         3924    .conststrlit        peer_data_storage.o
    0x000394e1   0x000394e1   0x00000003   PAD
    0x000394e4   0x000394e4   0x00000011   Data   RO         4099    .conststrlit        peer_database.o
    0x000394f5   0x000394f5   0x00000003   PAD
    0x000394f8   0x000394f8   0x0000000d   Data   RO         4374    .conststrlit        peer_manager.o
    0x00039505   0x00039505   0x00000003   PAD
    0x00039508   0x00039508   0x00000015   Data   RO         4663    .conststrlit        peer_manager_handler.o
    0x0003951d   0x0003951d   0x00000003   PAD
    0x00039520   0x00039520   0x00000011   Data   RO         4836    .conststrlit        security_dispatcher.o
    0x00039531   0x00039531   0x00000003   PAD
    0x00039534   0x00039534   0x00000010   Data   RO         5023    .conststrlit        security_manager.o
    0x00039544   0x00039544   0x00000006   Data   RO         5573    .conststrlit        nrf_drv_clock.o
    0x0003954a   0x0003954a   0x00000002   PAD
    0x0003954c   0x0003954c   0x00000006   Data   RO         6009    .conststrlit        nrfx_clock.o
    0x00039552   0x00039552   0x00000002   PAD
    0x00039554   0x00039554   0x00000007   Data   RO         6216    .conststrlit        nrfx_gpiote.o
    0x0003955b   0x0003955b   0x00000001   PAD
    0x0003955c   0x0003955c   0x00000004   Data   RO         6530    .conststrlit        nrfx_prs.o
    0x00039560   0x00039560   0x00000005   Data   RO         6619    .conststrlit        nrfx_uart.o
    0x00039565   0x00039565   0x00000003   PAD
    0x00039568   0x00039568   0x00000006   Data   RO         6861    .conststrlit        nrfx_uarte.o
    0x0003956e   0x0003956e   0x00000002   PAD
    0x00039570   0x00039570   0x00000005   Data   RO         7086    .conststrlit        nrfx_spim.o
    0x00039575   0x00039575   0x00000003   PAD
    0x00039578   0x00039578   0x00000004   Data   RO         7231    .conststrlit        nrfx_rtc.o
    0x0003957c   0x0003957c   0x0000000b   Data   RO         7411    .conststrlit        app_button.o
    0x00039587   0x00039587   0x00000001   PAD
    0x00039588   0x00039588   0x0000000a   Data   RO         7673    .conststrlit        app_timer2.o
    0x00039592   0x00039592   0x00000002   PAD
    0x00039594   0x00039594   0x0000000d   Data   RO         9043    .conststrlit        nrf_fstorage.o
    0x000395a1   0x000395a1   0x00000003   PAD
    0x000395a4   0x000395a4   0x00000009   Data   RO         9343    .conststrlit        nrf_pwr_mgmt.o
    0x000395ad   0x000395ad   0x00000003   PAD
    0x000395b0   0x000395b0   0x00000009   Data   RO         9515    .conststrlit        nrf_sortlist.o
    0x000395b9   0x000395b9   0x00000003   PAD
    0x000395bc   0x000395bc   0x00000021   Data   RO         9809    .conststrlit        nrf_log_default_backends.o
    0x000395dd   0x000395dd   0x00000003   PAD
    0x000395e0   0x000395e0   0x00000004   Data   RO         9884    .conststrlit        nrf_log_frontend.o
    0x000395e4   0x000395e4   0x00000008   Data   RO        10517    .conststrlit        nrf_sdh.o
    0x000395ec   0x000395ec   0x0000000c   Data   RO        10637    .conststrlit        nrf_sdh_ble.o
    0x000395f8   0x000395f8   0x0000000c   Data   RO        10691    .conststrlit        nrf_sdh_soc.o
    0x00039604   0x00039604   0x00000020   Data   RO        12858    Region$$Table       anon$$obj.o
    0x00039624   0x00039624   0x00000020   Data   RO         9811    log_backends        nrf_log_default_backends.o
    0x00039644   0x00039644   0x00000008   Data   RO         3261    log_const_data      gatt_cache_manager.o
    0x0003964c   0x0003964c   0x00000008   Data   RO         3454    log_const_data      gatts_cache_manager.o
    0x00039654   0x00039654   0x00000008   Data   RO         3566    log_const_data      id_manager.o
    0x0003965c   0x0003965c   0x00000008   Data   RO         3733    log_const_data      nrf_ble_gatt.o
    0x00039664   0x00039664   0x00000008   Data   RO         3926    log_const_data      peer_data_storage.o
    0x0003966c   0x0003966c   0x00000008   Data   RO         4101    log_const_data      peer_database.o
    0x00039674   0x00039674   0x00000008   Data   RO         4376    log_const_data      peer_manager.o
    0x0003967c   0x0003967c   0x00000008   Data   RO         4665    log_const_data      peer_manager_handler.o
    0x00039684   0x00039684   0x00000008   Data   RO         4838    log_const_data      security_dispatcher.o
    0x0003968c   0x0003968c   0x00000008   Data   RO         5025    log_const_data      security_manager.o
    0x00039694   0x00039694   0x00000008   Data   RO         5574    log_const_data      nrf_drv_clock.o
    0x0003969c   0x0003969c   0x00000008   Data   RO         6011    log_const_data      nrfx_clock.o
    0x000396a4   0x000396a4   0x00000008   Data   RO         6217    log_const_data      nrfx_gpiote.o
    0x000396ac   0x000396ac   0x00000008   Data   RO         6532    log_const_data      nrfx_prs.o
    0x000396b4   0x000396b4   0x00000008   Data   RO         6620    log_const_data      nrfx_uart.o
    0x000396bc   0x000396bc   0x00000008   Data   RO         6862    log_const_data      nrfx_uarte.o
    0x000396c4   0x000396c4   0x00000008   Data   RO         7087    log_const_data      nrfx_spim.o
    0x000396cc   0x000396cc   0x00000008   Data   RO         7233    log_const_data      nrfx_rtc.o
    0x000396d4   0x000396d4   0x00000008   Data   RO         7413    log_const_data      app_button.o
    0x000396dc   0x000396dc   0x00000008   Data   RO         7675    log_const_data      app_timer2.o
    0x000396e4   0x000396e4   0x00000008   Data   RO         9044    log_const_data      nrf_fstorage.o
    0x000396ec   0x000396ec   0x00000008   Data   RO         9345    log_const_data      nrf_pwr_mgmt.o
    0x000396f4   0x000396f4   0x00000008   Data   RO         9516    log_const_data      nrf_sortlist.o
    0x000396fc   0x000396fc   0x00000008   Data   RO         9886    log_const_data      nrf_log_frontend.o
    0x00039704   0x00039704   0x00000008   Data   RO        10519    log_const_data      nrf_sdh.o
    0x0003970c   0x0003970c   0x00000008   Data   RO        10639    log_const_data      nrf_sdh_ble.o
    0x00039714   0x00039714   0x00000008   Data   RO        10692    log_const_data      nrf_sdh_soc.o
    0x0003971c   0x0003971c   0x00000014   Data   RO         9887    nrf_balloc          nrf_log_frontend.o
    0x00039730   0x00039730   0x00000008   Data   RO         2999    sdh_ble_observers0  ble_conn_state.o
    0x00039738   0x00039738   0x00000010   Data   RO           42    sdh_ble_observers1  main.o
    0x00039748   0x00039748   0x00000008   Data   RO         2413    sdh_ble_observers1  bsp_btn_ble.o
    0x00039750   0x00039750   0x00000008   Data   RO         2880    sdh_ble_observers1  ble_conn_params.o
    0x00039758   0x00039758   0x00000008   Data   RO         4377    sdh_ble_observers1  peer_manager.o
    0x00039760   0x00039760   0x00000008   Data   RO           43    sdh_ble_observers2  main.o
    0x00039768   0x00039768   0x00000008   Data   RO         5208    sdh_ble_observers2  cus_drs.o
    0x00039770   0x00039770   0x00000008   Data   RO         5256    sdh_ble_observers2  cus_errs.o
    0x00039778   0x00039778   0x00000008   Data   RO         5303    sdh_ble_observers2  cus_tss.o
    0x00039780   0x00039780   0x00000008   Data   RO         5352    sdh_ble_observers2  ble_dfu.o
    0x00039788   0x00039788   0x00000008   Data   RO           44    sdh_ble_observers3  main.o
    0x00039790   0x00039790   0x00000008   Data   RO         9145    sdh_req_observers0  nrf_fstorage_sd.o
    0x00039798   0x00039798   0x00000008   Data   RO         5575    sdh_soc_observers0  nrf_drv_clock.o
    0x000397a0   0x000397a0   0x00000008   Data   RO         9146    sdh_soc_observers0  nrf_fstorage_sd.o
    0x000397a8   0x000397a8   0x00000008   Data   RO         5490    sdh_soc_observers1  ble_dfu_unbonded.o
    0x000397b0   0x000397b0   0x00000008   Data   RO        10640    sdh_stack_observers0  nrf_sdh_ble.o
    0x000397b8   0x000397b8   0x00000008   Data   RO        10693    sdh_stack_observers0  nrf_sdh_soc.o
    0x000397c0   0x000397c0   0x00000008   Data   RO         5576    sdh_state_observers0  nrf_drv_clock.o
    0x000397c8   0x000397c8   0x00000008   Data   RO         9147    sdh_state_observers0  nrf_fstorage_sd.o


    Execution Region RW_IRAM1 (Exec base: 0x20002290, Load base: 0x000397d0, Size: 0x000059e8, Max: 0x0000dd70, ABSOLUTE, COMPRESSED[0x00000064])

    Exec Addr    Load Addr    Size         Type   Attr      Idx    E Section Name        Object

    0x20002290   COMPRESSED   0x0000000d   Data   RW           41    .data               main.o
    0x2000229d   COMPRESSED   0x00000003   PAD
    0x200022a0   COMPRESSED   0x00000008   Data   RW          629    .data               rfal_analogconfig.o
    0x200022a8   COMPRESSED   0x00000006   Data   RW          813    .data               rfal_iso15693_2.o
    0x200022ae   COMPRESSED   0x00000002   PAD
    0x200022b0   COMPRESSED   0x00000014   Data   RW         2303    .data               bsp.o
    0x200022c4   COMPRESSED   0x00000008   Data   RW         2412    .data               bsp_btn_ble.o
    0x200022cc   COMPRESSED   0x00000008   Data   RW         2879    .data               ble_conn_params.o
    0x200022d4   COMPRESSED   0x00000013   Data   RW         3260    .data               gatt_cache_manager.o
    0x200022e7   COMPRESSED   0x00000001   PAD
    0x200022e8   COMPRESSED   0x0000000a   Data   RW         3453    .data               gatts_cache_manager.o
    0x200022f2   COMPRESSED   0x00000002   PAD
    0x200022f4   COMPRESSED   0x0000000c   Data   RW         3925    .data               peer_data_storage.o
    0x20002300   COMPRESSED   0x00000008   Data   RW         4100    .data               peer_database.o
    0x20002308   COMPRESSED   0x0000000f   Data   RW         4375    .data               peer_manager.o
    0x20002317   COMPRESSED   0x00000005   Data   RW         4837    .data               security_dispatcher.o
    0x2000231c   COMPRESSED   0x00000018   Data   RW         5024    .data               security_manager.o
    0x20002334   COMPRESSED   0x00000004   Data   RW         5489    .data               ble_dfu_unbonded.o
    0x20002338   COMPRESSED   0x00000009   Data   RW         5726    .data               nrf_drv_uart.o
    0x20002341   COMPRESSED   0x00000003   PAD
    0x20002344   COMPRESSED   0x00000008   Data   RW         6010    .data               nrfx_clock.o
    0x2000234c   COMPRESSED   0x00000008   Data   RW         6531    .data               nrfx_prs.o
    0x20002354   COMPRESSED   0x00000007   Data   RW         7232    .data               nrfx_rtc.o
    0x2000235b   COMPRESSED   0x00000005   PAD
    0x20002360   COMPRESSED   0x00000018   Data   RW         7412    .data               app_button.o
    0x20002378   COMPRESSED   0x00000024   Data   RW         7674    .data               app_timer2.o
    0x2000239c   COMPRESSED   0x0000000c   Data   RW         7945    .data               drv_rtc.o
    0x200023a8   COMPRESSED   0x00000030   Data   RW         8210    .data               fds.o
    0x200023d8   COMPRESSED   0x00000008   Data   RW         9144    .data               nrf_fstorage_sd.o
    0x200023e0   COMPRESSED   0x00000009   Data   RW         9344    .data               nrf_pwr_mgmt.o
    0x200023e9   COMPRESSED   0x00000001   Data   RW         9639    .data               nrf_log_backend_rtt.o
    0x200023ea   COMPRESSED   0x00000002   PAD
    0x200023ec   COMPRESSED   0x00000016   Data   RW         9744    .data               nrf_log_backend_uart.o
    0x20002402   COMPRESSED   0x00000002   PAD
    0x20002404   COMPRESSED   0x00000010   Data   RW         9810    .data               nrf_log_default_backends.o
    0x20002414   COMPRESSED   0x00000014   Data   RW         9885    .data               nrf_log_frontend.o
    0x20002428   COMPRESSED   0x00000040   Data   RW        10063    .data               nrf_log_str_formatter.o
    0x20002468   COMPRESSED   0x00000003   Data   RW        10518    .data               nrf_sdh.o
    0x2000246b   COMPRESSED   0x00000001   Data   RW        10638    .data               nrf_sdh_ble.o
    0x2000246c   COMPRESSED   0x00000004   Data   RW        11070    .data               system_nrf52.o
    0x20002470   COMPRESSED   0x00000004   Data   RW        12838    .data               mc_w.l(mvars.o)
    0x20002474   COMPRESSED   0x00000004   Data   RW        12839    .data               mc_w.l(mvars.o)
    0x20002478   COMPRESSED   0x00000014   Data   RW         8211    fs_data             fds.o
    0x2000248c   COMPRESSED   0x00000004   PAD
    0x20002490        -       0x00000498   Zero   RW           39    .bss                main.o
    0x20002928        -       0x000002ac   Zero   RW         1285    .bss                rfal_rfst25r3911.o
    0x20002bd4        -       0x00000010   Zero   RW         2036    .bss                st25r3911_interrupt.o
    0x20002be4   COMPRESSED   0x00000004   PAD
    0x20002be8        -       0x00000070   Zero   RW         2301    .bss                bsp.o
    0x20002c58        -       0x00000050   Zero   RW         2878    .bss                ble_conn_params.o
    0x20002ca8        -       0x0000007c   Zero   RW         2998    .bss                ble_conn_state.o
    0x20002d24        -       0x000000d8   Zero   RW         3561    .bss                id_manager.o
    0x20002dfc        -       0x00000180   Zero   RW         4096    .bss                peer_database.o
    0x20002f7c        -       0x00000040   Zero   RW         4241    .bss                peer_id.o
    0x20002fbc        -       0x0000000c   Zero   RW         4371    .bss                peer_manager.o
    0x20002fc8        -       0x00000040   Zero   RW         4833    .bss                security_dispatcher.o
    0x20003008        -       0x00000014   Zero   RW         5206    .bss                cus_drs.o
    0x2000301c        -       0x00000014   Zero   RW         5254    .bss                cus_errs.o
    0x20003030        -       0x00000014   Zero   RW         5301    .bss                cus_tss.o
    0x20003044        -       0x0000001c   Zero   RW         5350    .bss                ble_dfu.o
    0x20003060        -       0x00000028   Zero   RW         5487    .bss                ble_dfu_unbonded.o
    0x20003088        -       0x00000014   Zero   RW         5571    .bss                nrf_drv_clock.o
    0x2000309c        -       0x00000018   Zero   RW         5796    .bss                nrf_drv_spi.o
    0x200030b4        -       0x0000005c   Zero   RW         6214    .bss                nrfx_gpiote.o
    0x20003110        -       0x0000002c   Zero   RW         6617    .bss                nrfx_uart.o
    0x2000313c        -       0x00000024   Zero   RW         6859    .bss                nrfx_uarte.o
    0x20003160        -       0x00000024   Zero   RW         7084    .bss                nrfx_spim.o
    0x20003184   COMPRESSED   0x00000004   PAD
    0x20003188        -       0x00000030   Zero   RW         7409    .bss                app_button.o
    0x200031b8        -       0x00000020   Zero   RW         7502    .bss                app_error.o
    0x200031d8        -       0x00000068   Zero   RW         7671    .bss                app_timer2.o
    0x20003240        -       0x0000000c   Zero   RW         7814    .bss                app_util_platform.o
    0x2000324c        -       0x000000f0   Zero   RW         8208    .bss                fds.o
    0x2000333c        -       0x000000b0   Zero   RW         9142    .bss                nrf_fstorage_sd.o
    0x200033ec        -       0x0000000c   Zero   RW         9341    .bss                nrf_pwr_mgmt.o
    0x200033f8        -       0x00000040   Zero   RW         9637    .bss                nrf_log_backend_rtt.o
    0x20003438        -       0x00000040   Zero   RW         9741    .bss                nrf_log_backend_uart.o
    0x20003478        -       0x00000578   Zero   RW         9882    .bss                nrf_log_frontend.o
    0x200039f0        -       0x00000288   Zero   RW        10173    .bss                segger_rtt.o
    0x20003c78        -       0x00002000   Zero   RW        10721    HEAP                arm_startup_nrf52.o
    0x20005c78        -       0x00002000   Zero   RW        10720    STACK               arm_startup_nrf52.o


==============================================================================

Image component sizes


      Code (inc. data)   RO Data    RW Data    ZI Data      Debug   Object Name

       838        102         26         24         48      17978   app_button.o
       136          4          0          0         32       3470   app_error.o
        26          0          0          0          0        564   app_error_handler_keil.o
       456        194          0          0          0       1630   app_error_weak.o
         0          0          0          0          0      37142   app_scheduler.o
      1122        124         38         36        104      18781   app_timer2.o
       200         24          0          0         12      11434   app_util_platform.o
        36          8        512          0      16384        920   arm_startup_nrf52.o
      1770          0          0          0          0      62932   ble_advdata.o
      1464          6          0          0          0      24615   ble_advertising.o
       936         56          8          8         80      15327   ble_conn_params.o
       940        142          8          0        124      17254   ble_conn_state.o
       594        100         32          0         28      15954   ble_dfu.o
         0          0          0          0          0       8584   ble_dfu_bonded.o
       476         52        214          4         40       6025   ble_dfu_unbonded.o
       694          6          0          0          0      41977   ble_srv_common.o
       488         38          6          0          0      15143   boards.o
      1622        126         36         20        112      21951   bsp.o
       458         16          8          8          0      51444   bsp_btn_ble.o
       306         46         24          0         20       4660   cus_drs.o
       306         46         24          0         20       4778   cus_errs.o
       318         46         24          0         20       4788   cus_tss.o
      1010         98          6         12          0      53621   drv_rtc.o
      4884        470         24         68        240      60199   fds.o
      2606        620        553         19          0      45348   gatt_cache_manager.o
       848         90        462         10          0      16863   gatts_cache_manager.o
      1080         34         32          0        216      21790   id_manager.o
      4084       1060         80         13       1176     200757   main.o
       374          0          0          0          0       6748   nrf_atfifo.o
       232          0          0          0          0       4972   nrf_atflags.o
       444          0          0          0          0      10308   nrf_atomic.o
       218          0          0          0          0       3811   nrf_balloc.o
      2060        788        361          0          0      39183   nrf_ble_gatt.o
       390          0          0          0          0       7701   nrf_ble_qwr.o
       440         52         30          0         20      46868   nrf_drv_clock.o
       200         24         16          0         24      15447   nrf_drv_spi.o
       252         42          0          9          0      17744   nrf_drv_uart.o
        70          0          0          0          0       3569   nrf_fprintf.o
      1030          6         16          0          0       7178   nrf_fprintf_format.o
      1216        430        194          0          0       8144   nrf_fstorage.o
      1118        118         72          8        176      19135   nrf_fstorage_sd.o
       176         16         22          1         64       6509   nrf_log_backend_rtt.o
       242          0          0          0          0      10977   nrf_log_backend_serial.o
       354         60        114         22         64      16066   nrf_log_backend_uart.o
        64          8         65         16          0       3893   nrf_log_default_backends.o
      2170        148         44         20       1400      33172   nrf_log_frontend.o
       626        112        102         64          0       6000   nrf_log_str_formatter.o
       514          0          0          0          0       9679   nrf_memobj.o
       498         54         53          9         12      50330   nrf_pwr_mgmt.o
        28          0          0          0          0       2343   nrf_ringbuf.o
       994        210        104          3          0      45222   nrf_sdh.o
       904        298        468          1          0       6487   nrf_sdh_ble.o
       152         68         56          0          0       2692   nrf_sdh_soc.o
       112          0          0          0          0       2804   nrf_section_iter.o
       110          0         17          0          0       4017   nrf_sortlist.o
        92         10       1319          0          0       2739   nrf_strerror.o
       424         32         14          8          0      49084   nrfx_clock.o
      1738        124         77          0         92      71430   nrfx_gpiote.o
       140         14         12          8          0       4544   nrfx_prs.o
       246         10         12          7          0      10282   nrfx_rtc.o
      1118         28         58          0         36      24918   nrfx_spim.o
      1668         54         59          0         44      38020   nrfx_uart.o
      1686         54         62          0         36      34255   nrfx_uarte.o
      1488        150        281         12          0      22054   peer_data_storage.o
      1838        276        425          8        384      22846   peer_database.o
       402         46          0          0         64       9731   peer_id.o
      1788        406        217         15         12      18025   peer_manager.o
         0          0         29          0          0       2129   peer_manager_handler.o
       330          0          0          0          0       6499   pm_buffer.o
       352         20        399          8          0      74695   rfal_analogconfig.o
        66          0          0          0          0       1964   rfal_crc.o
      1216         14          0          6          0       7803   rfal_iso15693_2.o
         0          0          0          0          0        504   rfal_nfcv.o
      4550        194          0          0        684      38283   rfal_rfst25r3911.o
      2392        294        835          5         64      32707   security_dispatcher.o
      1770        164        408         24          0      55924   security_manager.o
       470         44          0          0        648       8457   segger_rtt.o
       644          0          0          0          0       9414   st25r3911.o
       680          0          0          0          0      16317   st25r3911_com.o
       260         26          0          0         16       6137   st25r3911_interrupt.o
      1508        158          0          4          0      40162   system_nrf52.o
        36          0          0          0          0       1455   timer.o

    ----------------------------------------------------------------------
     69724       8060       8180        500      22508    1787306   Object Totals
         0          0         32          0          0          0   (incl. Generated)
       136          0         90         20         12          0   (incl. Padding)

    ----------------------------------------------------------------------

      Code (inc. data)   RO Data    RW Data    ZI Data      Debug   Library Member Name

        86          0          0          0          0          0   __dczerorl2.o
         8          4        133          0          0         68   ctype_o.o
         0          0          0          0          0          0   entry.o
         0          0          0          0          0          0   entry10a.o
         0          0          0          0          0          0   entry11a.o
         8          4          0          0          0          0   entry2.o
         4          0          0          0          0          0   entry5.o
         0          0          0          0          0          0   entry7b.o
         0          0          0          0          0          0   entry8b.o
         8          4          0          0          0          0   entry9a.o
        30          0          0          0          0          0   handlers.o
        36          8          0          0          0         68   init.o
        30          0          0          0          0         68   llshl.o
        32          0          0          0          0         68   llushr.o
       108         16          0          0          0         84   malloc.o
        26          0          0          0          0         80   memcmp.o
        64          0          0          0          0         76   memmovea.o
        36          0          0          0          0        108   memseta.o
         0          0          0          8          0          0   mvars.o
      1172         50          0          0          0        420   printf8.o
        18          0          0          0          0         68   strcpy.o
        14          0          0          0          0         68   strlen.o
        98          0          0          0          0         92   uldiv.o

    ----------------------------------------------------------------------
      1784         86        136          8          0       1268   Library Totals
         6          0          3          0          0          0   (incl. Padding)

    ----------------------------------------------------------------------

      Code (inc. data)   RO Data    RW Data    ZI Data      Debug   Library Name

      1778         86        133          8          0       1268   mc_w.l

    ----------------------------------------------------------------------
      1784         86        136          8          0       1268   Library Totals

    ----------------------------------------------------------------------

==============================================================================


      Code (inc. data)   RO Data    RW Data    ZI Data      Debug   

     71508       8146       8316        508      22508    1702186   Grand Totals
     71508       8146       8316        100      22508    1702186   ELF Image Totals (compressed)
     71508       8146       8316        100          0          0   ROM Totals

==============================================================================

    Total RO  Size (Code + RO Data)                79824 (  77.95kB)
    Total RW  Size (RW Data + ZI Data)             23016 (  22.48kB)
    Total ROM Size (Code + RO Data + RW Data)      79924 (  78.05kB)

==============================================================================

