Component: ARM Compiler 5.06 update 6 (build 750) Tool: armlink [4d35ed]

==============================================================================

Section Cross References

    rfal_analogConfig.o(i.rfalAnalogConfigInitialize) refers to rfal_analogConfig.o(.constdata) for .constdata
    rfal_analogConfig.o(i.rfalAnalogConfigInitialize) refers to rfal_analogConfig.o(.data) for .data
    rfal_analogConfig.o(i.rfalAnalogConfigIsReady) refers to rfal_analogConfig.o(.data) for .data
    rfal_analogConfig.o(i.rfalAnalogConfigListRead) refers to memmovea.o(.text) for __aeabi_memcpy
    rfal_analogConfig.o(i.rfalAnalogConfigListRead) refers to rfal_analogConfig.o(.data) for .data
    rfal_analogConfig.o(i.rfalAnalogConfigListReadRaw) refers to memmovea.o(.text) for __aeabi_memcpy
    rfal_analogConfig.o(i.rfalAnalogConfigListReadRaw) refers to rfal_analogConfig.o(.data) for .data
    rfal_analogConfig.o(i.rfalSetAnalogConfig) refers to rfal_rfst25r3911.o(i.rfalChipChangeTestRegBits) for rfalChipChangeTestRegBits
    rfal_analogConfig.o(i.rfalSetAnalogConfig) refers to rfal_rfst25r3911.o(i.rfalChipChangeRegBits) for rfalChipChangeRegBits
    rfal_analogConfig.o(i.rfalSetAnalogConfig) refers to rfal_analogConfig.o(.data) for .data
    rfal_iso15693_2.o(i.iso15693PhyConfigure) refers to rfal_iso15693_2.o(.data) for .data
    rfal_iso15693_2.o(i.iso15693PhyGetConfiguration) refers to rfal_iso15693_2.o(.data) for .data
    rfal_iso15693_2.o(i.iso15693VCDCode) refers to rfal_crc.o(i.rfalCrcCalculateCcitt) for rfalCrcCalculateCcitt
    rfal_iso15693_2.o(i.iso15693VCDCode) refers to rfal_iso15693_2.o(.data) for .data
    rfal_iso15693_2.o(i.iso15693VCDCode) refers to rfal_iso15693_2.o(i.iso15693PhyVCDCode1Of256) for iso15693PhyVCDCode1Of256
    rfal_iso15693_2.o(i.iso15693VCDCode) refers to rfal_iso15693_2.o(i.iso15693PhyVCDCode1Of4) for iso15693PhyVCDCode1Of4
    rfal_iso15693_2.o(i.iso15693VICCDecode) refers to memseta.o(.text) for __aeabi_memclr
    rfal_iso15693_2.o(i.iso15693VICCDecode) refers to rfal_crc.o(i.rfalCrcCalculateCcitt) for rfalCrcCalculateCcitt
    rfal_nfcDep.o(i.nfcipClearCounters) refers to rfal_nfcDep.o(.bss) for .bss
    rfal_nfcDep.o(i.nfcipConfig) refers to memmovea.o(.text) for __aeabi_memcpy4
    rfal_nfcDep.o(i.nfcipConfig) refers to rfal_nfcDep.o(.bss) for .bss
    rfal_nfcDep.o(i.nfcipDEPControlMsg) refers to rfal_nfcDep.o(i.nfcipTx) for nfcipTx
    rfal_nfcDep.o(i.nfcipDEPControlMsg) refers to rfal_nfcDep.o(.bss) for .bss
    rfal_nfcDep.o(i.nfcipDataRx) refers to rfal_rfst25r3911.o(i.rfalGetTransceiveStatus) for rfalGetTransceiveStatus
    rfal_nfcDep.o(i.nfcipDataRx) refers to rfal_nfcDep.o(.bss) for .bss
    rfal_nfcDep.o(i.nfcipInitiatorHandleDEP) refers to rfal_nfcDep.o(i.nfcipClearCounters) for nfcipClearCounters
    rfal_nfcDep.o(i.nfcipInitiatorHandleDEP) refers to rfal_nfcDep.o(i.nfcipDEPControlMsg) for nfcipDEPControlMsg
    rfal_nfcDep.o(i.nfcipInitiatorHandleDEP) refers to memmovea.o(.text) for __aeabi_memmove
    rfal_nfcDep.o(i.nfcipInitiatorHandleDEP) refers to rfal_nfcDep.o(.bss) for .bss
    rfal_nfcDep.o(i.nfcipRun) refers to rfal_nfcDep.o(i.nfcipTx) for nfcipTx
    rfal_nfcDep.o(i.nfcipRun) refers to rfal_nfcDep.o(i.nfcipDataRx) for nfcipDataRx
    rfal_nfcDep.o(i.nfcipRun) refers to rfal_nfcDep.o(i.nfcipInitiatorHandleDEP) for nfcipInitiatorHandleDEP
    rfal_nfcDep.o(i.nfcipRun) refers to timer.o(i.timerIsExpired) for timerIsExpired
    rfal_nfcDep.o(i.nfcipRun) refers to rfal_nfcDep.o(i.nfcipDEPControlMsg) for nfcipDEPControlMsg
    rfal_nfcDep.o(i.nfcipRun) refers to rfal_nfcDep.o(i.nfcipTargetHandleRX) for nfcipTargetHandleRX
    rfal_nfcDep.o(i.nfcipRun) refers to rfal_nfcDep.o(.bss) for .bss
    rfal_nfcDep.o(i.nfcipSetDEPParams) refers to rfal_nfcDep.o(i.nfcipClearCounters) for nfcipClearCounters
    rfal_nfcDep.o(i.nfcipSetDEPParams) refers to rfal_nfcDep.o(.bss) for .bss
    rfal_nfcDep.o(i.nfcipTargetHandleActivation) refers to rfal_nfcDep.o(i.nfcipDataRx) for nfcipDataRx
    rfal_nfcDep.o(i.nfcipTargetHandleActivation) refers to rfal_nfcDep.o(i.nfcipTx) for nfcipTx
    rfal_nfcDep.o(i.nfcipTargetHandleActivation) refers to rfal_nfcDep.o(.bss) for .bss
    rfal_nfcDep.o(i.nfcipTargetHandleRX) refers to rfal_rfst25r3911.o(i.rfalTransceiveBlockingTx) for rfalTransceiveBlockingTx
    rfal_nfcDep.o(i.nfcipTargetHandleRX) refers to rfal_nfcDep.o(i.nfcipTx) for nfcipTx
    rfal_nfcDep.o(i.nfcipTargetHandleRX) refers to timer.o(i.timerCalculateTimer) for timerCalculateTimer
    rfal_nfcDep.o(i.nfcipTargetHandleRX) refers to rfal_nfcDep.o(i.nfcipDEPControlMsg) for nfcipDEPControlMsg
    rfal_nfcDep.o(i.nfcipTargetHandleRX) refers to rfal_nfcDep.o(i.nfcipClearCounters) for nfcipClearCounters
    rfal_nfcDep.o(i.nfcipTargetHandleRX) refers to memmovea.o(.text) for __aeabi_memmove
    rfal_nfcDep.o(i.nfcipTargetHandleRX) refers to rfal_nfcDep.o(.bss) for .bss
    rfal_nfcDep.o(i.nfcipTx) refers to memmovea.o(.text) for __aeabi_memcpy
[...]
    0x0002677c   0x00000398   Code   RO         9806    i.SystemInit        system_nrf52.o
    0x00026b14   0x0000000c   Code   RO         9327    i.UARTE0_UART0_IRQHandler  nrfx_prs.o
    0x00026b20   0x00000068   Code   RO         7593    i._DoInit           SEGGER_RTT.o
    0x00026b88   0x00000016   Code   RO         7594    i._GetAvailWriteSpace  SEGGER_RTT.o
    0x00026b9e   0x0000005a   Code   RO         7596    i._WriteBlocking    SEGGER_RTT.o
    0x00026bf8   0x00000042   Code   RO         7597    i._WriteNoCheck     SEGGER_RTT.o
    0x00026c3a   0x00000002   PAD
    0x00026c3c   0x00000028   Code   RO        10124    i.__0sprintf$8      mc_w.l(printf8.o)
    0x00026c64   0x0000000e   Code   RO        10245    i.__scatterload_copy  mc_w.l(handlers.o)
    0x00026c72   0x00000002   Code   RO        10246    i.__scatterload_null  mc_w.l(handlers.o)
    0x00026c74   0x0000000e   Code   RO        10247    i.__scatterload_zeroinit  mc_w.l(handlers.o)
    0x00026c82   0x00000002   PAD
    0x00026c84   0x00000024   Code   RO         7271    i.__sd_nvic_app_accessible_irq  nrf_sdh.o
    0x00026ca8   0x00000410   Code   RO        10129    i._printf_core      mc_w.l(printf8.o)
    0x000270b8   0x00000024   Code   RO        10130    i._printf_post_padding  mc_w.l(printf8.o)
    0x000270dc   0x0000002e   Code   RO        10131    i._printf_pre_padding  mc_w.l(printf8.o)
    0x0002710a   0x0000000a   Code   RO        10133    i._sputc            mc_w.l(printf8.o)
    0x00027114   0x00000026   Code   RO         3173    i.addr_compare      id_manager.o
    0x0002713a   0x0000000c   Code   RO         5612    i.addr_is_aligned32  nrf_fstorage.o
    0x00027146   0x00000018   Code   RO         5613    i.addr_is_within_bounds  nrf_fstorage.o
    0x0002715e   0x00000010   Code   RO         1669    i.adv_set_data_size_max_get  ble_advertising.o
    0x0002716e   0x00000046   Code   RO         5049    i.advertising_buttons_configure  bsp_btn_ble.o
    0x000271b4   0x00000088   Code   RO         9520    i.advertising_init  main.o
    0x0002723c   0x0000007c   Code   RO         9521    i.advertising_start  main.o
    0x000272b8   0x00000052   Code   RO         3174    i.ah                id_manager.o
    0x0002730a   0x00000006   Code   RO         4929    i.alert_timer_handler  bsp.o
    0x00027310   0x0000000c   Code   RO         4153    i.allow_repairing   security_dispatcher.o
    0x0002731c   0x00000024   Code   RO         5096    i.app_button_enable  app_button.o
    0x00027340   0x00000080   Code   RO         5097    i.app_button_init   app_button.o
    0x000273c0   0x00000084   Code   RO         7129    i.app_error_fault_handler  app_error_weak.o
    0x00027444   0x00000016   Code   RO         7030    i.app_error_handler_bare  app_error.o
    0x0002745a   0x00000002   PAD
    0x0002745c   0x0000000c   Code   RO         6692    i.app_timer_cnt_get  app_timer2.o
    0x00027468   0x00000016   Code   RO         6693    i.app_timer_create  app_timer2.o
    0x0002747e   0x00000002   PAD
    0x00027480   0x0000005c   Code   RO         6694    i.app_timer_init    app_timer2.o
    0x000274dc   0x00000030   Code   RO         6697    i.app_timer_start   app_timer2.o
    0x0002750c   0x0000000c   Code   RO         6698    i.app_timer_stop    app_timer2.o
    0x00027518   0x00000048   Code   RO         7160    i.app_util_critical_region_enter  app_util_platform.o
    0x00027560   0x00000034   Code   RO         7161    i.app_util_critical_region_exit  app_util_platform.o
    0x00027594   0x00000088   Code   RO         8988    i.apply_config      nrfx_uart.o
    0x0002761c   0x00000088   Code   RO         9170    i.apply_config      nrfx_uarte.o
    0x000276a4   0x00000004   Code   RO         2899    i.apply_pending_handle  gatt_cache_manager.o
    0x000276a8   0x00000180   Code   RO         4154    i.auth_status_success_process  security_dispatcher.o
    0x00027828   0x00000182   Code   RO         2193    i.ble_advdata_encode  ble_advdata.o
    0x000279aa   0x00000020   Code   RO         2195    i.ble_advdata_parse  ble_advdata.o
    0x000279ca   0x00000046   Code   RO         2196    i.ble_advdata_search  ble_advdata.o
    0x00027a10   0x00000006   Code   RO         1671    i.ble_advertising_conn_cfg_tag_set  ble_advertising.o
    0x00027a16   0x000000f8   Code   RO         1672    i.ble_advertising_init  ble_advertising.o
    0x00027b0e   0x0000006a   Code   RO         1674    i.ble_advertising_on_ble_evt  ble_advertising.o
    0x00027b78   0x0000003a   Code   RO         1676    i.ble_advertising_restart_without_whitelist  ble_advertising.o
    0x00027bb2   0x00000230   Code   RO         1677    i.ble_advertising_start  ble_advertising.o
    0x00027de2   0x00000002   PAD
    0x00027de4   0x00000068   Code   RO         2303    i.ble_conn_params_init  ble_conn_params.o
    0x00027e4c   0x00000020   Code   RO         2398    i.ble_conn_state_encrypted  ble_conn_state.o
    0x00027e6c   0x0000002c   Code   RO         2400    i.ble_conn_state_for_each_set_user_flag  ble_conn_state.o
    0x00027e98   0x00000020   Code   RO         2402    i.ble_conn_state_lesc  ble_conn_state.o
    0x00027eb8   0x00000020   Code   RO         2403    i.ble_conn_state_mitm_protected  ble_conn_state.o
    0x00027ed8   0x00000024   Code   RO         2406    i.ble_conn_state_role  ble_conn_state.o
    0x00027efc   0x00000024   Code   RO         2407    i.ble_conn_state_status  ble_conn_state.o
    0x00027f20   0x00000018   Code   RO         2408    i.ble_conn_state_user_flag_acquire  ble_conn_state.o
    0x00027f38   0x00000030   Code   RO         2409    i.ble_conn_state_user_flag_get  ble_conn_state.o
    0x00027f68   0x00000038   Code   RO         2410    i.ble_conn_state_user_flag_set  ble_conn_state.o
    0x00027fa0   0x00000014   Code   RO         2411    i.ble_conn_state_valid  ble_conn_state.o
    0x00027fb4   0x00000060   Code   RO         2199    i.ble_device_addr_encode  ble_advdata.o
    0x00028014   0x0000007c   Code   RO         1851    i.ble_dfu_buttonless_bootloader_start_finalize  ble_dfu.o
    0x00028090   0x00000018   Code   RO         2011    i.ble_dfu_buttonless_bootloader_start_prepare  ble_dfu_unbonded.o
    0x000280a8   0x00000080   Code   RO         1853    i.ble_dfu_buttonless_on_ble_evt  ble_dfu.o
    0x00028128   0x000000dc   Code   RO         2013    i.ble_dfu_buttonless_on_ctrl_pt_write  ble_dfu_unbonded.o
    0x00028204   0x00000060   Code   RO         2014    i.ble_dfu_buttonless_on_sys_evt  ble_dfu_unbonded.o
    0x00028264   0x00000054   Code   RO         1854    i.ble_dfu_buttonless_resp_send  ble_dfu.o
    0x000282b8   0x00000058   Code   RO         2069    i.ble_drs_on_ble_evt  cus_drs.o
    0x00028310   0x00000058   Code   RO         2112    i.ble_errs_on_ble_evt  cus_errs.o
    0x00028368   0x000000fc   Code   RO         2305    i.ble_evt_handler   ble_conn_params.o
    0x00028464   0x00000118   Code   RO         2412    i.ble_evt_handler   ble_conn_state.o
    0x0002857c   0x00000028   Code   RO         3697    i.ble_evt_handler   peer_manager.o
    0x000285a4   0x00000078   Code   RO         5050    i.ble_evt_handler   bsp_btn_ble.o
    0x0002861c   0x00000118   Code   RO         9523    i.ble_evt_handler   main.o
    0x00028734   0x00000008   Code   RO         2566    i.ble_srv_is_indication_enabled  ble_srv_common.o
    0x0002873c   0x00000008   Code   RO         2567    i.ble_srv_is_notification_enabled  ble_srv_common.o
    0x00028744   0x00000064   Code   RO         2155    i.ble_tss_on_ble_evt  cus_tss.o
    0x000287a8   0x0000000c   Code   RO         4469    i.bsp_board_button_idx_to_pin  boards.o
    0x000287b4   0x00000020   Code   RO         4470    i.bsp_board_button_state_get  boards.o
    0x000287d4   0x00000054   Code   RO         4471    i.bsp_board_init    boards.o
    0x00028828   0x00000024   Code   RO         4473    i.bsp_board_led_invert  boards.o
    0x0002884c   0x00000010   Code   RO         4474    i.bsp_board_led_off  boards.o
    0x0002885c   0x00000010   Code   RO         4475    i.bsp_board_led_on  boards.o
    0x0002886c   0x00000020   Code   RO         4476    i.bsp_board_led_state_get  boards.o
    0x0002888c   0x00000012   Code   RO         4477    i.bsp_board_leds_off  boards.o
    0x0002889e   0x00000012   Code   RO         4478    i.bsp_board_leds_on  boards.o
    0x000288b0   0x00000024   Code   RO         4479    i.bsp_board_pin_to_button_idx  boards.o
    0x000288d4   0x00000038   Code   RO         5051    i.bsp_btn_ble_init  bsp_btn_ble.o
    0x0002890c   0x0000001e   Code   RO         5052    i.bsp_btn_ble_sleep_mode_prepare  bsp_btn_ble.o
    0x0002892a   0x00000002   PAD
    0x0002892c   0x00000090   Code   RO         4930    i.bsp_button_event_handler  bsp.o
    0x000289bc   0x0000000c   Code   RO         4931    i.bsp_button_is_pressed  bsp.o
    0x000289c8   0x00000098   Code   RO         9524    i.bsp_event_handler  main.o
    0x00028a60   0x00000044   Code   RO         4934    i.bsp_event_to_button_action_assign  bsp.o
    0x00028aa4   0x00000018   Code   RO         4935    i.bsp_indication_set  bsp.o
    0x00028abc   0x00000094   Code   RO         4936    i.bsp_init          bsp.o
    0x00028b50   0x000001c8   Code   RO         4937    i.bsp_led_indication  bsp.o
    0x00028d18   0x00000006   Code   RO         4939    i.bsp_wakeup_button_enable  bsp.o
    0x00028d1e   0x00000002   PAD
    0x00028d20   0x00000094   Code   RO         6058    i.buf_prealloc      nrf_log_frontend.o
    0x00028db4   0x0000002e   Code   RO         7528    i.buffer_add        nrf_fprintf_format.o
    0x00028de2   0x00000002   PAD
    0x00028de4   0x00000018   Code   RO         6059    i.buffer_is_empty   nrf_log_frontend.o
    0x00028dfc   0x00000028   Code   RO         5099    i.button_get        app_button.o
    0x00028e24   0x00000008   Code   RO         4940    i.button_timer_handler  bsp.o
    0x00028e2c   0x00000028   Code   RO         2900    i.car_update_needed  gatt_cache_manager.o
    0x00028e54   0x00000040   Code   RO         2901    i.car_update_pending_handle  gatt_cache_manager.o
    0x00028e94   0x0000001c   Code   RO         8392    i.channel_free      nrfx_gpiote.o
    0x00028eb0   0x00000048   Code   RO         8393    i.channel_port_alloc  nrfx_gpiote.o
    0x00028ef8   0x00000010   Code   RO         8394    i.channel_port_get  nrfx_gpiote.o
    0x00028f08   0x00000190   Code   RO         2569    i.characteristic_add  ble_srv_common.o
    0x00029098   0x0000003e   Code   RO         3607    i.claim             peer_id.o
    0x000290d6   0x00000002   PAD
    0x000290d8   0x00000028   Code   RO         7987    i.clock_clk_started_notify  nrf_drv_clock.o
    0x00029100   0x0000001c   Code   RO         7988    i.clock_irq_handler  nrf_drv_clock.o
    0x0002911c   0x00000018   Code   RO         6700    i.compare_func      app_timer2.o
    0x00029134   0x0000003e   Code   RO         2413    i.conn_handle_list_get  ble_conn_state.o
    0x00029172   0x00000088   Code   RO         2200    i.conn_int_encode   ble_advdata.o
    0x000291fa   0x00000004   Code   RO         9525    i.conn_params_error_handler  main.o
    0x000291fe   0x00000002   PAD
    0x00029200   0x00000048   Code   RO         2306    i.conn_params_negotiation  ble_conn_params.o
    0x00029248   0x00000044   Code   RO         4155    i.conn_sec_failure  security_dispatcher.o
    0x0002928c   0x00000100   Code   RO         2720    i.data_length_update  nrf_ble_gatt.o
    0x0002938c   0x00000030   Code   RO         2902    i.db_update_pending_handle  gatt_cache_manager.o
    0x000293bc   0x0000008c   Code   RO         5265    i.delete_execute    fds.o
    0x00029448   0x00000048   Code   RO         5100    i.detection_delay_timeout_handler  app_button.o
    0x00029490   0x00000014   Code   RO         6060    i.dropped_sat16_get  nrf_log_frontend.o
    0x000294a4   0x00000002   Code   RO         9526    i.drs_profile_evt_handler  main.o
    0x000294a6   0x00000002   PAD
    0x000294a8   0x00000084   Code   RO         2071    i.drs_profile_init  cus_drs.o
    0x0002952c   0x00000014   Code   RO         6841    i.drv_rtc_compare_disable  drv_rtc.o
    0x00029540   0x0000000e   Code   RO         6844    i.drv_rtc_compare_pending  drv_rtc.o
    0x0002954e   0x00000050   Code   RO         6845    i.drv_rtc_compare_set  drv_rtc.o
    0x0002959e   0x00000008   Code   RO         6846    i.drv_rtc_counter_get  drv_rtc.o
    0x000295a6   0x00000002   PAD
    0x000295a8   0x000000d8   Code   RO         6847    i.drv_rtc_init      drv_rtc.o
    0x00029680   0x0000001e   Code   RO         6848    i.drv_rtc_irq_trigger  drv_rtc.o
    0x0002969e   0x00000008   Code   RO         6850    i.drv_rtc_overflow_enable  drv_rtc.o
    0x000296a6   0x00000008   Code   RO         6851    i.drv_rtc_overflow_pending  drv_rtc.o
    0x000296ae   0x00000008   Code   RO         6852    i.drv_rtc_start     drv_rtc.o
    0x000296b6   0x00000008   Code   RO         6853    i.drv_rtc_stop      drv_rtc.o
    0x000296be   0x000000de   Code   RO         6858    i.drv_rtc_windowed_compare_set  drv_rtc.o
    0x0002979c   0x0000000a   Code   RO         4156    i.encryption_failure  security_dispatcher.o
    0x000297a6   0x00000002   PAD
    0x000297a8   0x0000004c   Code   RO         5702    i.erase             nrf_fstorage_sd.o
    0x000297f4   0x00000002   Code   RO         9527    i.errs_profile_evt_handler  main.o
    0x000297f6   0x00000002   PAD
    0x000297f8   0x00000084   Code   RO         2114    i.errs_profile_init  cus_errs.o
    0x0002987c   0x00000074   Code   RO         5266    i.event_prepare     fds.o
    0x000298f0   0x00000020   Code   RO         5267    i.event_send        fds.o
    0x00029910   0x00000054   Code   RO         5703    i.event_send        nrf_fstorage_sd.o
    0x00029964   0x00000098   Code   RO         4294    i.events_send_from_err_code  security_manager.o
    0x000299fc   0x00000012   Code   RO         6859    i.evt_enable        drv_rtc.o
    0x00029a0e   0x00000002   PAD
    0x00029a10   0x000000e0   Code   RO         5101    i.evt_handle        app_button.o
    0x00029af0   0x00000014   Code   RO         6860    i.evt_pending       drv_rtc.o
    0x00029b04   0x0000001c   Code   RO         2903    i.evt_send          gatt_cache_manager.o
    0x00029b20   0x0000001c   Code   RO         3078    i.evt_send          gatts_cache_manager.o
    0x00029b3c   0x0000002c   Code   RO         3698    i.evt_send          peer_manager.o
    0x00029b68   0x0000001c   Code   RO         4157    i.evt_send          security_dispatcher.o
    0x00029b84   0x0000000c   Code   RO         4295    i.evt_send          security_manager.o
    0x00029b90   0x000000e0   Code   RO         3345    i.fds_evt_handler   peer_data_storage.o
    0x00029c70   0x00000048   Code   RO         5269    i.fds_file_delete   fds.o
    0x00029cb8   0x00000040   Code   RO         5270    i.fds_gc            fds.o
    0x00029cf8   0x000000e4   Code   RO         5271    i.fds_init          fds.o
    0x00029ddc   0x00000048   Code   RO         5272    i.fds_record_close  fds.o
    0x00029e24   0x0000000e   Code   RO         5274    i.fds_record_find   fds.o
    0x00029e32   0x00000010   Code   RO         5275    i.fds_record_find_by_key  fds.o
    0x00029e42   0x00000010   Code   RO         5276    i.fds_record_find_in_file  fds.o
    0x00029e52   0x00000012   Code   RO         5277    i.fds_record_id_from_desc  fds.o
    0x00029e64   0x0000004c   Code   RO         5279    i.fds_record_open   fds.o
    0x00029eb0   0x00000010   Code   RO         5280    i.fds_record_update  fds.o
    0x00029ec0   0x00000008   Code   RO         5281    i.fds_record_write  fds.o
    0x00029ec8   0x00000030   Code   RO         5283    i.fds_register      fds.o
    0x00029ef8   0x00000014   Code   RO         3346    i.file_id_within_pm_range  peer_data_storage.o
    0x00029f0c   0x00000012   Code   RO         4158    i.flag_id_init      security_dispatcher.o
    0x00029f1e   0x00000012   Code   RO         4296    i.flag_id_init      security_manager.o
    0x00029f30   0x0000000a   Code   RO         2414    i.flag_toggle       ble_conn_state.o
    0x00029f3a   0x00000028   Code   RO         1679    i.flags_set         ble_advertising.o
    0x00029f62   0x00000002   PAD
    0x00029f64   0x00000030   Code   RO         4297    i.flags_set_from_err_code  security_manager.o
    0x00029f94   0x00000030   Code   RO         2415    i.for_each_set_flag  ble_conn_state.o
    0x00029fc4   0x00000006   Code   RO         5287    i.fs_event_handler  fds.o
    0x00029fca   0x00000002   PAD
    0x00029fcc   0x00000098   Code   RO         9528    i.gap_params_init   main.o
    0x0002a064   0x00000080   Code   RO         5288    i.gc_execute        fds.o
    0x0002a0e4   0x0000004c   Code   RO         5289    i.gc_next_page      fds.o
    0x0002a130   0x00000040   Code   RO         5290    i.gc_page_erase     fds.o
    0x0002a170   0x00000034   Code   RO         5291    i.gc_record_copy    fds.o
    0x0002a1a4   0x00000024   Code   RO         5292    i.gc_record_find_next  fds.o
    0x0002a1c8   0x00000070   Code   RO         5293    i.gc_state_advance  fds.o
    0x0002a238   0x00000030   Code   RO         5294    i.gc_swap_pages     fds.o
    0x0002a268   0x00000230   Code   RO         2904    i.gcm_ble_evt_handler  gatt_cache_manager.o
    0x0002a498   0x0000003c   Code   RO         2905    i.gcm_im_evt_handler  gatt_cache_manager.o
    0x0002a4d4   0x00000094   Code   RO         2906    i.gcm_init          gatt_cache_manager.o
    0x0002a568   0x00000088   Code   RO         2909    i.gcm_pdb_evt_handler  gatt_cache_manager.o
    0x0002a5f0   0x00000034   Code   RO         6701    i.get_now           app_timer2.o
    0x0002a624   0x0000000c   Code   RO         9529    i.get_sysTick       main.o
    0x0002a630   0x0000003c   Code   RO         5102    i.gpiote_event_handler  app_button.o
    0x0002a66c   0x0000001c   Code   RO         3079    i.gscm_db_change_notification_done  gatts_cache_manager.o
    0x0002a688   0x00000014   Code   RO         3080    i.gscm_init         gatts_cache_manager.o
    0x0002a69c   0x00000090   Code   RO         3082    i.gscm_local_db_cache_apply  gatts_cache_manager.o
    0x0002a72c   0x000000ac   Code   RO         3083    i.gscm_local_db_cache_update  gatts_cache_manager.o
    0x0002a7d8   0x00000018   Code   RO         3084    i.gscm_pdb_evt_handler  gatts_cache_manager.o
    0x0002a7f0   0x0000001e   Code   RO         3085    i.gscm_service_changed_ind_needed  gatts_cache_manager.o
    0x0002a80e   0x00000002   PAD
    0x0002a810   0x0000005c   Code   RO         3086    i.gscm_service_changed_ind_send  gatts_cache_manager.o
    0x0002a86c   0x0000002c   Code   RO         5295    i.header_check      fds.o
    0x0002a898   0x00000012   Code   RO         5296    i.header_has_next   fds.o
    0x0002a8aa   0x00000046   Code   RO         3175    i.im_address_resolve  id_manager.o
    0x0002a8f0   0x00000038   Code   RO         3176    i.im_ble_addr_get   id_manager.o
    0x0002a928   0x000000dc   Code   RO         3177    i.im_ble_evt_handler  id_manager.o
    0x0002aa04   0x00000040   Code   RO         3178    i.im_conn_handle_get  id_manager.o
    0x0002aa44   0x00000038   Code   RO         3180    i.im_find_duplicate_bonding_data  id_manager.o
    0x0002aa7c   0x00000072   Code   RO         3183    i.im_is_duplicate_bonding_data  id_manager.o
    0x0002aaee   0x00000018   Code   RO         3184    i.im_master_id_is_valid  id_manager.o
    0x0002ab06   0x0000002a   Code   RO         3185    i.im_master_ids_compare  id_manager.o
    0x0002ab30   0x00000014   Code   RO         3186    i.im_new_peer_id    id_manager.o
    0x0002ab44   0x0000002c   Code   RO         3187    i.im_peer_free      id_manager.o
    0x0002ab70   0x00000024   Code   RO         3188    i.im_peer_id_get_by_conn_handle  id_manager.o
    0x0002ab94   0x0000003c   Code   RO         3189    i.im_peer_id_get_by_master_id  id_manager.o
    0x0002abd0   0x00000034   Code   RO         5704    i.init              nrf_fstorage_sd.o
    0x0002ac04   0x000000c8   Code   RO         5297    i.init_execute      fds.o
    0x0002accc   0x00000014   Code   RO         2307    i.instance_get      ble_conn_params.o
    0x0002ace0   0x000000a6   Code   RO         7529    i.int_print         nrf_fprintf_format.o
    0x0002ad86   0x00000002   PAD
    0x0002ad88   0x00000088   Code   RO         9171    i.interrupts_enable  nrfx_uarte.o
    0x0002ae10   0x00000034   Code   RO         6061    i.invalid_packets_omit  nrf_log_frontend.o
    0x0002ae44   0x000000a0   Code   RO         8730    i.irq_handler       nrfx_rtc.o
    0x0002aee4   0x00000010   Code   RO         5705    i.is_busy           nrf_fstorage_sd.o
    0x0002aef4   0x00000044   Code   RO         2308    i.is_conn_params_ok  ble_conn_params.o
    0x0002af38   0x00000014   Code   RO         3194    i.is_valid_irk      id_manager.o
    0x0002af4c   0x0000000c   Code   RO         5298    i.is_word_aligned   fds.o
    0x0002af58   0x00000062   Code   RO          320    i.iso15693PhyVCDCode1Of256  rfal_iso15693_2.o
    0x0002afba   0x00000058   Code   RO          321    i.iso15693PhyVCDCode1Of4  rfal_iso15693_2.o
    0x0002b012   0x00000002   PAD
    0x0002b014   0x0000018c   Code   RO          322    i.iso15693VCDCode   rfal_iso15693_2.o
    0x0002b1a0   0x0000012c   Code   RO          323    i.iso15693VICCDecode  rfal_iso15693_2.o
    0x0002b2cc   0x0000002c   Code   RO         4941    i.leds_off          bsp.o
    0x0002b2f8   0x00000014   Code   RO         4942    i.leds_timer_handler  bsp.o
    0x0002b30c   0x00000014   Code   RO         2721    i.link_init         nrf_ble_gatt.o
    0x0002b320   0x000000d0   Code   RO         4298    i.link_secure       security_manager.o
    0x0002b3f0   0x0000003c   Code   RO         4159    i.link_secure_failure  security_dispatcher.o
    0x0002b42c   0x0000002c   Code   RO         4299    i.link_secure_pending_handle  security_manager.o
    0x0002b458   0x000000a8   Code   RO         2910    i.local_db_apply_in_evt  gatt_cache_manager.o
    0x0002b500   0x00000010   Code   RO         2911    i.local_db_update   gatt_cache_manager.o
    0x0002b510   0x0000010c   Code   RO         2912    i.local_db_update_in_evt  gatt_cache_manager.o
    0x0002b61c   0x000000a4   Code   RO         6062    i.log_skip          nrf_log_frontend.o
    0x0002b6c0   0x00000220   Code   RO         9530    i.main              main.o
    0x0002b8e0   0x0000006c   Code   RO        10177    i.malloc            mc_w.l(malloc.o)
    0x0002b94c   0x00000064   Code   RO         2201    i.manuf_specific_data_encode  ble_advdata.o
    0x0002b9b0   0x0000007e   Code   RO         6300    i.memobj_op         nrf_memobj.o
    0x0002ba2e   0x00000002   PAD
    0x0002ba30   0x00000030   Code   RO         6063    i.module_idx_get    nrf_log_frontend.o
    0x0002ba60   0x00000008   Code   RO         4106    i.mutex_lock_status_get  pm_buffer.o
    0x0002ba68   0x000000a6   Code   RO         2202    i.name_encode       ble_advdata.o
    0x0002bb0e   0x00000002   PAD
    0x0002bb10   0x00000014   Code   RO         4300    i.new_context_get   security_manager.o
    0x0002bb24   0x00000032   Code   RO         4301    i.new_evt           security_manager.o
    0x0002bb56   0x00000030   Code   RO         3608    i.next_id_get       peer_id.o
    0x0002bb86   0x00000010   Code   RO         4719    i.nrf_atfifo_clear  nrf_atfifo.o
    0x0002bb96   0x00000026   Code   RO         4721    i.nrf_atfifo_init   nrf_atfifo.o
    0x0002bbbc   0x00000016   Code   RO         4722    i.nrf_atfifo_item_alloc  nrf_atfifo.o
    0x0002bbd2   0x00000016   Code   RO         4723    i.nrf_atfifo_item_free  nrf_atfifo.o
    0x0002bbe8   0x00000016   Code   RO         4724    i.nrf_atfifo_item_get  nrf_atfifo.o
    0x0002bbfe   0x00000016   Code   RO         4725    i.nrf_atfifo_item_put  nrf_atfifo.o
    0x0002bc14   0x00000016   Code   RO         4790    i.nrf_atflags_clear  nrf_atflags.o
    0x0002bc2a   0x00000020   Code   RO         4792    i.nrf_atflags_fetch_set  nrf_atflags.o
    0x0002bc4a   0x0000004a   Code   RO         4794    i.nrf_atflags_find_and_set_flag  nrf_atflags.o
    0x0002bc94   0x00000016   Code   RO         4795    i.nrf_atflags_get   nrf_atflags.o
    0x0002bcaa   0x00000014   Code   RO         4797    i.nrf_atflags_set   nrf_atflags.o
    0x0002bcbe   0x00000006   Code   RO         4580    i.nrf_atomic_flag_clear_fetch  nrf_atomic.o
    0x0002bcc4   0x00000006   Code   RO         4581    i.nrf_atomic_flag_set  nrf_atomic.o
    0x0002bcca   0x00000006   Code   RO         4582    i.nrf_atomic_flag_set_fetch  nrf_atomic.o
    0x0002bcd0   0x0000000c   Code   RO         4583    i.nrf_atomic_u32_add  nrf_atomic.o
    0x0002bcdc   0x0000000c   Code   RO         4584    i.nrf_atomic_u32_and  nrf_atomic.o
    0x0002bce8   0x0000000a   Code   RO         4586    i.nrf_atomic_u32_fetch_add  nrf_atomic.o
    0x0002bcf2   0x0000000a   Code   RO         4587    i.nrf_atomic_u32_fetch_and  nrf_atomic.o
    0x0002bcfc   0x0000000a   Code   RO         4588    i.nrf_atomic_u32_fetch_or  nrf_atomic.o
    0x0002bd06   0x0000000a   Code   RO         4589    i.nrf_atomic_u32_fetch_store  nrf_atomic.o
    0x0002bd10   0x0000000c   Code   RO         4593    i.nrf_atomic_u32_or  nrf_atomic.o
    0x0002bd1c   0x0000000c   Code   RO         4595    i.nrf_atomic_u32_sub  nrf_atomic.o
    0x0002bd28   0x00000044   Code   RO         4859    i.nrf_balloc_alloc  nrf_balloc.o
    0x0002bd6c   0x00000030   Code   RO         4860    i.nrf_balloc_free   nrf_balloc.o
    0x0002bd9c   0x00000030   Code   RO         4861    i.nrf_balloc_init   nrf_balloc.o
    0x0002bdcc   0x00000010   Code   RO         8395    i.nrf_bitmask_bit_is_set  nrfx_gpiote.o
    0x0002bddc   0x00000022   Code   RO         2727    i.nrf_ble_gatt_init  nrf_ble_gatt.o
    0x0002bdfe   0x00000002   PAD
    0x0002be00   0x000000ec   Code   RO         2728    i.nrf_ble_gatt_on_ble_evt  nrf_ble_gatt.o
    0x0002beec   0x00000016   Code   RO         2837    i.nrf_ble_qwr_conn_handle_assign  nrf_ble_qwr.o
    0x0002bf02   0x00000024   Code   RO         2838    i.nrf_ble_qwr_init  nrf_ble_qwr.o
    0x0002bf26   0x000000b6   Code   RO         2839    i.nrf_ble_qwr_on_ble_evt  nrf_ble_qwr.o
    0x0002bfdc   0x0000000e   Code   RO         8253    i.nrf_clock_event_check  nrfx_clock.o
    0x0002bfea   0x00000010   Code   RO         8254    i.nrf_clock_event_clear  nrfx_clock.o
    0x0002bffa   0x00000002   PAD
    0x0002bffc   0x00000040   Code   RO         7995    i.nrf_drv_clock_init  nrf_drv_clock.o
    0x0002c03c   0x00000034   Code   RO         7999    i.nrf_drv_clock_lfclk_release  nrf_drv_clock.o
    0x0002c070   0x00000070   Code   RO         8159    i.nrf_drv_spi_init  nrf_drv_spi.o
    0x0002c0e0   0x00000068   Code   RO         8206    i.nrf_drv_uart_init  nrf_drv_uart.o
    0x0002c148   0x0000001a   Code   RO         7489    i.nrf_fprintf       nrf_fprintf.o
    0x0002c162   0x00000018   Code   RO         7490    i.nrf_fprintf_buffer_flush  nrf_fprintf.o
    0x0002c17a   0x000001da   Code   RO         7530    i.nrf_fprintf_fmt   nrf_fprintf_format.o
    0x0002c354   0x00000138   Code   RO         5614    i.nrf_fstorage_erase  nrf_fstorage.o
    0x0002c48c   0x00000094   Code   RO         5615    i.nrf_fstorage_init  nrf_fstorage.o
    0x0002c520   0x00000018   Code   RO         5706    i.nrf_fstorage_sdh_req_handler  nrf_fstorage_sd.o
    0x0002c538   0x00000020   Code   RO         5707    i.nrf_fstorage_sdh_state_handler  nrf_fstorage_sd.o
    0x0002c558   0x000000a4   Code   RO         5708    i.nrf_fstorage_sys_evt_handler  nrf_fstorage_sd.o
    0x0002c5fc   0x000001dc   Code   RO         5621    i.nrf_fstorage_write  nrf_fstorage.o
    0x0002c7d8   0x00000024   Code   RO         4481    i.nrf_gpio_cfg      boards.o
    0x0002c7fc   0x00000024   Code   RO         8396    i.nrf_gpio_cfg      nrfx_gpiote.o
    0x0002c820   0x00000024   Code   RO         8866    i.nrf_gpio_cfg      nrfx_spim.o
    0x0002c844   0x00000024   Code   RO         8989    i.nrf_gpio_cfg      nrfx_uart.o
    0x0002c868   0x00000024   Code   RO         9172    i.nrf_gpio_cfg      nrfx_uarte.o
    0x0002c88c   0x00000012   Code   RO         8990    i.nrf_gpio_cfg_default  nrfx_uart.o
    0x0002c89e   0x00000012   Code   RO         9173    i.nrf_gpio_cfg_default  nrfx_uarte.o
    0x0002c8b0   0x00000012   Code   RO         8991    i.nrf_gpio_cfg_input  nrfx_uart.o
    0x0002c8c2   0x00000012   Code   RO         9174    i.nrf_gpio_cfg_input  nrfx_uarte.o
    0x0002c8d4   0x00000014   Code   RO         8867    i.nrf_gpio_cfg_output  nrfx_spim.o
    0x0002c8e8   0x00000014   Code   RO         8992    i.nrf_gpio_cfg_output  nrfx_uart.o
    0x0002c8fc   0x00000014   Code   RO         9175    i.nrf_gpio_cfg_output  nrfx_uarte.o
    0x0002c910   0x00000022   Code   RO         8398    i.nrf_gpio_cfg_sense_set  nrfx_gpiote.o
    0x0002c932   0x00000002   PAD
    0x0002c934   0x0000002c   Code   RO         8399    i.nrf_gpio_latches_read_and_clear  nrfx_gpiote.o
    0x0002c960   0x0000000e   Code   RO         8868    i.nrf_gpio_pin_clear  nrfx_spim.o
    0x0002c96e   0x0000001e   Code   RO         8400    i.nrf_gpio_pin_present_check  nrfx_gpiote.o
    0x0002c98c   0x0000000e   Code   RO         8869    i.nrf_gpio_pin_set  nrfx_spim.o
    0x0002c99a   0x00000016   Code   RO         1398    i.nrf_gpio_pin_write  st25r3911_com.o
    0x0002c9b0   0x00000016   Code   RO         4482    i.nrf_gpio_pin_write  boards.o
    0x0002c9c6   0x00000002   PAD
    0x0002c9c8   0x00000014   Code   RO         8401    i.nrf_gpiote_event_clear  nrfx_gpiote.o
    0x0002c9dc   0x00000010   Code   RO         8402    i.nrf_gpiote_event_is_set  nrfx_gpiote.o
    0x0002c9ec   0x0000005c   Code   RO         6064    i.nrf_log_backend_add  nrf_log_frontend.o
    0x0002ca48   0x00000002   Code   RO         5835    i.nrf_log_backend_rtt_flush  nrf_log_backend_rtt.o
    0x0002ca4a   0x00000004   Code   RO         5836    i.nrf_log_backend_rtt_init  nrf_log_backend_rtt.o
    0x0002ca4e   0x00000002   Code   RO         5837    i.nrf_log_backend_rtt_panic_set  nrf_log_backend_rtt.o
    0x0002ca50   0x00000018   Code   RO         5838    i.nrf_log_backend_rtt_put  nrf_log_backend_rtt.o
    0x0002ca68   0x000000c8   Code   RO         5908    i.nrf_log_backend_serial_put  nrf_log_backend_serial.o
    0x0002cb30   0x00000002   Code   RO         5935    i.nrf_log_backend_uart_flush  nrf_log_backend_uart.o
    0x0002cb32   0x00000006   Code   RO         5936    i.nrf_log_backend_uart_init  nrf_log_backend_uart.o
    0x0002cb38   0x0000002c   Code   RO         5937    i.nrf_log_backend_uart_panic_set  nrf_log_backend_uart.o
    0x0002cb64   0x00000018   Code   RO         5938    i.nrf_log_backend_uart_put  nrf_log_backend_uart.o
    0x0002cb7c   0x00000030   Code   RO         6066    i.nrf_log_color_id_get  nrf_log_frontend.o
    0x0002cbac   0x00000034   Code   RO         6014    i.nrf_log_default_backends_init  nrf_log_default_backends.o
    0x0002cbe0   0x00000238   Code   RO         6067    i.nrf_log_frontend_dequeue  nrf_log_frontend.o
    0x0002ce18   0x00000008   Code   RO         6069    i.nrf_log_frontend_std_0  nrf_log_frontend.o
    0x0002ce20   0x0000000e   Code   RO         6070    i.nrf_log_frontend_std_1  nrf_log_frontend.o
    0x0002ce2e   0x00000010   Code   RO         6071    i.nrf_log_frontend_std_2  nrf_log_frontend.o
    0x0002ce3e   0x00000012   Code   RO         6072    i.nrf_log_frontend_std_3  nrf_log_frontend.o
    0x0002ce50   0x000000b0   Code   RO         6248    i.nrf_log_hexdump_entry_process  nrf_log_str_formatter.o
    0x0002cf00   0x00000028   Code   RO         6076    i.nrf_log_init      nrf_log_frontend.o
    0x0002cf28   0x00000014   Code   RO         6077    i.nrf_log_module_cnt_get  nrf_log_frontend.o
    0x0002cf3c   0x0000001c   Code   RO         6080    i.nrf_log_module_name_get  nrf_log_frontend.o
    0x0002cf58   0x00000028   Code   RO         6081    i.nrf_log_panic     nrf_log_frontend.o
    0x0002cf80   0x000000b6   Code   RO         6249    i.nrf_log_std_entry_process  nrf_log_str_formatter.o
    0x0002d036   0x00000060   Code   RO         6301    i.nrf_memobj_alloc  nrf_memobj.o
    0x0002d096   0x00000032   Code   RO         6302    i.nrf_memobj_free   nrf_memobj.o
    0x0002d0c8   0x00000008   Code   RO         6303    i.nrf_memobj_get    nrf_memobj.o
    0x0002d0d0   0x00000004   Code   RO         6304    i.nrf_memobj_pool_init  nrf_memobj.o
    0x0002d0d4   0x0000001e   Code   RO         6305    i.nrf_memobj_put    nrf_memobj.o
    0x0002d0f2   0x00000010   Code   RO         6306    i.nrf_memobj_read   nrf_memobj.o
    0x0002d102   0x00000010   Code   RO         6307    i.nrf_memobj_write  nrf_memobj.o
    0x0002d112   0x00000002   PAD
    0x0002d114   0x00000028   Code   RO         6382    i.nrf_pwr_mgmt_init  nrf_pwr_mgmt.o
    0x0002d13c   0x00000044   Code   RO         6383    i.nrf_pwr_mgmt_run  nrf_pwr_mgmt.o
    0x0002d180   0x0000003c   Code   RO         6384    i.nrf_pwr_mgmt_shutdown  nrf_pwr_mgmt.o
    0x0002d1bc   0x00000004   Code   RO         9531    i.nrf_qwr_error_handler  main.o
    0x0002d1c0   0x0000001c   Code   RO         6459    i.nrf_ringbuf_init  nrf_ringbuf.o
    0x0002d1dc   0x0000000c   Code   RO         6861    i.nrf_rtc_event_clear  drv_rtc.o
    0x0002d1e8   0x0000000c   Code   RO         8731    i.nrf_rtc_event_clear  nrfx_rtc.o
    0x0002d1f4   0x00000014   Code   RO         7394    i.nrf_sdh_ble_app_ram_start_get  nrf_sdh_ble.o
    0x0002d208   0x00000100   Code   RO         7395    i.nrf_sdh_ble_default_cfg_set  nrf_sdh_ble.o
    0x0002d308   0x00000130   Code   RO         7396    i.nrf_sdh_ble_enable  nrf_sdh_ble.o
    0x0002d438   0x0000005c   Code   RO         7397    i.nrf_sdh_ble_evts_poll  nrf_sdh_ble.o
    0x0002d494   0x00000054   Code   RO         7272    i.nrf_sdh_disable_request  nrf_sdh.o
    0x0002d4e8   0x00000074   Code   RO         7273    i.nrf_sdh_enable_request  nrf_sdh.o
    0x0002d55c   0x00000024   Code   RO         7274    i.nrf_sdh_evts_poll  nrf_sdh.o
    0x0002d580   0x0000000c   Code   RO         7275    i.nrf_sdh_is_enabled  nrf_sdh.o
    0x0002d58c   0x0000001c   Code   RO         7277    i.nrf_sdh_request_continue  nrf_sdh.o
    0x0002d5a8   0x0000003c   Code   RO         7451    i.nrf_sdh_soc_evts_poll  nrf_sdh_soc.o
    0x0002d5e4   0x0000000a   Code   RO         5224    i.nrf_section_iter_init  nrf_section_iter.o
    0x0002d5ee   0x00000024   Code   RO         5225    i.nrf_section_iter_item_set  nrf_section_iter.o
    0x0002d612   0x00000020   Code   RO         5226    i.nrf_section_iter_next  nrf_section_iter.o
    0x0002d632   0x00000022   Code   RO         6596    i.nrf_sortlist_add  nrf_sortlist.o
    0x0002d654   0x00000006   Code   RO         6598    i.nrf_sortlist_peek  nrf_sortlist.o
    0x0002d65a   0x0000000e   Code   RO         6599    i.nrf_sortlist_pop  nrf_sortlist.o
    0x0002d668   0x0000001e   Code   RO         6600    i.nrf_sortlist_remove  nrf_sortlist.o
    0x0002d686   0x00000002   PAD
    0x0002d688   0x00000050   Code   RO         9532    i.nrf_spi_tx_rx     main.o
    0x0002d6d8   0x0000000a   Code   RO         8870    i.nrf_spim_event_check  nrfx_spim.o
    0x0002d6e2   0x00000002   PAD
    0x0002d6e4   0x00000038   Code   RO         6655    i.nrf_strerror_find  nrf_strerror.o
    0x0002d71c   0x00000014   Code   RO         6656    i.nrf_strerror_get  nrf_strerror.o
    0x0002d730   0x0000000a   Code   RO         8993    i.nrf_uart_event_check  nrfx_uart.o
    0x0002d73a   0x0000000c   Code   RO         8994    i.nrf_uart_event_clear  nrfx_uart.o
    0x0002d746   0x0000000c   Code   RO         8995    i.nrf_uart_int_enable_check  nrfx_uart.o
    0x0002d752   0x0000000a   Code   RO         9176    i.nrf_uarte_event_check  nrfx_uarte.o
    0x0002d75c   0x0000000c   Code   RO         9177    i.nrf_uarte_event_clear  nrfx_uarte.o
    0x0002d768   0x00000010   Code   RO         8002    i.nrf_wdt_started   nrf_drv_clock.o
    0x0002d778   0x0000002c   Code   RO         8259    i.nrfx_clock_enable  nrfx_clock.o
    0x0002d7a4   0x00000020   Code   RO         8262    i.nrfx_clock_init   nrfx_clock.o
    0x0002d7c4   0x00000030   Code   RO         8265    i.nrfx_clock_lfclk_stop  nrfx_clock.o
    0x0002d7f4   0x00000010   Code   RO         6862    i.nrfx_coredep_delay_us  drv_rtc.o
    0x0002d804   0x000000a0   Code   RO         8408    i.nrfx_gpiote_in_event_enable  nrfx_gpiote.o
    0x0002d8a4   0x000000cc   Code   RO         8410    i.nrfx_gpiote_in_init  nrfx_gpiote.o
    0x0002d970   0x00000014   Code   RO         8411    i.nrfx_gpiote_in_is_set  nrfx_gpiote.o
    0x0002d984   0x00000074   Code   RO         8413    i.nrfx_gpiote_init  nrfx_gpiote.o
    0x0002d9f8   0x00000014   Code   RO         8414    i.nrfx_gpiote_is_init  nrfx_gpiote.o
    0x0002da0c   0x00000010   Code   RO         8871    i.nrfx_is_in_ram    nrfx_spim.o
    0x0002da1c   0x00000010   Code   RO         9178    i.nrfx_is_in_ram    nrfx_uarte.o
    0x0002da2c   0x0000003a   Code   RO         9328    i.nrfx_prs_acquire  nrfx_prs.o
    0x0002da66   0x00000012   Code   RO         9329    i.nrfx_prs_release  nrfx_prs.o
    0x0002da78   0x0000016c   Code   RO         8874    i.nrfx_spim_init    nrfx_spim.o
    0x0002dbe4   0x00000064   Code   RO         8877    i.nrfx_spim_xfer    nrfx_spim.o
    0x0002dc48   0x00000010   Code   RO         8996    i.nrfx_uart_0_irq_handler  nrfx_uart.o
    0x0002dc58   0x000000d4   Code   RO         8998    i.nrfx_uart_init    nrfx_uart.o
    0x0002dd2c   0x000000a8   Code   RO         9004    i.nrfx_uart_tx      nrfx_uart.o
    0x0002ddd4   0x00000020   Code   RO         9006    i.nrfx_uart_tx_in_progress  nrfx_uart.o
    0x0002ddf4   0x000000c0   Code   RO         9007    i.nrfx_uart_uninit  nrfx_uart.o
    0x0002deb4   0x00000010   Code   RO         9179    i.nrfx_uarte_0_irq_handler  nrfx_uarte.o
    0x0002dec4   0x0000006c   Code   RO         9181    i.nrfx_uarte_init   nrfx_uarte.o
    0x0002df30   0x000000ac   Code   RO         9185    i.nrfx_uarte_tx     nrfx_uarte.o
    0x0002dfdc   0x0000001c   Code   RO         9187    i.nrfx_uarte_tx_in_progress  nrfx_uarte.o
    0x0002dff8   0x00000108   Code   RO         9188    i.nrfx_uarte_uninit  nrfx_uarte.o
    0x0002e100   0x0000006c   Code   RO         9533    i.on_adv_evt        main.o
    0x0002e16c   0x0000001c   Code   RO         9534    i.on_conn_params_evt  main.o
    0x0002e188   0x00000108   Code   RO         2729    i.on_connected_evt  nrf_ble_gatt.o
    0x0002e290   0x0000006c   Code   RO         1856    i.on_ctrlpt_write   ble_dfu.o
    0x0002e2fc   0x00000114   Code   RO         2730    i.on_data_length_update_evt  nrf_ble_gatt.o
    0x0002e410   0x0000007c   Code   RO         2731    i.on_data_length_update_request_evt  nrf_ble_gatt.o
    0x0002e48c   0x0000014c   Code   RO         2732    i.on_exchange_mtu_request_evt  nrf_ble_gatt.o
    0x0002e5d8   0x000000ac   Code   RO         2733    i.on_exchange_mtu_rsp_evt  nrf_ble_gatt.o
    0x0002e684   0x00000024   Code   RO         5299    i.page_identify     fds.o
    0x0002e6a8   0x0000001c   Code   RO         5300    i.page_offsets_update  fds.o
    0x0002e6c4   0x0000006c   Code   RO         5301    i.page_scan         fds.o
    0x0002e730   0x0000001c   Code   RO         5302    i.page_tag_write_data  fds.o
    0x0002e74c   0x00000024   Code   RO         5303    i.page_tag_write_swap  fds.o
    0x0002e770   0x00000130   Code   RO         5304    i.pages_init        fds.o
    0x0002e8a0   0x0000000c   Code   RO         4160    i.pairing           security_dispatcher.o
    0x0002e8ac   0x00000074   Code   RO         4161    i.pairing_failure   security_dispatcher.o
    0x0002e920   0x0000002e   Code   RO         4162    i.pairing_success_evt_send  security_dispatcher.o
    0x0002e94e   0x00000006   Code   RO         4302    i.params_reply_pending_handle  security_manager.o
    0x0002e954   0x00000020   Code   RO         4303    i.params_req_send   security_manager.o
    0x0002e974   0x0000001c   Code   RO         3488    i.pdb_evt_send      peer_database.o
    0x0002e990   0x00000090   Code   RO         3489    i.pdb_init          peer_database.o
    0x0002ea20   0x0000007c   Code   RO         3490    i.pdb_pds_evt_handler  peer_database.o
    0x0002ea9c   0x00000006   Code   RO         3491    i.pdb_peer_data_ptr_get  peer_database.o
    0x0002eaa2   0x00000002   PAD
    0x0002eaa4   0x0000008c   Code   RO         3492    i.pdb_peer_free     peer_database.o
    0x0002eb30   0x000000dc   Code   RO         3493    i.pdb_write_buf_get  peer_database.o
    0x0002ec0c   0x00000014   Code   RO         3494    i.pdb_write_buf_release  peer_database.o
    0x0002ec20   0x00000036   Code   RO         3495    i.pdb_write_buf_store  peer_database.o
    0x0002ec56   0x00000002   PAD
    0x0002ec58   0x00000010   Code   RO         3347    i.pds_evt_send      peer_data_storage.o
    0x0002ec68   0x000000dc   Code   RO         3348    i.pds_init          peer_data_storage.o
    0x0002ed44   0x00000004   Code   RO         3349    i.pds_next_deleted_peer_id_get  peer_data_storage.o
    0x0002ed48   0x00000004   Code   RO         3350    i.pds_next_peer_id_get  peer_data_storage.o
    0x0002ed4c   0x00000058   Code   RO         3353    i.pds_peer_data_iterate  peer_data_storage.o
    0x0002eda4   0x00000010   Code   RO         3354    i.pds_peer_data_iterate_prepare  peer_data_storage.o
    0x0002edb4   0x00000072   Code   RO         3355    i.pds_peer_data_read  peer_data_storage.o
    0x0002ee26   0x00000002   PAD
    0x0002ee28   0x000000b4   Code   RO         3356    i.pds_peer_data_store  peer_data_storage.o
    0x0002eedc   0x00000008   Code   RO         3357    i.pds_peer_id_allocate  peer_data_storage.o
    0x0002eee4   0x00000016   Code   RO         3358    i.pds_peer_id_free  peer_data_storage.o
    0x0002eefa   0x00000004   Code   RO         3359    i.pds_peer_id_is_allocated  peer_data_storage.o
    0x0002eefe   0x00000002   PAD
    0x0002ef00   0x000000a8   Code   RO         3361    i.peer_data_delete_process  peer_data_storage.o
    0x0002efa8   0x00000030   Code   RO         3362    i.peer_data_find    peer_data_storage.o
    0x0002efd8   0x00000024   Code   RO         3363    i.peer_data_id_is_valid  peer_data_storage.o
    0x0002effc   0x0000001a   Code   RO         3496    i.peer_data_point_to_buffer  peer_database.o
    0x0002f016   0x00000002   PAD
    0x0002f018   0x0000000c   Code   RO         3609    i.peer_id_allocate  peer_id.o
    0x0002f024   0x00000024   Code   RO         3610    i.peer_id_delete    peer_id.o
    0x0002f048   0x0000001c   Code   RO         3611    i.peer_id_free      peer_id.o
    0x0002f064   0x0000000c   Code   RO         3612    i.peer_id_get_next_deleted  peer_id.o
    0x0002f070   0x00000030   Code   RO         3613    i.peer_id_get_next_used  peer_id.o
    0x0002f0a0   0x0000000c   Code   RO         3614    i.peer_id_init      peer_id.o
    0x0002f0ac   0x00000014   Code   RO         3615    i.peer_id_is_allocated  peer_id.o
    0x0002f0c0   0x00000014   Code   RO         3616    i.peer_id_is_deleted  peer_id.o
    0x0002f0d4   0x0000006c   Code   RO         9535    i.peer_manager_init  main.o
    0x0002f140   0x00000012   Code   RO         1680    i.phy_is_valid      ble_advertising.o
    0x0002f152   0x00000002   PAD
    0x0002f154   0x0000001c   Code   RO         8432    i.pin_configured_set  nrfx_gpiote.o
    0x0002f170   0x00000018   Code   RO         8433    i.pin_in_use_by_port  nrfx_gpiote.o
    0x0002f188   0x00000018   Code   RO         8434    i.pin_in_use_by_te  nrfx_gpiote.o
    0x0002f1a0   0x00000064   Code   RO         4107    i.pm_buffer_block_acquire  pm_buffer.o
    0x0002f204   0x00000024   Code   RO         4108    i.pm_buffer_init    pm_buffer.o
    0x0002f228   0x00000028   Code   RO         4109    i.pm_buffer_ptr_get  pm_buffer.o
    0x0002f250   0x00000032   Code   RO         4110    i.pm_buffer_release  pm_buffer.o
    0x0002f282   0x0000000a   Code   RO         3701    i.pm_conn_sec_config_reply  peer_manager.o
    0x0002f28c   0x00000104   Code   RO         9536    i.pm_evt_handler    main.o
    0x0002f390   0x00000004   Code   RO         3706    i.pm_gcm_evt_handler  peer_manager.o
    0x0002f394   0x00000004   Code   RO         3707    i.pm_gscm_evt_handler  peer_manager.o
    0x0002f398   0x00000004   Code   RO         3710    i.pm_im_evt_handler  peer_manager.o
    0x0002f39c   0x000001bc   Code   RO         3711    i.pm_init           peer_manager.o
    0x0002f558   0x00000118   Code   RO         3715    i.pm_pdb_evt_handler  peer_manager.o
    0x0002f670   0x00000014   Code   RO         3726    i.pm_peer_delete    peer_manager.o
    0x0002f684   0x000000e8   Code   RO         3731    i.pm_peer_ranks_get  peer_manager.o
    0x0002f76c   0x00000094   Code   RO         3732    i.pm_peers_delete   peer_manager.o
    0x0002f800   0x0000002c   Code   RO         3735    i.pm_register       peer_manager.o
    0x0002f82c   0x00000014   Code   RO         3737    i.pm_sec_params_set  peer_manager.o
    0x0002f840   0x0000000a   Code   RO         3738    i.pm_sm_evt_handler  peer_manager.o
    0x0002f84a   0x00000002   PAD
    0x0002f84c   0x000000b4   Code   RO         8435    i.port_event_handle  nrfx_gpiote.o
    0x0002f900   0x00000010   Code   RO         8436    i.port_handler_polarity_get  nrfx_gpiote.o
    0x0002f910   0x0000003c   Code   RO         6251    i.postfix_process   nrf_log_str_formatter.o
    0x0002f94c   0x00000098   Code   RO         6252    i.prefix_process    nrf_log_str_formatter.o
    0x0002f9e4   0x00000018   Code   RO         9330    i.prs_box_get       nrfx_prs.o
    0x0002f9fc   0x0000001c   Code   RO         5305    i.queue_buf_get     fds.o
    0x0002fa18   0x00000010   Code   RO         5306    i.queue_buf_store   fds.o
    0x0002fa28   0x00000014   Code   RO         5709    i.queue_free        nrf_fstorage_sd.o
    0x0002fa3c   0x000000a4   Code   RO         5307    i.queue_process     fds.o
    0x0002fae0   0x000000a0   Code   RO         5710    i.queue_process     nrf_fstorage_sd.o
    0x0002fb80   0x0000001c   Code   RO         5308    i.queue_start       fds.o
    0x0002fb9c   0x00000024   Code   RO         5711    i.queue_start       nrf_fstorage_sd.o
    0x0002fbc0   0x00000034   Code   RO         3741    i.rank_vars_update  peer_manager.o
    0x0002fbf4   0x0000000e   Code   RO         5712    i.read              nrf_fstorage_sd.o
    0x0002fc02   0x00000002   PAD
    0x0002fc04   0x000000a8   Code   RO         3497    i.reattempt_previous_operations  peer_database.o
    0x0002fcac   0x00000090   Code   RO         5309    i.record_find       fds.o
    0x0002fd3c   0x000000a0   Code   RO         5310    i.record_find_by_desc  fds.o
    0x0002fddc   0x0000005c   Code   RO         5311    i.record_find_next  fds.o
    0x0002fe38   0x0000003c   Code   RO         5312    i.record_header_flag_dirty  fds.o
    0x0002fe74   0x00000010   Code   RO         3618    i.release           peer_id.o
    0x0002fe84   0x0000001c   Code   RO            4    i.rfalAnalogConfigInitialize  rfal_analogConfig.o
    0x0002fea0   0x00000054   Code   RO          718    i.rfalCalibrate     rfal_rfst25r3911.o
    0x0002fef4   0x0000000c   Code   RO          719    i.rfalChipChangeRegBits  rfal_rfst25r3911.o
    0x0002ff00   0x0000000c   Code   RO          720    i.rfalChipChangeTestRegBits  rfal_rfst25r3911.o
    0x0002ff0c   0x00000028   Code   RO          726    i.rfalCleanupTransceive  rfal_rfst25r3911.o
    0x0002ff34   0x00000028   Code   RO          291    i.rfalCrcCalculateCcitt  rfal_crc.o
    0x0002ff5c   0x000000b0   Code   RO          729    i.rfalErrorHandling  rfal_rfst25r3911.o
    0x0003000c   0x00000018   Code   RO          730    i.rfalFIFOGetNumIncompleteBits  rfal_rfst25r3911.o
    0x00030024   0x00000014   Code   RO          731    i.rfalFIFOStatusGetNumBytes  rfal_rfst25r3911.o
    0x00030038   0x0000001c   Code   RO          732    i.rfalFIFOStatusIsIncompleteByte  rfal_rfst25r3911.o
    0x00030054   0x00000018   Code   RO          733    i.rfalFIFOStatusIsMissingPar  rfal_rfst25r3911.o
    0x0003006c   0x0000001c   Code   RO          734    i.rfalFIFOStatusUpdate  rfal_rfst25r3911.o
    0x00030088   0x00000014   Code   RO          746    i.rfalGetTransceiveStatus  rfal_rfst25r3911.o
    0x0003009c   0x00000084   Code   RO          750    i.rfalInitialize    rfal_rfst25r3911.o
    0x00030120   0x0000000a   Code   RO          751    i.rfalIsExtFieldOn  rfal_rfst25r3911.o
    0x0003012a   0x00000002   PAD
    0x0003012c   0x00000018   Code   RO          752    i.rfalIsGTExpired   rfal_rfst25r3911.o
    0x00030144   0x00000110   Code   RO          754    i.rfalListenSetState  rfal_rfst25r3911.o
    0x00030254   0x000000c4   Code   RO          759    i.rfalPrepareTransceive  rfal_rfst25r3911.o
    0x00030318   0x00000134   Code   RO          760    i.rfalRunListenModeWorker  rfal_rfst25r3911.o
    0x0003044c   0x000000d0   Code   RO           10    i.rfalSetAnalogConfig  rfal_analogConfig.o
    0x0003051c   0x000003c0   Code   RO          777    i.rfalTransceiveRx  rfal_rfst25r3911.o
    0x000308dc   0x000002a8   Code   RO          778    i.rfalTransceiveTx  rfal_rfst25r3911.o
    0x00030b84   0x00000070   Code   RO          782    i.rfalWorker        rfal_rfst25r3911.o
    0x00030bf4   0x00000004   Code   RO         5713    i.rmap              nrf_fstorage_sd.o
    0x00030bf8   0x0000005c   Code   RO         6702    i.rtc_irq           app_timer2.o
    0x00030c54   0x00000064   Code   RO         6703    i.rtc_schedule      app_timer2.o
    0x00030cb8   0x00000074   Code   RO         6704    i.rtc_update        app_timer2.o
    0x00030d2c   0x00000032   Code   RO         9008    i.rx_byte           nrfx_uart.o
    0x00030d5e   0x00000016   Code   RO         9009    i.rx_done_event     nrfx_uart.o
    0x00030d74   0x00000016   Code   RO         9189    i.rx_done_event     nrfx_uarte.o
    0x00030d8a   0x00000002   PAD
    0x00030d8c   0x00000024   Code   RO         2913    i.sc_send_pending_handle  gatt_cache_manager.o
    0x00030db0   0x00000058   Code   RO         8003    i.sd_state_evt_handler  nrf_drv_clock.o
    0x00030e08   0x00000030   Code   RO         7280    i.sdh_request_observer_notify  nrf_sdh.o
    0x00030e38   0x0000002c   Code   RO         7281    i.sdh_state_observer_notify  nrf_sdh.o
    0x00030e64   0x000000d8   Code   RO         4163    i.sec_info_request_process  security_dispatcher.o
    0x00030f3c   0x000000f4   Code   RO         4164    i.sec_keyset_fill   security_dispatcher.o
    0x00031030   0x00000076   Code   RO         4304    i.sec_params_verify  security_manager.o
    0x000310a6   0x00000002   PAD
    0x000310a8   0x00000060   Code   RO         4165    i.sec_proc_start    security_dispatcher.o
    0x00031108   0x0000005c   Code   RO         4305    i.sec_req_process   security_manager.o
    0x00031164   0x00000022   Code   RO         4166    i.send_config_req   security_dispatcher.o
    0x00031186   0x00000002   PAD
    0x00031188   0x00000010   Code   RO         2309    i.send_error_evt    ble_conn_params.o
    0x00031198   0x00000028   Code   RO         2914    i.send_unexpected_error  gatt_cache_manager.o
    0x000311c0   0x00000028   Code   RO         4167    i.send_unexpected_error  security_dispatcher.o
    0x000311e8   0x00000050   Code   RO         5839    i.serial_tx         nrf_log_backend_rtt.o
    0x00031238   0x00000040   Code   RO         5939    i.serial_tx         nrf_log_backend_uart.o
    0x00031278   0x00000014   Code   RO         2915    i.service_changed_pending_flags_check  gatt_cache_manager.o
    0x0003128c   0x00000094   Code   RO         3087    i.service_changed_pending_set  gatts_cache_manager.o
    0x00031320   0x00000168   Code   RO         2916    i.service_changed_send_in_evt  gatt_cache_manager.o
    0x00031488   0x00000088   Code   RO         2203    i.service_data_encode  ble_advdata.o
    0x00031510   0x00000064   Code   RO         9537    i.services_init     main.o
    0x00031574   0x00000030   Code   RO         2571    i.set_security_req  ble_srv_common.o
    0x000315a4   0x0000007c   Code   RO         6385    i.shutdown_process  nrf_pwr_mgmt.o
    0x00031620   0x00000028   Code   RO         9538    i.sleep_mode_enter  main.o
    0x00031648   0x0000002c   Code   RO         4306    i.sm_ble_evt_handler  security_manager.o
    0x00031674   0x00000004   Code   RO         4307    i.sm_conn_sec_config_reply  security_manager.o
    0x00031678   0x000000a2   Code   RO         4308    i.sm_conn_sec_status_get  security_manager.o
    0x0003171a   0x00000002   PAD
    0x0003171c   0x00000058   Code   RO         4309    i.sm_init           security_manager.o
    0x00031774   0x00000044   Code   RO         4312    i.sm_pdb_evt_handler  security_manager.o
    0x000317b8   0x00000028   Code   RO         4313    i.sm_sec_is_sufficient  security_manager.o
    0x000317e0   0x00000034   Code   RO         4315    i.sm_sec_params_set  security_manager.o
    0x00031814   0x0000002c   Code   RO         4316    i.sm_smd_evt_handler  security_manager.o
    0x00031840   0x000000f4   Code   RO         4168    i.smd_ble_evt_handler  security_dispatcher.o
    0x00031934   0x00000010   Code   RO         4169    i.smd_conn_sec_config_reply  security_dispatcher.o
    0x00031944   0x00000068   Code   RO         4170    i.smd_init          security_dispatcher.o
    0x000319ac   0x00000028   Code   RO         4171    i.smd_link_secure   security_dispatcher.o
    0x000319d4   0x000000ac   Code   RO         4172    i.smd_params_reply  security_dispatcher.o
    0x00031a80   0x00000040   Code   RO         4317    i.smd_params_reply_perform  security_manager.o
    0x00031ac0   0x00000018   Code   RO         8004    i.soc_evt_handler   nrf_drv_clock.o
    0x00031ad8   0x00000040   Code   RO         7282    i.softdevice_evt_irq_disable  nrf_sdh.o
    0x00031b18   0x00000058   Code   RO         7283    i.softdevices_evt_irq_enable  nrf_sdh.o
    0x00031b70   0x0000000c   Code   RO         6705    i.sortlist_pop      app_timer2.o
    0x00031b7c   0x0000000c   Code   RO         9539    i.spi_event_handler  main.o
    0x00031b88   0x00000038   Code   RO         8160    i.spim_evt_handler  nrf_drv_spi.o
    0x00031bc0   0x000000bc   Code   RO         8878    i.spim_xfer         nrfx_spim.o
    0x00031c7c   0x0000006a   Code   RO         1173    i.st25r3911AdjustRegulators  st25r3911.o
    0x00031ce6   0x0000000c   Code   RO         1174    i.st25r3911CalibrateAntenna  st25r3911.o
    0x00031cf2   0x00000006   Code   RO         1399    i.st25r3911ChangeRegisterBits  st25r3911_com.o
    0x00031cf8   0x00000022   Code   RO         1400    i.st25r3911ChangeTestRegisterBits  st25r3911_com.o
    0x00031d1a   0x0000002e   Code   RO         1177    i.st25r3911CheckChipID  st25r3911.o
    0x00031d48   0x00000024   Code   RO         1178    i.st25r3911CheckReg  st25r3911.o
    0x00031d6c   0x00000018   Code   RO         1525    i.st25r3911ClearInterrupts  st25r3911_interrupt.o
    0x00031d84   0x0000001e   Code   RO         1401    i.st25r3911ClrRegisterBits  st25r3911_com.o
    0x00031da2   0x00000008   Code   RO         1526    i.st25r3911DisableInterrupts  st25r3911_interrupt.o
    0x00031daa   0x00000006   Code   RO         1527    i.st25r3911EnableInterrupts  st25r3911_interrupt.o
    0x00031db0   0x0000002a   Code   RO         1402    i.st25r3911ExecuteCommand  st25r3911_com.o
    0x00031dda   0x00000062   Code   RO         1180    i.st25r3911ExecuteCommandAndGetResult  st25r3911.o
    0x00031e3c   0x00000024   Code   RO         1403    i.st25r3911ExecuteCommands  st25r3911_com.o
    0x00031e60   0x00000018   Code   RO         1528    i.st25r3911GetInterrupt  st25r3911_interrupt.o
    0x00031e78   0x00000014   Code   RO         1531    i.st25r3911InitInterrupts  st25r3911_interrupt.o
    0x00031e8c   0x0000004c   Code   RO         1184    i.st25r3911Initialize  st25r3911.o
    0x00031ed8   0x00000040   Code   RO         1192    i.st25r3911MeasureVoltage  st25r3911.o
    0x00031f18   0x00000044   Code   RO         1533    i.st25r3911ModifyInterrupts  st25r3911_interrupt.o
    0x00031f5c   0x00000022   Code   RO         1405    i.st25r3911ModifyRegister  st25r3911_com.o
    0x00031f7e   0x00000038   Code   RO         1193    i.st25r3911OscOn    st25r3911.o
    0x00031fb6   0x00000036   Code   RO         1406    i.st25r3911ReadFifo  st25r3911_com.o
    0x00031fec   0x00000034   Code   RO         1407    i.st25r3911ReadMultipleRegisters  st25r3911_com.o
    0x00032020   0x0000003a   Code   RO         1408    i.st25r3911ReadRegister  st25r3911_com.o
    0x0003205a   0x00000040   Code   RO         1409    i.st25r3911ReadTestRegister  st25r3911_com.o
    0x0003209a   0x00000018   Code   RO         1196    i.st25r3911SetGPTime_8fcs  st25r3911.o
    0x000320b2   0x0000001a   Code   RO         1198    i.st25r3911SetNumTxBits  st25r3911.o
    0x000320cc   0x0000001e   Code   RO         1410    i.st25r3911SetRegisterBits  st25r3911_com.o
    0x000320ea   0x00000022   Code   RO         1200    i.st25r3911StartGPTimer_8fcs  st25r3911.o
    0x0003210c   0x00000008   Code   RO         1202    i.st25r3911TxRxOff  st25r3911.o
    0x00032114   0x00000030   Code   RO         1534    i.st25r3911WaitForInterruptsTimed  st25r3911_interrupt.o
    0x00032144   0x00000036   Code   RO         1411    i.st25r3911WriteFifo  st25r3911_com.o
    0x0003217a   0x0000002a   Code   RO         1413    i.st25r3911WriteRegister  st25r3911_com.o
    0x000321a4   0x00000030   Code   RO         1414    i.st25r3911WriteTestRegister  st25r3911_com.o
    0x000321d4   0x00000030   Code   RO         5103    i.state_set         app_button.o
    0x00032204   0x00000094   Code   RO         6083    i.std_n             nrf_log_frontend.o
    0x00032298   0x0000006c   Code   RO         2917    i.store_car_value   gatt_cache_manager.o
    0x00032304   0x00000010   Code   RO         9540    i.systick_timeout_handler  main.o
    0x00032314   0x0000000c   Code   RO         1617    i.timerCalculateTimer  timer.o
    0x00032320   0x00000014   Code   RO         1619    i.timerIsExpired    timer.o
    0x00032334   0x00000058   Code   RO         6706    i.timer_expire      app_timer2.o
    0x0003238c   0x00000078   Code   RO         6707    i.timer_req_process  app_timer2.o
    0x00032404   0x00000038   Code   RO         6708    i.timer_req_schedule  app_timer2.o
    0x0003243c   0x00000018   Code   RO         5104    i.timer_start       app_button.o
    0x00032454   0x00000030   Code   RO         9541    i.timer_timeout_handler  main.o
    0x00032484   0x00000030   Code   RO         9542    i.tss_profile_evt_handler  main.o
    0x000324b4   0x00000080   Code   RO         2156    i.tss_profile_init  cus_tss.o
    0x00032534   0x00000020   Code   RO         9011    i.tx_byte           nrfx_uart.o
    0x00032554   0x0000001a   Code   RO         9012    i.tx_done_event     nrfx_uart.o
    0x0003256e   0x0000001a   Code   RO         9190    i.tx_done_event     nrfx_uarte.o
    0x00032588   0x0000000c   Code   RO         5940    i.uart_evt_handler  nrf_log_backend_uart.o
    0x00032594   0x00000030   Code   RO         8207    i.uart_evt_handler  nrf_drv_uart.o
    0x000325c4   0x00000050   Code   RO         5941    i.uart_init         nrf_log_backend_uart.o
    0x00032614   0x0000012a   Code   RO         9013    i.uart_irq_handler  nrfx_uart.o
    0x0003273e   0x00000002   PAD
    0x00032740   0x00000030   Code   RO         8208    i.uarte_evt_handler  nrf_drv_uart.o
    0x00032770   0x00000112   Code   RO         9191    i.uarte_irq_handler  nrfx_uarte.o
    0x00032882   0x0000000a   Code   RO         2204    i.uint16_encode     ble_advdata.o
    0x0003288c   0x00000020   Code   RO         5714    i.uninit            nrf_fstorage_sd.o
    0x000328ac   0x000000b4   Code   RO         7531    i.unsigned_print    nrf_fprintf_format.o
    0x00032960   0x00000030   Code   RO         2918    i.update_pending_flags_check  gatt_cache_manager.o
    0x00032990   0x00000068   Code   RO         2310    i.update_timeout_handler  ble_conn_params.o
    0x000329f8   0x00000018   Code   RO         1681    i.use_whitelist     ble_advertising.o
    0x00032a10   0x0000000c   Code   RO         2416    i.user_flag_is_acquired  ble_conn_state.o
    0x00032a1c   0x00000024   Code   RO         2840    i.user_mem_reply    nrf_ble_qwr.o
    0x00032a40   0x00000020   Code   RO         5105    i.usr_event         app_button.o
    0x00032a60   0x00000030   Code   RO         2205    i.uuid_list_encode  ble_advdata.o
    0x00032a90   0x0000009e   Code   RO         2206    i.uuid_list_sized_encode  ble_advdata.o
    0x00032b2e   0x0000003a   Code   RO         4943    i.wakeup_button_cfg  bsp.o
    0x00032b68   0x00000004   Code   RO         5715    i.wmap              nrf_fstorage_sd.o
    0x00032b6c   0x00000050   Code   RO         5716    i.write             nrf_fstorage_sd.o
    0x00032bbc   0x0000014c   Code   RO         3498    i.write_buf_store   peer_database.o
    0x00032d08   0x00000034   Code   RO         3499    i.write_buffer_record_find  peer_database.o
    0x00032d3c   0x00000030   Code   RO         3500    i.write_buffer_record_find_next  peer_database.o
    0x00032d6c   0x0000001c   Code   RO         3501    i.write_buffer_record_invalidate  peer_database.o
    0x00032d88   0x0000002c   Code   RO         3502    i.write_buffer_record_release  peer_database.o
    0x00032db4   0x000000f4   Code   RO         5314    i.write_enqueue     fds.o
    0x00032ea8   0x000000f8   Code   RO         5315    i.write_execute     fds.o
    0x00032fa0   0x00000018   Code   RO         5316    i.write_space_free  fds.o
    0x00032fb8   0x00000060   Code   RO         5317    i.write_space_reserve  fds.o
    0x00033018   0x0000018f   Data   RO           11    .constdata          rfal_analogConfig.o
    0x000331a7   0x00000001   PAD
    0x000331a8   0x00000018   Data   RO         1858    .constdata          ble_dfu.o
    0x000331c0   0x00000010   Data   RO         2073    .constdata          cus_drs.o
    0x000331d0   0x00000010   Data   RO         2116    .constdata          cus_errs.o
    0x000331e0   0x00000010   Data   RO         2158    .constdata          cus_tss.o
    0x000331f0   0x00000016   Data   RO         2734    .constdata          nrf_ble_gatt.o
    0x00033206   0x00000002   PAD
    0x00033208   0x0000006c   Data   RO         2919    .constdata          gatt_cache_manager.o
    0x00033274   0x00000004   Data   RO         3088    .constdata          gatts_cache_manager.o
    0x00033278   0x00000010   Data   RO         3089    .constdata          gatts_cache_manager.o
    0x00033288   0x00000004   Data   RO         3090    .constdata          gatts_cache_manager.o
    0x0003328c   0x00000008   Data   RO         3197    .constdata          id_manager.o
    0x00033294   0x00000018   Data   RO         3364    .constdata          peer_data_storage.o
    0x000332ac   0x00000010   Data   RO         3504    .constdata          peer_database.o
    0x000332bc   0x0000002c   Data   RO         3743    .constdata          peer_manager.o
    0x000332e8   0x00000078   Data   RO         4174    .constdata          security_dispatcher.o
    0x00033360   0x00000008   Data   RO         4318    .constdata          security_manager.o
    0x00033368   0x00000006   Data   RO         4483    .constdata          boards.o
    0x0003336e   0x00000002   PAD
    0x00033370   0x00000024   Data   RO         4948    .constdata          bsp.o
    0x00033394   0x00000008   Data   RO         5108    .constdata          app_button.o
    0x0003339c   0x00000018   Data   RO         5320    .constdata          fds.o
    0x000333b4   0x0000005e   Data   RO         5622    .constdata          nrf_fstorage.o
    0x00033412   0x00000002   PAD
    0x00033414   0x00000010   Data   RO         5719    .constdata          nrf_fstorage_sd.o
    0x00033424   0x00000020   Data   RO         5720    .constdata          nrf_fstorage_sd.o
    0x00033444   0x0000000c   Data   RO         5841    .constdata          nrf_log_backend_rtt.o
    0x00033450   0x00000006   Data   RO         5842    .constdata          nrf_log_backend_rtt.o
    0x00033456   0x00000002   PAD
    0x00033458   0x0000000c   Data   RO         5943    .constdata          nrf_log_backend_uart.o
    0x00033464   0x00000020   Data   RO         5944    .constdata          nrf_log_backend_uart.o
    0x00033484   0x0000000c   Data   RO         6088    .constdata          nrf_log_frontend.o
    0x00033490   0x00000018   Data   RO         6387    .constdata          nrf_pwr_mgmt.o
    0x000334a8   0x0000000c   Data   RO         6388    .constdata          nrf_pwr_mgmt.o
    0x000334b4   0x0000013c   Data   RO         6657    .constdata          nrf_strerror.o
    0x000335f0   0x00000014   Data   RO         6711    .constdata          app_timer2.o
    0x00033604   0x0000000c   PAD
    0x00033610   0x00000006   Data   RO         6863    .constdata          drv_rtc.o
    0x00033616   0x00000002   PAD
    0x00033618   0x00000010   Data   RO         7284    .constdata          nrf_sdh.o
    0x00033628   0x00000028   Data   RO         7285    .constdata          nrf_sdh.o
    0x00033650   0x00000010   Data   RO         7286    .constdata          nrf_sdh.o
    0x00033660   0x00000010   Data   RO         7287    .constdata          nrf_sdh.o
    0x00033670   0x00000020   Data   RO         7398    .constdata          nrf_sdh_ble.o
    0x00033690   0x00000010   Data   RO         7399    .constdata          nrf_sdh_ble.o
    0x000336a0   0x00000010   Data   RO         7452    .constdata          nrf_sdh_soc.o
    0x000336b0   0x0000000c   Data   RO         7453    .constdata          nrf_sdh_soc.o
    0x000336bc   0x00000010   Data   RO         7532    .constdata          nrf_fprintf_format.o
    0x000336cc   0x00000010   Data   RO         8162    .constdata          nrf_drv_spi.o
    0x000336dc   0x00000004   Data   RO         8438    .constdata          nrfx_gpiote.o
    0x000336e0   0x00000004   Data   RO         8881    .constdata          nrfx_spim.o
    0x000336e4   0x00000004   Data   RO         9016    .constdata          nrfx_uart.o
    0x000336e8   0x00000004   Data   RO         9194    .constdata          nrfx_uarte.o
    0x000336ec   0x00000028   Data   RO         9547    .constdata          main.o
    0x00033714   0x00000081   Data   RO         9870    .constdata          mc_w.l(ctype_o.o)
    0x00033795   0x00000003   PAD
    0x00033798   0x00000004   Data   RO         9871    .constdata          mc_w.l(ctype_o.o)
    0x0003379c   0x000000ce   Data   RO         2016    .conststring        ble_dfu_unbonded.o
    0x0003386a   0x00000002   PAD
    0x0003386c   0x0000013e   Data   RO         2735    .conststring        nrf_ble_gatt.o
    0x000339aa   0x00000002   PAD
    0x000339ac   0x000001a4   Data   RO         2920    .conststring        gatt_cache_manager.o
    0x00033b50   0x0000019c   Data   RO         3091    .conststring        gatts_cache_manager.o
    0x00033cec   0x000000e8   Data   RO         3365    .conststring        peer_data_storage.o
    0x00033dd4   0x00000180   Data   RO         3505    .conststring        peer_database.o
    0x00033f54   0x00000090   Data   RO         3744    .conststring        peer_manager.o
    0x00033fe4   0x000002b2   Data   RO         4175    .conststring        security_dispatcher.o
    0x00034296   0x00000002   PAD
    0x00034298   0x0000017b   Data   RO         4319    .conststring        security_manager.o
    0x00034413   0x00000001   PAD
    0x00034414   0x0000004f   Data   RO         5623    .conststring        nrf_fstorage.o
    0x00034463   0x00000001   PAD
    0x00034464   0x00000066   Data   RO         6253    .conststring        nrf_log_str_formatter.o
    0x000344ca   0x00000002   PAD
    0x000344cc   0x000003eb   Data   RO         6658    .conststring        nrf_strerror.o
    0x000348b7   0x00000001   PAD
    0x000348b8   0x00000188   Data   RO         7400    .conststring        nrf_sdh_ble.o
    0x00034a40   0x0000000d   Data   RO         2736    .conststrlit        nrf_ble_gatt.o
    0x00034a4d   0x00000003   PAD
    0x00034a50   0x00000011   Data   RO         2921    .conststrlit        gatt_cache_manager.o
    0x00034a61   0x00000003   PAD
    0x00034a64   0x00000012   Data   RO         3092    .conststrlit        gatts_cache_manager.o
    0x00034a76   0x00000002   PAD
    0x00034a78   0x00000010   Data   RO         3199    .conststrlit        id_manager.o
    0x00034a88   0x00000011   Data   RO         3366    .conststrlit        peer_data_storage.o
    0x00034a99   0x00000003   PAD
    0x00034a9c   0x00000011   Data   RO         3506    .conststrlit        peer_database.o
    0x00034aad   0x00000003   PAD
    0x00034ab0   0x0000000d   Data   RO         3745    .conststrlit        peer_manager.o
    0x00034abd   0x00000003   PAD
    0x00034ac0   0x00000015   Data   RO         4023    .conststrlit        peer_manager_handler.o
    0x00034ad5   0x00000003   PAD
    0x00034ad8   0x00000011   Data   RO         4176    .conststrlit        security_dispatcher.o
    0x00034ae9   0x00000003   PAD
    0x00034aec   0x00000010   Data   RO         4320    .conststrlit        security_manager.o
    0x00034afc   0x0000000b   Data   RO         5109    .conststrlit        app_button.o
    0x00034b07   0x00000001   PAD
    0x00034b08   0x0000000d   Data   RO         5624    .conststrlit        nrf_fstorage.o
    0x00034b15   0x00000003   PAD
    0x00034b18   0x00000021   Data   RO         6015    .conststrlit        nrf_log_default_backends.o
    0x00034b39   0x00000003   PAD
    0x00034b3c   0x00000004   Data   RO         6089    .conststrlit        nrf_log_frontend.o
    0x00034b40   0x00000009   Data   RO         6389    .conststrlit        nrf_pwr_mgmt.o
    0x00034b49   0x00000003   PAD
    0x00034b4c   0x00000009   Data   RO         6601    .conststrlit        nrf_sortlist.o
    0x00034b55   0x00000003   PAD
    0x00034b58   0x0000000a   Data   RO         6712    .conststrlit        app_timer2.o
    0x00034b62   0x00000002   PAD
    0x00034b64   0x00000008   Data   RO         7288    .conststrlit        nrf_sdh.o
    0x00034b6c   0x0000000c   Data   RO         7401    .conststrlit        nrf_sdh_ble.o
    0x00034b78   0x0000000c   Data   RO         7454    .conststrlit        nrf_sdh_soc.o
    0x00034b84   0x00000006   Data   RO         8010    .conststrlit        nrf_drv_clock.o
    0x00034b8a   0x00000002   PAD
    0x00034b8c   0x00000006   Data   RO         8269    .conststrlit        nrfx_clock.o
    0x00034b92   0x00000002   PAD
    0x00034b94   0x00000007   Data   RO         8442    .conststrlit        nrfx_gpiote.o
    0x00034b9b   0x00000001   PAD
    0x00034b9c   0x00000004   Data   RO         8746    .conststrlit        nrfx_rtc.o
    0x00034ba0   0x00000005   Data   RO         8884    .conststrlit        nrfx_spim.o
    0x00034ba5   0x00000003   PAD
    0x00034ba8   0x00000005   Data   RO         9019    .conststrlit        nrfx_uart.o
    0x00034bad   0x00000003   PAD
    0x00034bb0   0x00000006   Data   RO         9197    .conststrlit        nrfx_uarte.o
    0x00034bb6   0x00000002   PAD
    0x00034bb8   0x00000004   Data   RO         9332    .conststrlit        nrfx_prs.o
    0x00034bbc   0x00000020   Data   RO        10243    Region$$Table       anon$$obj.o
    0x00034bdc   0x00000020   Data   RO         6018    log_backends        nrf_log_default_backends.o
    0x00034bfc   0x00000008   Data   RO         2737    log_const_data      nrf_ble_gatt.o
    0x00034c04   0x00000008   Data   RO         2923    log_const_data      gatt_cache_manager.o
    0x00034c0c   0x00000008   Data   RO         3094    log_const_data      gatts_cache_manager.o
    0x00034c14   0x00000008   Data   RO         3201    log_const_data      id_manager.o
    0x00034c1c   0x00000008   Data   RO         3368    log_const_data      peer_data_storage.o
    0x00034c24   0x00000008   Data   RO         3508    log_const_data      peer_database.o
    0x00034c2c   0x00000008   Data   RO         3747    log_const_data      peer_manager.o
    0x00034c34   0x00000008   Data   RO         4026    log_const_data      peer_manager_handler.o
    0x00034c3c   0x00000008   Data   RO         4178    log_const_data      security_dispatcher.o
    0x00034c44   0x00000008   Data   RO         4322    log_const_data      security_manager.o
    0x00034c4c   0x00000008   Data   RO         5111    log_const_data      app_button.o
    0x00034c54   0x00000008   Data   RO         5625    log_const_data      nrf_fstorage.o
    0x00034c5c   0x00000008   Data   RO         6093    log_const_data      nrf_log_frontend.o
    0x00034c64   0x00000008   Data   RO         6391    log_const_data      nrf_pwr_mgmt.o
    0x00034c6c   0x00000008   Data   RO         6602    log_const_data      nrf_sortlist.o
    0x00034c74   0x00000008   Data   RO         6715    log_const_data      app_timer2.o
    0x00034c7c   0x00000008   Data   RO         7290    log_const_data      nrf_sdh.o
    0x00034c84   0x00000008   Data   RO         7403    log_const_data      nrf_sdh_ble.o
    0x00034c8c   0x00000008   Data   RO         7455    log_const_data      nrf_sdh_soc.o
    0x00034c94   0x00000008   Data   RO         8011    log_const_data      nrf_drv_clock.o
    0x00034c9c   0x00000008   Data   RO         8271    log_const_data      nrfx_clock.o
    0x00034ca4   0x00000008   Data   RO         8443    log_const_data      nrfx_gpiote.o
    0x00034cac   0x00000008   Data   RO         8748    log_const_data      nrfx_rtc.o
    0x00034cb4   0x00000008   Data   RO         8885    log_const_data      nrfx_spim.o
    0x00034cbc   0x00000008   Data   RO         9020    log_const_data      nrfx_uart.o
    0x00034cc4   0x00000008   Data   RO         9198    log_const_data      nrfx_uarte.o
    0x00034ccc   0x00000008   Data   RO         9334    log_const_data      nrfx_prs.o
    0x00034cd4   0x00000014   Data   RO         6094    nrf_balloc          nrf_log_frontend.o
    0x00034ce8   0x00000008   Data   RO         2418    sdh_ble_observers0  ble_conn_state.o
    0x00034cf0   0x00000008   Data   RO         2313    sdh_ble_observers1  ble_conn_params.o
    0x00034cf8   0x00000008   Data   RO         3748    sdh_ble_observers1  peer_manager.o
    0x00034d00   0x00000008   Data   RO         5054    sdh_ble_observers1  bsp_btn_ble.o
    0x00034d08   0x00000010   Data   RO         9549    sdh_ble_observers1  main.o
    0x00034d18   0x00000008   Data   RO         1859    sdh_ble_observers2  ble_dfu.o
    0x00034d20   0x00000008   Data   RO         2074    sdh_ble_observers2  cus_drs.o
    0x00034d28   0x00000008   Data   RO         2117    sdh_ble_observers2  cus_errs.o
    0x00034d30   0x00000008   Data   RO         2159    sdh_ble_observers2  cus_tss.o
    0x00034d38   0x00000008   Data   RO         9550    sdh_ble_observers2  main.o
    0x00034d40   0x00000008   Data   RO         9551    sdh_ble_observers3  main.o
    0x00034d48   0x00000008   Data   RO         5722    sdh_req_observers0  nrf_fstorage_sd.o
    0x00034d50   0x00000008   Data   RO         5723    sdh_soc_observers0  nrf_fstorage_sd.o
    0x00034d58   0x00000008   Data   RO         8012    sdh_soc_observers0  nrf_drv_clock.o
    0x00034d60   0x00000008   Data   RO         2018    sdh_soc_observers1  ble_dfu_unbonded.o
    0x00034d68   0x00000008   Data   RO         7404    sdh_stack_observers0  nrf_sdh_ble.o
    0x00034d70   0x00000008   Data   RO         7456    sdh_stack_observers0  nrf_sdh_soc.o
    0x00034d78   0x00000008   Data   RO         5724    sdh_state_observers0  nrf_fstorage_sd.o
    0x00034d80   0x00000008   Data   RO         8013    sdh_state_observers0  nrf_drv_clock.o


    Execution Region RW_IRAM1 (Base: 0x20002290, Size: 0x000039b8, Max: 0x0000dd70, ABSOLUTE, COMPRESSED[0x00000060])

    Base Addr    Size         Type   Attr      Idx    E Section Name        Object

    0x20002290   0x00000008   Data   RW           12    .data               rfal_analogConfig.o
    0x20002298   0x00000006   Data   RW          324    .data               rfal_iso15693_2.o
    0x2000229e   0x00000002   PAD
    0x200022a0   0x00000004   Data   RW         2017    .data               ble_dfu_unbonded.o
    0x200022a4   0x00000008   Data   RW         2312    .data               ble_conn_params.o
    0x200022ac   0x00000010   Data   RW         2922    .data               gatt_cache_manager.o
    0x200022bc   0x0000000c   Data   RW         3093    .data               gatts_cache_manager.o
    0x200022c8   0x0000000c   Data   RW         3367    .data               peer_data_storage.o
    0x200022d4   0x00000008   Data   RW         3507    .data               peer_database.o
    0x200022dc   0x00000010   Data   RW         3746    .data               peer_manager.o
    0x200022ec   0x00000005   Data   RW         4177    .data               security_dispatcher.o
    0x200022f1   0x00000003   PAD
    0x200022f4   0x00000015   Data   RW         4321    .data               security_manager.o
    0x20002309   0x00000003   PAD
    0x2000230c   0x00000010   Data   RW         4949    .data               bsp.o
    0x2000231c   0x00000008   Data   RW         5053    .data               bsp_btn_ble.o
    0x20002324   0x00000004   PAD
    0x20002328   0x00000018   Data   RW         5110    .data               app_button.o
    0x20002340   0x00000030   Data   RW         5321    .data               fds.o
    0x20002370   0x00000008   Data   RW         5721    .data               nrf_fstorage_sd.o
    0x20002378   0x00000001   Data   RW         5843    .data               nrf_log_backend_rtt.o
    0x20002379   0x00000003   PAD
    0x2000237c   0x00000018   Data   RW         5945    .data               nrf_log_backend_uart.o
    0x20002394   0x00000008   Data   RW         6016    .data               nrf_log_default_backends.o
    0x2000239c   0x00000008   Data   RW         6017    .data               nrf_log_default_backends.o
    0x200023a4   0x00000004   Data   RW         6090    .data               nrf_log_frontend.o
    0x200023a8   0x00000008   Data   RW         6091    .data               nrf_log_frontend.o
    0x200023b0   0x00000008   Data   RW         6092    .data               nrf_log_frontend.o
    0x200023b8   0x00000040   Data   RW         6254    .data               nrf_log_str_formatter.o
    0x200023f8   0x00000008   Data   RW         6390    .data               nrf_pwr_mgmt.o
    0x20002400   0x00000020   Data   RW         6713    .data               app_timer2.o
    0x20002420   0x00000004   Data   RW         6714    .data               app_timer2.o
    0x20002424   0x0000000c   Data   RW         6864    .data               drv_rtc.o
    0x20002430   0x00000003   Data   RW         7289    .data               nrf_sdh.o
    0x20002433   0x00000001   Data   RW         7402    .data               nrf_sdh_ble.o
    0x20002434   0x0000000c   Data   RW         8209    .data               nrf_drv_uart.o
    0x20002440   0x00000008   Data   RW         8270    .data               nrfx_clock.o
    0x20002448   0x00000008   Data   RW         8747    .data               nrfx_rtc.o
    0x20002450   0x00000008   Data   RW         9333    .data               nrfx_prs.o
    0x20002458   0x0000000c   Data   RW         9548    .data               main.o
    0x20002464   0x00000004   Data   RW         9807    .data               system_nrf52.o
    0x20002468   0x00000004   Data   RW        10223    .data               mc_w.l(mvars.o)
    0x2000246c   0x00000004   Data   RW        10224    .data               mc_w.l(mvars.o)
    0x20002470   0x00000014   Data   RW         5322    fs_data             fds.o
    0x20002484   0x000002ac   Zero   RW          783    .bss                rfal_rfst25r3911.o
    0x20002730   0x00000010   Zero   RW         1535    .bss                st25r3911_interrupt.o
    0x20002740   0x0000001c   Zero   RW         1857    .bss                ble_dfu.o
    0x2000275c   0x00000028   Zero   RW         2015    .bss                ble_dfu_unbonded.o
    0x20002784   0x00000014   Zero   RW         2072    .bss                cus_drs.o
    0x20002798   0x00000014   Zero   RW         2115    .bss                cus_errs.o
    0x200027ac   0x00000014   Zero   RW         2157    .bss                cus_tss.o
    0x200027c0   0x00000050   Zero   RW         2311    .bss                ble_conn_params.o
    0x20002810   0x0000007c   Zero   RW         2417    .bss                ble_conn_state.o
    0x2000288c   0x000000d8   Zero   RW         3196    .bss                id_manager.o
    0x20002964   0x00000180   Zero   RW         3503    .bss                peer_database.o
    0x20002ae4   0x00000040   Zero   RW         3619    .bss                peer_id.o
    0x20002b24   0x0000000c   Zero   RW         3742    .bss                peer_manager.o
    0x20002b30   0x00000040   Zero   RW         4173    .bss                security_dispatcher.o
    0x20002b70   0x00000020   Zero   RW         4944    .bss                bsp.o
    0x20002b90   0x00000020   Zero   RW         4945    .bss                bsp.o
    0x20002bb0   0x00000009   Zero   RW         4946    .bss                bsp.o
    0x20002bb9   0x00000007   PAD
    0x20002bc0   0x00000020   Zero   RW         4947    .bss                bsp.o
    0x20002be0   0x00000020   Zero   RW         5106    .bss                app_button.o
    0x20002c00   0x00000010   Zero   RW         5107    .bss                app_button.o
    0x20002c10   0x00000010   Zero   RW         5318    .bss                fds.o
    0x20002c20   0x000000e0   Zero   RW         5319    .bss                fds.o
    0x20002d00   0x00000010   Zero   RW         5717    .bss                nrf_fstorage_sd.o
    0x20002d10   0x000000a0   Zero   RW         5718    .bss                nrf_fstorage_sd.o
    0x20002db0   0x00000040   Zero   RW         5840    .bss                nrf_log_backend_rtt.o
    0x20002df0   0x00000040   Zero   RW         5942    .bss                nrf_log_backend_uart.o
    0x20002e30   0x000000c0   Zero   RW         6084    .bss                nrf_log_frontend.o
    0x20002ef0   0x00000080   Zero   RW         6085    .bss                nrf_log_frontend.o
    0x20002f70   0x00000018   Zero   RW         6086    .bss                nrf_log_frontend.o
    0x20002f88   0x00000420   Zero   RW         6087    .bss                nrf_log_frontend.o
    0x200033a8   0x0000000c   Zero   RW         6386    .bss                nrf_pwr_mgmt.o
    0x200033b4   0x00000010   Zero   RW         6709    .bss                app_timer2.o
    0x200033c4   0x00000058   Zero   RW         6710    .bss                app_timer2.o
    0x2000341c   0x0000000c   Zero   RW         7166    .bss                app_util_platform.o
    0x20003428   0x00000288   Zero   RW         7598    .bss                SEGGER_RTT.o
    0x200036b0   0x00000014   Zero   RW         8005    .bss                nrf_drv_clock.o
    0x200036c4   0x00000018   Zero   RW         8161    .bss                nrf_drv_spi.o
    0x200036dc   0x0000005c   Zero   RW         8437    .bss                nrfx_gpiote.o
    0x20003738   0x00000024   Zero   RW         8879    .bss                nrfx_spim.o
    0x2000375c   0x0000002c   Zero   RW         9014    .bss                nrfx_uart.o
    0x20003788   0x00000024   Zero   RW         9192    .bss                nrfx_uarte.o
    0x200037ac   0x00000004   PAD
    0x200037b0   0x00000020   Zero   RW         9543    .bss                main.o
    0x200037d0   0x00000020   Zero   RW         9544    .bss                main.o
    0x200037f0   0x00000454   Zero   RW         9545    .bss                main.o
    0x20003c44   0x00000004   PAD
    0x20003c48   0x00001000   Zero   RW         9796    HEAP                arm_startup_nrf52.o
    0x20004c48   0x00001000   Zero   RW         9795    STACK               arm_startup_nrf52.o


==============================================================================

Image component sizes


      Code (inc. data)   RO Data    RW Data    ZI Data      Debug   Object Name

       378         34          0          0        648       8941   SEGGER_RTT.o
       664         66         27         24         48      18634   app_button.o
        22          0          0          0          0       4793   app_error.o
       132         46          0          0          0      30789   app_error_weak.o
       846         88         38         36        104      18997   app_timer2.o
       124         14          0          0         12      10518   app_util_platform.o
        36          8        512          0       8192        932   arm_startup_nrf52.o
      1338          0          0          0          0      60472   ble_advdata.o
      1076          6          0          0          0      63179   ble_advertising.o
       636         44          8          8         80      15439   ble_conn_params.o
       772         62          8          0        124      15581   ble_conn_state.o
       444         82         32          0         28      25814   ble_dfu.o
         0          0          0          0          0      15728   ble_dfu_bonded.o
       340         32        214          4         40       4877   ble_dfu_unbonded.o
         0          0          0          0          0       2272   ble_link_ctx_manager.o
       464          6          0          0          0      73611   ble_srv_common.o
       358         40          6          0          0      13807   boards.o
       994         84         36         16        105      18671   bsp.o
       276          8          8          8          0       5364   bsp_btn_ble.o
       220         46         24          0         20       4044   cus_drs.o
       220         46         24          0         20       4166   cus_errs.o
       228         44         24          0         20       4168   cus_tss.o
       704         76          6         12          0      52501   drv_rtc.o
      3576        336         24         68        240      87693   fds.o
      2152        552        553         16          0      34076   gatt_cache_manager.o
       686         84        462         12          0      16563   gatts_cache_manager.o
       946         34         32          0        216      21536   id_manager.o
      2260        630         72         12       1172      53407   main.o
       342          0          0          0          0       8650   nrf_atfifo.o
       170          0          0          0          0       5648   nrf_atflags.o
       332          0          0          0          0      10574   nrf_atomic.o
       164          0          0          0          0       8020   nrf_balloc.o
      1714        784        361          0          0      38907   nrf_ble_gatt.o
       276          0          0          0          0       6181   nrf_ble_qwr.o
       312         36         30          0         20      43392   nrf_drv_clock.o
       168         18         16          0         24      15447   nrf_drv_spi.o
       200         26          0         12          0      12572   nrf_drv_uart.o
        50          0          0          0          0       3517   nrf_fprintf.o
       866          4         16          0          0       6530   nrf_fprintf_format.o
       972        432        194          0          0       9772   nrf_fstorage.o
       798         82         72          8        176      18191   nrf_fstorage_sd.o
       112         18         18          1         64      14429   nrf_log_backend_rtt.o
       200          0          0          0          0       3073   nrf_log_backend_serial.o
       232         44         44         24         64      20934   nrf_log_backend_uart.o
        52          6         65         16          0       3437   nrf_log_default_backends.o
      1496        128         44         20       1400      31683   nrf_log_frontend.o
       570        108        102         64          0       5632   nrf_log_str_formatter.o
       346          0          0          0          0      10407   nrf_memobj.o
       292         42         53          8         12      42966   nrf_pwr_mgmt.o
        28          0          0          0          0       2359   nrf_ringbuf.o
       560         60        104          3          0      47364   nrf_sdh.o
       672        230        468          1          0       7601   nrf_sdh_ble.o
        60          4         56          0          0       4044   nrf_sdh_soc.o
        78          0          0          0          0       4440   nrf_section_iter.o
        84          0         17          0          0       5225   nrf_sortlist.o
        76         10       1319          0          0       2719   nrf_strerror.o
       242         32         14          8          0      46988   nrfx_clock.o
      1268        106         19          0         92      65709   nrfx_gpiote.o
       112         16         12          8          0       4472   nrfx_prs.o
       188         12         12          8          0       8374   nrfx_rtc.o
       846         22         17          0         36      23378   nrfx_spim.o
      1310         42         17          0         44      26853   nrfx_uart.o
      1312         42         18          0         36      23643   nrfx_uarte.o
      1172        144        281         12          0      18170   peer_data_storage.o
      1434        260        425          8        384      19430   peer_database.o
       314         38          0          0         64       9087   peer_id.o
      1356        364        217         16         12      17845   peer_manager.o
         0          0         29          0          0       2464   peer_manager_handler.o
       234          0          0          0          0       5431   pm_buffer.o
       236         14        399          8          0     105507   rfal_analogConfig.o
        40          0          0          0          0       1428   rfal_crc.o
       882         14          0          6          0       7835   rfal_iso15693_2.o
         0          0          0          0          0       1124   rfal_nfcv.o
      3162        170          0          0        684      36327   rfal_rfst25r3911.o
      1960        274        835          5         64      27555   security_dispatcher.o
      1366        122        411         21          0      54412   security_manager.o
       586          0          0          0          0      15928   st25r3911.o
       606          0          0          0          0      16173   st25r3911_com.o
       198         26          0          0         16       6077   st25r3911_interrupt.o
       920         72          0          4          0      43578   system_nrf52.o
        32          0          0          0          0       1869   timer.o

    ----------------------------------------------------------------------
     50976       6270       7912        492      14276    1669944   Object Totals
         0          0         32          0          0          0   (incl. Generated)
        86          0         85         15         15          0   (incl. Padding)

    ----------------------------------------------------------------------

      Code (inc. data)   RO Data    RW Data    ZI Data      Debug   Library Member Name

        86          0          0          0          0          0   __dczerorl2.o
         8          4        133          0          0         68   ctype_o.o
         0          0          0          0          0          0   entry.o
         0          0          0          0          0          0   entry10a.o
         0          0          0          0          0          0   entry11a.o
         8          4          0          0          0          0   entry2.o
         4          0          0          0          0          0   entry5.o
         0          0          0          0          0          0   entry7b.o
         0          0          0          0          0          0   entry8b.o
         8          4          0          0          0          0   entry9a.o
        30          0          0          0          0          0   handlers.o
        36          8          0          0          0         68   init.o
        30          0          0          0          0         68   llshl.o
        32          0          0          0          0         68   llushr.o
       108         16          0          0          0         84   malloc.o
        26          0          0          0          0         80   memcmp.o
        64          0          0          0          0         76   memmovea.o
        36          0          0          0          0        108   memseta.o
         0          0          0          8          0          0   mvars.o
      1172         50          0          0          0        420   printf8.o
        18          0          0          0          0         68   strcpy.o
        14          0          0          0          0         68   strlen.o
        98          0          0          0          0         92   uldiv.o

    ----------------------------------------------------------------------
      1784         86        136          8          0       1268   Library Totals
         6          0          3          0          0          0   (incl. Padding)

    ----------------------------------------------------------------------

      Code (inc. data)   RO Data    RW Data    ZI Data      Debug   Library Name

      1778         86        133          8          0       1268   mc_w.l

    ----------------------------------------------------------------------
      1784         86        136          8          0       1268   Library Totals

    ----------------------------------------------------------------------

==============================================================================


      Code (inc. data)   RO Data    RW Data    ZI Data      Debug   

     52760       6356       8048        500      14276    1607224   Grand Totals
     52760       6356       8048         96      14276    1607224   ELF Image Totals (compressed)
     52760       6356       8048         96          0          0   ROM Totals

==============================================================================

    Total RO  Size (Code + RO Data)                60808 (  59.38kB)
    Total RW  Size (RW Data + ZI Data)             14776 (  14.43kB)
    Total ROM Size (Code + RO Data + RW Data)      60904 (  59.48kB)

==============================================================================

